Archive member included to satisfy reference by file (symbol)

c:/arm_tools/5.4 2016q3/bin/../lib/gcc/arm-none-eabi/5.4.1/../../../../arm-none-eabi/lib/armv7-m\libc.a(lib_a-exit.o)
                              c:/arm_tools/5.4 2016q3/bin/../lib/gcc/arm-none-eabi/5.4.1/../../../../arm-none-eabi/lib/armv7-m/crt0.o (exit)
c:/arm_tools/5.4 2016q3/bin/../lib/gcc/arm-none-eabi/5.4.1/../../../../arm-none-eabi/lib/armv7-m\libc.a(lib_a-impure.o)
                              c:/arm_tools/5.4 2016q3/bin/../lib/gcc/arm-none-eabi/5.4.1/../../../../arm-none-eabi/lib/armv7-m\libc.a(lib_a-exit.o) (_global_impure_ptr)
c:/arm_tools/5.4 2016q3/bin/../lib/gcc/arm-none-eabi/5.4.1/../../../../arm-none-eabi/lib/armv7-m\libc.a(lib_a-init.o)
                              c:/arm_tools/5.4 2016q3/bin/../lib/gcc/arm-none-eabi/5.4.1/../../../../arm-none-eabi/lib/armv7-m/crt0.o (__libc_init_array)
c:/arm_tools/5.4 2016q3/bin/../lib/gcc/arm-none-eabi/5.4.1/../../../../arm-none-eabi/lib/armv7-m\libc.a(lib_a-memcpy.o)
                              ..\obj\ip_frag.o (memcpy)
c:/arm_tools/5.4 2016q3/bin/../lib/gcc/arm-none-eabi/5.4.1/../../../../arm-none-eabi/lib/armv7-m\libc.a(lib_a-memset.o)
                              c:/arm_tools/5.4 2016q3/bin/../lib/gcc/arm-none-eabi/5.4.1/../../../../arm-none-eabi/lib/armv7-m/crt0.o (memset)
c:/arm_tools/5.4 2016q3/bin/../lib/gcc/arm-none-eabi/5.4.1/../../../../arm-none-eabi/lib/armv7-m\libc.a(lib_a-strcmp.o)
                              ..\obj\board.o (strcmp)
c:/arm_tools/5.4 2016q3/bin/../lib/gcc/arm-none-eabi/5.4.1/../../../../arm-none-eabi/lib/armv7-m\libc.a(lib_a-__call_atexit.o)
                              c:/arm_tools/5.4 2016q3/bin/../lib/gcc/arm-none-eabi/5.4.1/../../../../arm-none-eabi/lib/armv7-m\libc.a(lib_a-exit.o) (__call_exitprocs)
c:/arm_tools/5.4 2016q3/bin/../lib/gcc/arm-none-eabi/5.4.1/../../../../arm-none-eabi/lib/armv7-m\libc.a(lib_a-atexit.o)
                              c:/arm_tools/5.4 2016q3/bin/../lib/gcc/arm-none-eabi/5.4.1/../../../../arm-none-eabi/lib/armv7-m\libc.a(lib_a-__call_atexit.o) (atexit)
c:/arm_tools/5.4 2016q3/bin/../lib/gcc/arm-none-eabi/5.4.1/../../../../arm-none-eabi/lib/armv7-m\libc.a(lib_a-fini.o)
                              c:/arm_tools/5.4 2016q3/bin/../lib/gcc/arm-none-eabi/5.4.1/../../../../arm-none-eabi/lib/armv7-m\libc.a(lib_a-__call_atexit.o) (__libc_fini_array)
c:/arm_tools/5.4 2016q3/bin/../lib/gcc/arm-none-eabi/5.4.1/../../../../arm-none-eabi/lib/armv7-m\libc.a(lib_a-__atexit.o)
                              c:/arm_tools/5.4 2016q3/bin/../lib/gcc/arm-none-eabi/5.4.1/../../../../arm-none-eabi/lib/armv7-m\libc.a(lib_a-atexit.o) (__register_exitproc)
c:/arm_tools/5.4 2016q3/bin/../lib/gcc/arm-none-eabi/5.4.1/../../../../arm-none-eabi/lib/armv7-m\libnosys.a(_exit.o)
                              c:/arm_tools/5.4 2016q3/bin/../lib/gcc/arm-none-eabi/5.4.1/../../../../arm-none-eabi/lib/armv7-m\libc.a(lib_a-exit.o) (_exit)

Allocating common symbols
Common symbol       size              file

mStatusAndControlRegs
                    0x9               ..\obj\MCR20A_Phy.o
heart_startTime     0x4               ..\obj\stack_entry.o
netif_list          0x4               ..\obj\netif.o
RX_Frame_Descriptor
                    0xc               ..\obj\stm32f2x7_eth.o
debug_level         0x1               ..\obj\debug.o
a_aps_rx_data       0x28              ..\obj\aps.o
xfunc_in            0x4               ..\obj\xprintf.o
apsEndPoints        0x6               ..\obj\aps.o
joinState           0x1               ..\obj\stack_entry.o
tcp_active_pcbs     0x4               ..\obj\tcp.o
phyState            0x1               ..\obj\phy.o
udp_pcbs            0x4               ..\obj\udp.o
current_netif       0x4               ..\obj\ip.o
zep_pib             0x8               ..\obj\zep.o
apsState            0x1               ..\obj\aps.o
tcp_ticks           0x4               ..\obj\tcp.o
tcp_listen_pcbs     0x4               ..\obj\tcp.o
DMARxDescToGet      0x4               ..\obj\stm32f2x7_eth.o
xfunc_out           0x4               ..\obj\xprintf.o
nwk_pib             0x4               ..\obj\nwk.o
DMATxDescToSet      0x4               ..\obj\stm32f2x7_eth.o
zg_get_settings     0x1               ..\obj\stack_entry.o
tcp_tmp_pcb         0x4               ..\obj\tcp.o
app_startTime       0x4               ..\obj\stack_entry.o
my_timer            0x4               ..\obj\stack_entry.o
tcp_input_pcb       0x4               ..\obj\tcp_in.o
macTxFSM_status     0x1               ..\obj\mac.o
a_mac_rx_data       0x1c              ..\obj\mac.o
DMATxDscrTab        0x40              ..\obj\stm32f2x7_eth.o
current_header      0x4               ..\obj\ip.o
a_nwk_service       0x10              ..\obj\nwk.o
mac_addr_tbl        0xa               ..\obj\halNeighbor.o
Rx_Buff             0xbe8             ..\obj\stm32f2x7_eth.o
irq                 0x3               ..\obj\halStack.o
tcp_bound_pcbs      0x4               ..\obj\tcp.o
[...]
Memory Configuration

Name             Origin             Length             Attributes
rom              0x08020000         0x000e0000         xr
ram              0x20000000         0x00020000         xrw
*default*        0x00000000         0xffffffff

Linker script and memory map

LOAD c:/arm_tools/5.4 2016q3/bin/../lib/gcc/arm-none-eabi/5.4.1/armv7-m/crti.o
LOAD c:/arm_tools/5.4 2016q3/bin/../lib/gcc/arm-none-eabi/5.4.1/armv7-m/crtbegin.o
LOAD c:/arm_tools/5.4 2016q3/bin/../lib/gcc/arm-none-eabi/5.4.1/../../../../arm-none-eabi/lib/armv7-m/crt0.o
                0x20020000                _eram = 0x20020000

.text           0x08020000     0x7d18
 *(.isr_vector)
 .isr_vector    0x08020000      0x184 ..\obj\startup_stm32f207xx.o
                0x08020000                g_pfnVectors
 *(.text*)
 .text          0x08020184       0x5c c:/arm_tools/5.4 2016q3/bin/../lib/gcc/arm-none-eabi/5.4.1/armv7-m/crtbegin.o
 .text.SPI1_Init
                0x080201e0       0xd8 ..\obj\spi.o
                0x080201e0                SPI1_Init
 .text.SPIx_WriteReadByte
                0x080202b8       0x4c ..\obj\spi.o
                0x080202b8                SPIx_WriteReadByte
 .text.SPIx_MasterSpeed
                0x08020304       0xbc ..\obj\spi.o
                0x08020304                SPIx_MasterSpeed
 .text.SPIx_MasterSetCR
                0x080203c0       0x1c ..\obj\spi.o
                0x080203c0                SPIx_MasterSetCR
 .text.SPIx_MasterGetCR
                0x080203dc       0x18 ..\obj\spi.o
                0x080203dc                SPIx_MasterGetCR
 .text.NVIC_SetPriority
                0x080203f4       0x54 ..\obj\delay.o
 .text.SysTick_Config
                0x08020448       0x44 ..\obj\delay.o
 .text.TimingInc
                0x0802048c       0x1c ..\obj\delay.o
                0x0802048c                TimingInc
 .text.GetUsFromTicks
                0x080204a8       0x50 ..\obj\delay.o
                0x080204a8                GetUsFromTicks
 .text.GetTimeUS
                0x080204f8       0x34 ..\obj\delay.o
                0x080204f8                GetTimeUS
 .text.GetTimeMS
                0x0802052c       0x14 ..\obj\delay.o
                0x0802052c                GetTimeMS
 .text.GetTick  0x08020540       0x1c ..\obj\delay.o
                0x08020540                GetTick
 .text.SysTick_Init
                0x0802055c       0x1c ..\obj\delay.o
                0x0802055c                SysTick_Init
 .text.delayMS  0x08020578       0x2c ..\obj\delay.o
                0x08020578                delayMS
 .text.SysTick_Handler
                0x080205a4        0xc ..\obj\delay.o
                0x080205a4                SysTick_Handler
 .text.USART_Init
                0x080205b0      0x174 ..\obj\stm32f2xx_usart.o
                0x080205b0                USART_Init
 .text.USART_Cmd
                0x08020724       0x40 ..\obj\stm32f2xx_usart.o
                0x08020724                USART_Cmd
 .text.USART_SendData
                0x08020764       0x24 ..\obj\stm32f2xx_usart.o
                0x08020764                USART_SendData
 .text.USART_GetFlagStatus
                0x08020788       0x38 ..\obj\stm32f2xx_usart.o
                0x08020788                USART_GetFlagStatus
 .text.Reset_Handler
                0x080207c0       0x50 ..\obj\startup_stm32f207xx.o
                0x080207c0                Reset_Handler
 .text.Default_Handler
                0x08020810        0x2 ..\obj\startup_stm32f207xx.o
                0x08020810                HASH_RNG_IRQHandler
                0x08020810                EXTI2_IRQHandler
                0x08020810                TIM8_CC_IRQHandler
                0x08020810                TIM1_CC_IRQHandler
                0x08020810                DMA2_Stream5_IRQHandler
                0x08020810                DMA1_Stream5_IRQHandler
                0x08020810                PVD_IRQHandler
                0x08020810                SDIO_IRQHandler
                0x08020810                CAN2_RX1_IRQHandler
                0x08020810                EXTI3_IRQHandler
                0x08020810                TIM8_TRG_COM_TIM14_IRQHandler
                0x08020810                TIM1_UP_TIM10_IRQHandler
                0x08020810                TIM8_UP_TIM13_IRQHandler
                0x08020810                I2C3_ER_IRQHandler
                0x08020810                EXTI0_IRQHandler
                0x08020810                I2C2_EV_IRQHandler
                0x08020810                DMA1_Stream2_IRQHandler
                0x08020810                CAN1_RX0_IRQHandler
                0x08020810                OTG_HS_WKUP_IRQHandler
                0x08020810                CAN2_SCE_IRQHandler
                0x08020810                DMA2_Stream2_IRQHandler
                0x08020810                SPI1_IRQHandler
                0x08020810                TIM6_DAC_IRQHandler
                0x08020810                TIM1_BRK_TIM9_IRQHandler
                0x08020810                DCMI_IRQHandler
                0x08020810                CAN2_RX0_IRQHandler
                0x08020810                DMA2_Stream3_IRQHandler
                0x08020810                USART6_IRQHandler
                0x08020810                USART3_IRQHandler
                0x08020810                CAN1_RX1_IRQHandler
                0x08020810                UART5_IRQHandler
                0x08020810                DMA2_Stream0_IRQHandler
                0x08020810                TIM4_IRQHandler
                0x08020810                I2C1_EV_IRQHandler
                0x08020810                DMA1_Stream6_IRQHandler
                0x08020810                DMA1_Stream1_IRQHandler
                0x08020810                UART4_IRQHandler
                0x08020810                TIM3_IRQHandler
                0x08020810                RCC_IRQHandler
                0x08020810                TIM8_BRK_TIM12_IRQHandler
                0x08020810                Default_Handler
                0x08020810                EXTI15_10_IRQHandler
                0x08020810                ADC_IRQHandler
                0x08020810                DMA1_Stream7_IRQHandler
                0x08020810                TIM7_IRQHandler
                0x08020810                CAN2_TX_IRQHandler
                0x08020810                TIM5_IRQHandler
                0x08020810                DMA2_Stream7_IRQHandler
                0x08020810                I2C3_EV_IRQHandler
                0x08020810                EXTI9_5_IRQHandler
                0x08020810                RTC_WKUP_IRQHandler
                0x08020810                ETH_WKUP_IRQHandler
                0x08020810                SPI2_IRQHandler
                0x08020810                OTG_HS_EP1_IN_IRQHandler
                0x08020810                DMA1_Stream0_IRQHandler
                0x08020810                CAN1_TX_IRQHandler
                0x08020810                EXTI4_IRQHandler
                0x08020810                FSMC_IRQHandler
                0x08020810                ETH_IRQHandler
                0x08020810                OTG_HS_EP1_OUT_IRQHandler
                0x08020810                WWDG_IRQHandler
                0x08020810                OTG_FS_WKUP_IRQHandler
                0x08020810                TIM1_TRG_COM_TIM11_IRQHandler
                0x08020810                OTG_HS_IRQHandler
                0x08020810                USART2_IRQHandler
                0x08020810                I2C2_ER_IRQHandler
                0x08020810                DMA2_Stream1_IRQHandler
                0x08020810                CAN1_SCE_IRQHandler
                0x08020810                FLASH_IRQHandler
                0x08020810                DMA2_Stream4_IRQHandler
                0x08020810                USART1_IRQHandler
                0x08020810                OTG_FS_IRQHandler
                0x08020810                SPI3_IRQHandler
                0x08020810                DMA1_Stream4_IRQHandler
                0x08020810                I2C1_ER_IRQHandler
                0x08020810                DMA2_Stream6_IRQHandler
                0x08020810                DMA1_Stream3_IRQHandler
 *fill*         0x08020812        0x2 
 .text.MCR20Drv_Init
                0x08020814       0x2c ..\obj\MCR20Drv.o
                0x08020814                MCR20Drv_Init
 .text.MCR20Drv_DirectAccessSPIWrite
                0x08020840       0x60 ..\obj\MCR20Drv.o
                0x08020840                MCR20Drv_DirectAccessSPIWrite
 .text.MCR20Drv_DirectAccessSPIMultiByteWrite
                0x080208a0       0x6c ..\obj\MCR20Drv.o
                0x080208a0                MCR20Drv_DirectAccessSPIMultiByteWrite
 .text.MCR20Drv_PB_SPIBurstWrite
                0x0802090c       0x60 ..\obj\MCR20Drv.o
                0x0802090c                MCR20Drv_PB_SPIBurstWrite
 .text.MCR20Drv_DirectAccessSPIRead
                0x0802096c       0x60 ..\obj\MCR20Drv.o
                0x0802096c                MCR20Drv_DirectAccessSPIRead
 .text.MCR20Drv_DirectAccessSPIMultiByteRead
                0x080209cc       0x78 ..\obj\MCR20Drv.o
                0x080209cc                MCR20Drv_DirectAccessSPIMultiByteRead
 .text.MCR20Drv_PB_SPIBurstRead
                0x08020a44       0x64 ..\obj\MCR20Drv.o
                0x08020a44                MCR20Drv_PB_SPIBurstRead
 .text.MCR20Drv_IndirectAccessSPIWrite
                0x08020aa8       0x60 ..\obj\MCR20Drv.o
                0x08020aa8                MCR20Drv_IndirectAccessSPIWrite
 .text.MCR20Drv_IndirectAccessSPIMultiByteWrite
                0x08020b08       0x74 ..\obj\MCR20Drv.o
                0x08020b08                MCR20Drv_IndirectAccessSPIMultiByteWrite
 .text.MCR20Drv_IndirectAccessSPIRead
                0x08020b7c       0x64 ..\obj\MCR20Drv.o
                0x08020b7c                MCR20Drv_IndirectAccessSPIRead
 .text.MCR20Drv_IRQ_Disable
                0x08020be0       0x24 ..\obj\MCR20Drv.o
                0x08020be0                MCR20Drv_IRQ_Disable
 .text.MCR20Drv_IRQ_Enable
                0x08020c04       0x2c ..\obj\MCR20Drv.o
                0x08020c04                MCR20Drv_IRQ_Enable
 .text.MCR20Drv_IRQ_Clear
                0x08020c30       0x10 ..\obj\MCR20Drv.o
                0x08020c30                MCR20Drv_IRQ_Clear
 .text.MCR20Drv_RST_B_Assert
                0x08020c40       0x14 ..\obj\MCR20Drv.o
                0x08020c40                MCR20Drv_RST_B_Assert
 .text.MCR20Drv_RST_B_Deassert
                0x08020c54       0x14 ..\obj\MCR20Drv.o
                0x08020c54                MCR20Drv_RST_B_Deassert
 .text.MCR20Drv_RESET
                0x08020c68       0x3c ..\obj\MCR20Drv.o
                0x08020c68                MCR20Drv_RESET
 .text.MCR20Drv_Set_CLK_OUT_Freq
                0x08020ca4       0x38 ..\obj\MCR20Drv.o
                0x08020ca4                MCR20Drv_Set_CLK_OUT_Freq
 .text.SPI_Init
                0x08020cdc       0x88 ..\obj\stm32f2xx_spi.o
                0x08020cdc                SPI_Init
 .text.SPI_Cmd  0x08020d64       0x40 ..\obj\stm32f2xx_spi.o
                0x08020d64                SPI_Cmd
 .text.SPI_I2S_ReceiveData
                0x08020da4       0x18 ..\obj\stm32f2xx_spi.o
                0x08020da4                SPI_I2S_ReceiveData
 .text.SPI_I2S_SendData
                0x08020dbc       0x1c ..\obj\stm32f2xx_spi.o
                0x08020dbc                SPI_I2S_SendData
 .text.RNG_Cmd  0x08020dd8       0x38 ..\obj\stm32f2xx_rng.o
                0x08020dd8                RNG_Cmd
 .text.RNG_GetRandomNumber
                0x08020e10       0x14 ..\obj\stm32f2xx_rng.o
                0x08020e10                RNG_GetRandomNumber
 .text.RNG_GetFlagStatus
                0x08020e24       0x34 ..\obj\stm32f2xx_rng.o
                0x08020e24                RNG_GetFlagStatus
 .text.nwkInit  0x08020e58       0x34 ..\obj\nwk.o
                0x08020e58                nwkInit
 .text.nwkFSM   0x08020e8c      0x29c ..\obj\nwk.o
                0x08020e8c                nwkFSM
 .text.nwkTxData
                0x08021128      0x1c4 ..\obj\nwk.o
                0x08021128                nwkTxData
 .text.nwkRxFSM
                0x080212ec       0xcc ..\obj\nwk.o
 .text.nwkRxBusy
                0x080213b8       0x20 ..\obj\nwk.o
                0x080213b8                nwkRxBusy
 .text.nwkRxHandoff
                0x080213d8       0x3c ..\obj\nwk.o
                0x080213d8                nwkRxHandoff
 .text.nwkParseHdr
                0x08021414       0x74 ..\obj\nwk.o
 .text.nwkFindParentSADDR
                0x08021488       0x94 ..\obj\nwk.o
                0x08021488                nwkFindParentSADDR
 .text.nwkGetHopsToDest
                0x0802151c      0x174 ..\obj\nwk.o
                0x0802151c                nwkGetHopsToDest
 .text.FLASH_Unlock
                0x08021690       0x2c ..\obj\stm32f2xx_flash.o
                0x08021690                FLASH_Unlock
 .text.FLASH_Lock
                0x080216bc       0x1c ..\obj\stm32f2xx_flash.o
                0x080216bc                FLASH_Lock
 .text.FLASH_EraseSector
                0x080216d8       0xc0 ..\obj\stm32f2xx_flash.o
                0x080216d8                FLASH_EraseSector
 .text.FLASH_ProgramWord
                0x08021798       0x68 ..\obj\stm32f2xx_flash.o
                0x08021798                FLASH_ProgramWord
 .text.FLASH_ClearFlag
                0x08021800       0x1c ..\obj\stm32f2xx_flash.o
                0x08021800                FLASH_ClearFlag
 .text.FLASH_GetStatus
                0x0802181c       0x68 ..\obj\stm32f2xx_flash.o
                0x0802181c                FLASH_GetStatus
 .text.FLASH_WaitForLastOperation
                0x08021884       0x30 ..\obj\stm32f2xx_flash.o
                0x08021884                FLASH_WaitForLastOperation
 .text.TIM_TimeBaseInit
                0x080218b4       0xd4 ..\obj\stm32f2xx_tim.o
                0x080218b4                TIM_TimeBaseInit
 .text.TIM_ARRPreloadConfig
                0x08021988       0x40 ..\obj\stm32f2xx_tim.o
                0x08021988                TIM_ARRPreloadConfig
 .text.TIM_Cmd  0x080219c8       0x40 ..\obj\stm32f2xx_tim.o
                0x080219c8                TIM_Cmd
 .text.TIM_ITConfig
                0x08021a08       0x48 ..\obj\stm32f2xx_tim.o
                0x08021a08                TIM_ITConfig
 .text.TIM_ClearITPendingBit
                0x08021a50       0x20 ..\obj\stm32f2xx_tim.o
                0x08021a50                TIM_ClearITPendingBit
 .text.System_Init
                0x08021a70       0x24 ..\obj\main.o
                0x08021a70                System_Init
 .text.Board_Init
                0x08021a94       0x2c ..\obj\main.o
                0x08021a94                Board_Init
 .text.main     0x08021ac0       0x18 ..\obj\main.o
                0x08021ac0                main
 .text.Board_COMInit
                0x08021ad8      0x130 ..\obj\board.o
                0x08021ad8                Board_COMInit
 .text.Board_LEDInit
                0x08021c08       0x64 ..\obj\board.o
                0x08021c08                Board_LEDInit
 .text.Board_LedOn
                0x08021c6c       0x30 ..\obj\board.o
                0x08021c6c                Board_LedOn
 .text.Board_LedOff
                0x08021c9c       0x30 ..\obj\board.o
                0x08021c9c                Board_LedOff
 .text.Board_PWM_Pin_Init
                0x08021ccc       0x3c ..\obj\board.o
                0x08021ccc                Board_PWM_Pin_Init
 .text.Board_PWM_Init
                0x08021d08       0x78 ..\obj\board.o
                0x08021d08                Board_PWM_Init
 .text.Board_PWM_On
                0x08021d80       0x14 ..\obj\board.o
                0x08021d80                Board_PWM_On
 .text.Board_PWM_SetCount
                0x08021d94       0x38 ..\obj\board.o
                0x08021d94                Board_PWM_SetCount
 .text.Board_PWM_IsOff
                0x08021dcc       0x20 ..\obj\board.o
                0x08021dcc                Board_PWM_IsOff
 .text.TIM2_IRQHandler
                0x08021dec      0x138 ..\obj\board.o
                0x08021dec                TIM2_IRQHandler
 .text.TAMP_STAMP_IRQHandler
                0x08021f24       0x20 ..\obj\board.o
                0x08021f24                TAMP_STAMP_IRQHandler
 .text.RTC_Alarm_IRQHandler
                0x08021f44       0x10 ..\obj\board.o
                0x08021f44                RTC_Alarm_IRQHandler
 .text.Board_Flash_Init
                0x08021f54       0x24 ..\obj\board.o
                0x08021f54                Board_Flash_Init
 .text.Board_Mac_AutoGen
                0x08021f78       0x54 ..\obj\board.o
                0x08021f78                Board_Mac_AutoGen
 .text.Board_Mac_Get
                0x08021fcc       0x38 ..\obj\board.o
                0x08021fcc                Board_Mac_Get
 .text.Board_Mac_Get_Ptr
                0x08022004       0x14 ..\obj\board.o
                0x08022004                Board_Mac_Get_Ptr
 .text.Board_Flash_Write
                0x08022018       0x50 ..\obj\board.o
                0x08022018                Board_Flash_Write
 .text.Board_DeviceInfo_Write
                0x08022068       0x18 ..\obj\board.o
                0x08022068                Board_DeviceInfo_Write
 .text.Board_DeviceInfo_Read
                0x08022080       0x20 ..\obj\board.o
                0x08022080                Board_DeviceInfo_Read
 .text.Board_DeviceInfo_Get
                0x080220a0       0x14 ..\obj\board.o
                0x080220a0                Board_DeviceInfo_Get
 .text.Board_DeviceInfo_Print
                0x080220b4      0x114 ..\obj\board.o
                0x080220b4                Board_DeviceInfo_Print
 .text.Board_Network_Set
                0x080221c8      0x170 ..\obj\board.o
                0x080221c8                Board_Network_Set
 .text.Board_Network_SetDefault
                0x08022338       0x8c ..\obj\board.o
                0x08022338                Board_Network_SetDefault
 .text.Board_DeviceInfo_SetDefault
                0x080223c4       0x90 ..\obj\board.o
                0x080223c4                Board_DeviceInfo_SetDefault
 .text.Board_DeviceInfo_Init
                0x08022454       0x54 ..\obj\board.o
                0x08022454                Board_DeviceInfo_Init
 .text.aoti     0x080224a8       0x40 ..\obj\board.o
                0x080224a8                aoti
 .text.Board_Version_Init
                0x080224e8       0xf0 ..\obj\board.o
                0x080224e8                Board_Version_Init
 .text.Board_Version_Print
                0x080225d8       0x3c ..\obj\board.o
                0x080225d8                Board_Version_Print
 .text.Board_Version_Get
                0x08022614       0x14 ..\obj\board.o
                0x08022614                Board_Version_Get
 .text.ntInitAddressMap
                0x08022628       0x3c ..\obj\neighbor.o
                0x08022628                ntInitAddressMap
 .text.ntAddOurselvesToAddressTable
                0x08022664       0x2c ..\obj\neighbor.o
                0x08022664                ntAddOurselvesToAddressTable
 .text.ntCheckAddressMapEntry
                0x08022690       0xb8 ..\obj\neighbor.o
                0x08022690                ntCheckAddressMapEntry
 .text.ntNewAddressMapEntry
                0x08022748       0xb0 ..\obj\neighbor.o
                0x08022748                ntNewAddressMapEntry
 .text.ntGetCskip
                0x080227f8       0x78 ..\obj\neighbor.o
                0x080227f8                ntGetCskip
 .text.ntGetMaxSADDR
                0x08022870       0x30 ..\obj\neighbor.o
                0x08022870                ntGetMaxSADDR
 .text.zepInit  0x080228a0       0x20 ..\obj\zep.o
                0x080228a0                zepInit
 .text.zepFSM   0x080228c0       0x50 ..\obj\zep.o
                0x080228c0                zepFSM
 .text.zepHandleRxPacket
                0x08022910       0x8c ..\obj\zep.o
                0x08022910                zepHandleRxPacket
 .text.zepCommonFmt
                0x0802299c       0x84 ..\obj\zep.o
 .text.zepFmtPing
                0x08022a20       0x60 ..\obj\zep.o
                0x08022a20                zepFmtPing
 .text.zepFmtAlarm
                0x08022a80       0x48 ..\obj\zep.o
                0x08022a80                zepFmtAlarm
 .text.zepFmtEndDeviceAnnounce
                0x08022ac8       0x60 ..\obj\zep.o
                0x08022ac8                zepFmtEndDeviceAnnounce
 .text.zepFmtNodeInfoRsp
                0x08022b28       0xf4 ..\obj\zep.o
                0x08022b28                zepFmtNodeInfoRsp
 .text.spi_master_init
                0x08022c1c       0x50 ..\obj\MCR20A_port.o
                0x08022c1c                spi_master_init
 .text.spi_master_configure_speed
                0x08022c6c       0x44 ..\obj\MCR20A_port.o
                0x08022c6c                spi_master_configure_speed
 .text.spi_master_transfer
                0x08022cb0       0x7c ..\obj\MCR20A_port.o
                0x08022cb0                spi_master_transfer
 .text.spi_cs_init
                0x08022d2c       0x38 ..\obj\MCR20A_port.o
                0x08022d2c                spi_cs_init
 .text.spi_cs_enable
                0x08022d64       0x14 ..\obj\MCR20A_port.o
                0x08022d64                spi_cs_enable
 .text.spi_cs_disable
                0x08022d78       0x14 ..\obj\MCR20A_port.o
                0x08022d78                spi_cs_disable
 .text.MCR20A_RST_Init
                0x08022d8c       0x38 ..\obj\MCR20A_port.o
                0x08022d8c                MCR20A_RST_Init
 .text.MCR20A_IRQ_Init
                0x08022dc4       0x84 ..\obj\MCR20A_port.o
                0x08022dc4                MCR20A_IRQ_Init
 .text.MCR20A_IRQ_Disable
                0x08022e48       0x28 ..\obj\MCR20A_port.o
                0x08022e48                MCR20A_IRQ_Disable
 .text.MCR20A_IRQ_Enable
                0x08022e70       0x28 ..\obj\MCR20A_port.o
                0x08022e70                MCR20A_IRQ_Enable
 .text.MCR20A_MCU_RNG_Init
                0x08022e98       0x18 ..\obj\MCR20A_port.o
                0x08022e98                MCR20A_MCU_RNG_Init
 .text.MCR20A_MCU_GetRNG
                0x08022eb0       0x28 ..\obj\MCR20A_port.o
                0x08022eb0                MCR20A_MCU_GetRNG
 .text.Network_Config
                0x08022ed8       0x94 ..\obj\stack_entry.o
                0x08022ed8                Network_Config
 .text.Zigbee_Data_Init
                0x08022f6c       0x68 ..\obj\stack_entry.o
                0x08022f6c                Zigbee_Data_Init
 .text.Zigbee_Recv_Settings
                0x08022fd4       0x3c ..\obj\stack_entry.o
                0x08022fd4                Zigbee_Recv_Settings
 .text.Zigbee_Heart_Beat
                0x08023010       0xa4 ..\obj\stack_entry.o
                0x08023010                Zigbee_Heart_Beat
 .text.Zigbee_Data_Send
                0x080230b4       0x98 ..\obj\stack_entry.o
                0x080230b4                Zigbee_Data_Send
 .text.Zigbee_Idle_Service
                0x0802314c       0x80 ..\obj\stack_entry.o
                0x0802314c                Zigbee_Idle_Service
 .text.Zigbee_Data_Service
                0x080231cc      0x14c ..\obj\stack_entry.o
                0x080231cc                Zigbee_Data_Service
 .text.printJoinInfo
                0x08023318       0x9c ..\obj\stack_entry.o
                0x08023318                printJoinInfo
 .text.stack_main
                0x080233b4      0x274 ..\obj\stack_entry.o
                0x080233b4                stack_main
 .text.usrZepRxCallback
                0x08023628       0x10 ..\obj\stack_entry.o
                0x08023628                usrZepRxCallback
 .text.usrRxPacketCallback
                0x08023638       0x10 ..\obj\stack_entry.o
                0x08023638                usrRxPacketCallback
 .text.NMI_Handler
                0x08023648       0x14 ..\obj\stm32f2xx_it.o
                0x08023648                NMI_Handler
 .text.HardFault_Handler
                0x0802365c       0x10 ..\obj\stm32f2xx_it.o
                0x0802365c                HardFault_Handler
 .text.MemManage_Handler
                0x0802366c       0x10 ..\obj\stm32f2xx_it.o
                0x0802366c                MemManage_Handler
 .text.BusFault_Handler
                0x0802367c       0x10 ..\obj\stm32f2xx_it.o
                0x0802367c                BusFault_Handler
 .text.UsageFault_Handler
                0x0802368c       0x10 ..\obj\stm32f2xx_it.o
                0x0802368c                UsageFault_Handler
 .text.SVC_Handler
                0x0802369c        0xc ..\obj\stm32f2xx_it.o
                0x0802369c                SVC_Handler
 .text.DebugMon_Handler
                0x080236a8        0xc ..\obj\stm32f2xx_it.o
                0x080236a8                DebugMon_Handler
 .text.PendSV_Handler
                0x080236b4        0xc ..\obj\stm32f2xx_it.o
                0x080236b4                PendSV_Handler
 .text.SYSCFG_EXTILineConfig
                0x080236c0       0x84 ..\obj\stm32f2xx_syscfg.o
                0x080236c0                SYSCFG_EXTILineConfig
 .text.xPrintfCom2_Init
                0x08023744       0x50 ..\obj\xprintf.o
                0x08023744                xPrintfCom2_Init
 .text.xUSART2_putchar
                0x08023794       0x34 ..\obj\xprintf.o
                0x08023794                xUSART2_putchar
 .text.xUSART2_putchar_n
                0x080237c8       0x28 ..\obj\xprintf.o
                0x080237c8                xUSART2_putchar_n
 .text.xputc    0x080237f0       0x44 ..\obj\xprintf.o
                0x080237f0                xputc
 .text.xputs    0x08023834       0x28 ..\obj\xprintf.o
                0x08023834                xputs
 .text.xvprintf
                0x0802385c      0x2f8 ..\obj\xprintf.o
 .text.xprintf  0x08023b54       0x24 ..\obj\xprintf.o
                0x08023b54                xprintf
 .text.xUSART2_getchar
                0x08023b78       0x30 ..\obj\xprintf.o
                0x08023b78                xUSART2_getchar
 .text.phyInit  0x08023ba8       0x20 ..\obj\phy.o
                0x08023ba8                phyInit
 .text.phyRxCallback
                0x08023bc8        0xc ..\obj\phy.o
                0x08023bc8                phyRxCallback
 .text.phyTxStartCallBack
                0x08023bd4       0x18 ..\obj\phy.o
                0x08023bd4                phyTxStartCallBack
 .text.phyTxEndCallBack
                0x08023bec       0x1c ..\obj\phy.o
                0x08023bec                phyTxEndCallBack
 .text.phyFSM   0x08023c08       0xd4 ..\obj\phy.o
                0x08023c08                phyFSM
 .text.GPIO_Init
                0x08023cdc      0x11c ..\obj\stm32f2xx_gpio.o
                0x08023cdc                GPIO_Init
 .text.GPIO_SetBits
                0x08023df8       0x1c ..\obj\stm32f2xx_gpio.o
                0x08023df8                GPIO_SetBits
 .text.GPIO_ResetBits
                0x08023e14       0x1c ..\obj\stm32f2xx_gpio.o
                0x08023e14                GPIO_ResetBits
 .text.GPIO_PinAFConfig
                0x08023e30       0x90 ..\obj\stm32f2xx_gpio.o
                0x08023e30                GPIO_PinAFConfig
 .text.SystemInit
                0x08023ec0       0x5c ..\obj\system_stm32f2xx.o
                0x08023ec0                SystemInit
 .text.SystemCoreClockUpdate
                0x08023f1c       0xf8 ..\obj\system_stm32f2xx.o
                0x08023f1c                SystemCoreClockUpdate
 .text.SetSysClock
                0x08024014       0xd8 ..\obj\system_stm32f2xx.o
 .text.RCC_GetClocksFreq
                0x080240ec      0x154 ..\obj\stm32f2xx_rcc.o
                0x080240ec                RCC_GetClocksFreq
 .text.RCC_AHB1PeriphClockCmd
                0x08024240       0x3c ..\obj\stm32f2xx_rcc.o
                0x08024240                RCC_AHB1PeriphClockCmd
 .text.RCC_AHB2PeriphClockCmd
                0x0802427c       0x3c ..\obj\stm32f2xx_rcc.o
                0x0802427c                RCC_AHB2PeriphClockCmd
 .text.RCC_APB1PeriphClockCmd
                0x080242b8       0x3c ..\obj\stm32f2xx_rcc.o
                0x080242b8                RCC_APB1PeriphClockCmd
 .text.RCC_APB2PeriphClockCmd
                0x080242f4       0x3c ..\obj\stm32f2xx_rcc.o
                0x080242f4                RCC_APB2PeriphClockCmd
 .text.halInit  0x08024330       0x24 ..\obj\halStack.o
                0x08024330                halInit
 .text.halInitUart
                0x08024354        0xc ..\obj\halStack.o
                0x08024354                halInitUart
 .text.halUtilMemCopy
                0x08024360       0x3c ..\obj\halStack.o
                0x08024360                halUtilMemCopy
 .text.halGetMACTimer
                0x0802439c       0x18 ..\obj\halStack.o
                0x0802439c                halGetMACTimer
 .text.halGetRandomByte
                0x080243b4       0x20 ..\obj\halStack.o
                0x080243b4                halGetRandomByte
 .text.halSetChannel
                0x080243d4       0x30 ..\obj\halStack.o
                0x080243d4                halSetChannel
 .text.halSetRadioIEEEFrequency
                0x08024404       0x2c ..\obj\halStack.o
                0x08024404                halSetRadioIEEEFrequency
 .text.halGetProcessorIEEEAddress
                0x08024430       0x18 ..\obj\halStack.o
                0x08024430                halGetProcessorIEEEAddress
 .text.halSetRadioIEEEAddress
                0x08024448       0x20 ..\obj\halStack.o
                0x08024448                halSetRadioIEEEAddress
 .text.halSetRadioPANID
                0x08024468       0x1c ..\obj\halStack.o
                0x08024468                halSetRadioPANID
 .text.halSetRadioShortAddr
                0x08024484       0x1c ..\obj\halStack.o
                0x08024484                halSetRadioShortAddr
 .text.halInitRadio
                0x080244a0       0x68 ..\obj\halStack.o
                0x080244a0                halInitRadio
 .text.halIdle  0x08024508        0xc ..\obj\halStack.o
                0x08024508                halIdle
 .text.halTxTimeOut
                0x08024514       0xd4 ..\obj\halStack.o
                0x08024514                halTxTimeOut
 .text.halRadioGetFrame
                0x080245e8       0xdc ..\obj\halStack.o
                0x080245e8                halRadioGetFrame
 .text.IRQ_Handler
                0x080246c4      0x1a4 ..\obj\halStack.o
                0x080246c4                IRQ_Handler
 .text.EXTI1_IRQHandler
                0x08024868       0x38 ..\obj\halStack.o
                0x08024868                EXTI1_IRQHandler
 .text.halSendPacket
                0x080248a0      0x198 ..\obj\halStack.o
                0x080248a0                halSendPacket
 .text.MCR20A_HwInit
                0x08024a38      0x158 ..\obj\MCR20A_Phy.o
                0x08024a38                MCR20A_HwInit
 .text.MCR20A_SetPanId
                0x08024b90       0x34 ..\obj\MCR20A_Phy.o
                0x08024b90                MCR20A_SetPanId
 .text.MCR20A_SetShortAddr
                0x08024bc4       0x34 ..\obj\MCR20A_Phy.o
                0x08024bc4                MCR20A_SetShortAddr
 .text.MCR20A_SetLongAddr
                0x08024bf8       0x34 ..\obj\MCR20A_Phy.o
                0x08024bf8                MCR20A_SetLongAddr
 .text.MCR20A_SetMacRole
                0x08024c2c       0x80 ..\obj\MCR20A_Phy.o
                0x08024c2c                MCR20A_SetMacRole
 .text.MCR20A_SetCcaThreshold
                0x08024cac       0x20 ..\obj\MCR20A_Phy.o
                0x08024cac                MCR20A_SetCcaThreshold
 .text.MCR20A_SetDualPanSamLvl
                0x08024ccc       0x48 ..\obj\MCR20A_Phy.o
                0x08024ccc                MCR20A_SetDualPanSamLvl
 .text.MCR20A_SetCurrentChannelRequest
                0x08024d14       0x74 ..\obj\MCR20A_Phy.o
                0x08024d14                MCR20A_SetCurrentChannelRequest
 .text.MCR20A_SetPwrLevelRequest
                0x08024d88       0x34 ..\obj\MCR20A_Phy.o
                0x08024d88                MCR20A_SetPwrLevelRequest
 .text.MCR20A_RemoveFromIndirect
                0x08024dbc       0x38 ..\obj\MCR20A_Phy.o
                0x08024dbc                MCR20A_RemoveFromIndirect
 .text.MCR20A_LqiConvert
                0x08024df4       0x44 ..\obj\MCR20A_Phy.o
                0x08024df4                MCR20A_LqiConvert
 .text.macInit  0x08024e38       0x8c ..\obj\mac.o
                0x08024e38                macInit
 .text.macInitRadio
                0x08024ec4       0x78 ..\obj\mac.o
                0x08024ec4                macInitRadio
 .text.macSetPANID
                0x08024f3c       0x28 ..\obj\mac.o
                0x08024f3c                macSetPANID
 .text.macSetChannel
                0x08024f64       0x24 ..\obj\mac.o
                0x08024f64                macSetChannel
 .text.macSetShortAddr
                0x08024f88       0x28 ..\obj\mac.o
                0x08024f88                macSetShortAddr
 .text.macFSM   0x08024fb0      0x46c ..\obj\mac.o
                0x08024fb0                macFSM
 .text.macTxCallback
                0x0802541c       0x34 ..\obj\mac.o
                0x0802541c                macTxCallback
 .text.macRxCallback
                0x08025450       0x74 ..\obj\mac.o
                0x08025450                macRxCallback
 .text.macRxBuffFull
                0x080254c4       0x3c ..\obj\mac.o
                0x080254c4                macRxBuffFull
 .text.macRxBuffEmpty
                0x08025500       0x28 ..\obj\mac.o
                0x08025500                macRxBuffEmpty
 .text.macGetRxPacket
                0x08025528       0x48 ..\obj\mac.o
                0x08025528                macGetRxPacket
 .text.macFreeRxPacket
                0x08025570       0x54 ..\obj\mac.o
                0x08025570                macFreeRxPacket
 .text.macTxFSM
                0x080255c4       0xf8 ..\obj\mac.o
 .text.macTxData
                0x080256bc      0x2ac ..\obj\mac.o
 .text.macRxFSM
                0x08025968      0x178 ..\obj\mac.o
 .text.macParseHdr
                0x08025ae0      0x1c0 ..\obj\mac.o
 .text.macParseBeacon
                0x08025ca0       0xfc ..\obj\mac.o
 .text.macFormatAssocRequest
                0x08025d9c       0x4c ..\obj\mac.o
 .text.macParseAssocResponse
                0x08025de8       0xf8 ..\obj\mac.o
 .text.macParseOrphanResponse
                0x08025ee0      0x138 ..\obj\mac.o
 .text.macFormatOrphanNotify
                0x08026018       0x28 ..\obj\mac.o
 .text.macCheckDataRejection
                0x08026040       0x9c ..\obj\mac.o
 .text.EXTI_Init
                0x080260dc       0xe4 ..\obj\stm32f2xx_exti.o
                0x080260dc                EXTI_Init
 .text.EXTI_GetITStatus
                0x080261c0       0x48 ..\obj\stm32f2xx_exti.o
                0x080261c0                EXTI_GetITStatus
 .text.EXTI_ClearITPendingBit
                0x08026208       0x1c ..\obj\stm32f2xx_exti.o
                0x08026208                EXTI_ClearITPendingBit
 .text.apsInit  0x08026224       0x60 ..\obj\aps.o
                0x08026224                apsInit
 .text.aplFmtSendMSG
                0x08026284      0x140 ..\obj\aps.o
                0x08026284                aplFmtSendMSG
 .text.apsFSM   0x080263c4      0x274 ..\obj\aps.o
                0x080263c4                apsFSM
 .text.apsInjectPacket
                0x08026638       0xfc ..\obj\aps.o
 .text.apsTxData
                0x08026734      0x324 ..\obj\aps.o
                0x08026734                apsTxData
 .text.apsInjectTxPacket
                0x08026a58       0x90 ..\obj\aps.o
 .text.apsRxFSM
                0x08026ae8      0x190 ..\obj\aps.o
 .text.apsCheckAck
                0x08026c78       0x8c ..\obj\aps.o
 .text.apsRxBusy
                0x08026d04       0x20 ..\obj\aps.o
                0x08026d04                apsRxBusy
 .text.apsRxHandoff
                0x08026d24       0x58 ..\obj\aps.o
                0x08026d24                apsRxHandoff
 .text.apsParseHdr
                0x08026d7c      0x130 ..\obj\aps.o
 .text.apsFormatAck
                0x08026eac       0xd8 ..\obj\aps.o
 .text.apsTxFSM
                0x08026f84      0x100 ..\obj\aps.o
 .text.NVIC_PriorityGroupConfig
                0x08027084       0x24 ..\obj\misc.o
                0x08027084                NVIC_PriorityGroupConfig
 .text.NVIC_Init
                0x080270a8       0xc0 ..\obj\misc.o
                0x080270a8                NVIC_Init
 .text.NVIC_SetVectorTable
                0x08027168       0x2c ..\obj\misc.o
                0x08027168                NVIC_SetVectorTable
 .text.memhdr_get_size
                0x08027194       0x34 ..\obj\memalloc.o
                0x08027194                memhdr_get_size
 .text.memhdr_set_size
                0x080271c8       0x48 ..\obj\memalloc.o
                0x080271c8                memhdr_set_size
 .text.MemInit  0x08027210       0x34 ..\obj\memalloc.o
                0x08027210                MemInit
 .text.MemAlloc
                0x08027244       0xf4 ..\obj\memalloc.o
                0x08027244                MemAlloc
 .text.MemFree  0x08027338       0xc8 ..\obj\memalloc.o
                0x08027338                MemFree
 .text.__libc_init_array
                0x08027400       0x50 c:/arm_tools/5.4 2016q3/bin/../lib/gcc/arm-none-eabi/5.4.1/../../../../arm-none-eabi/lib/armv7-m\libc.a(lib_a-init.o)
                0x08027400                __libc_init_array
 .text          0x08027450       0xec c:/arm_tools/5.4 2016q3/bin/../lib/gcc/arm-none-eabi/5.4.1/../../../../arm-none-eabi/lib/armv7-m\libc.a(lib_a-memcpy.o)
                0x08027450                memcpy
 .text.memset   0x0802753c       0x9c c:/arm_tools/5.4 2016q3/bin/../lib/gcc/arm-none-eabi/5.4.1/../../../../arm-none-eabi/lib/armv7-m\libc.a(lib_a-memset.o)
                0x0802753c                memset
 .text          0x080275d8      0x1bc c:/arm_tools/5.4 2016q3/bin/../lib/gcc/arm-none-eabi/5.4.1/../../../../arm-none-eabi/lib/armv7-m\libc.a(lib_a-strcmp.o)
                0x080275d8                strcmp
 .text.startup.register_fini
                0x08027794       0x14 c:/arm_tools/5.4 2016q3/bin/../lib/gcc/arm-none-eabi/5.4.1/../../../../arm-none-eabi/lib/armv7-m\libc.a(lib_a-__call_atexit.o)
 .text.atexit   0x080277a8        0xc c:/arm_tools/5.4 2016q3/bin/../lib/gcc/arm-none-eabi/5.4.1/../../../../arm-none-eabi/lib/armv7-m\libc.a(lib_a-atexit.o)
                0x080277a8                atexit
 .text.__libc_fini_array
                0x080277b4       0x28 c:/arm_tools/5.4 2016q3/bin/../lib/gcc/arm-none-eabi/5.4.1/../../../../arm-none-eabi/lib/armv7-m\libc.a(lib_a-fini.o)
                0x080277b4                __libc_fini_array
 .text.__register_exitproc
                0x080277dc       0xa4 c:/arm_tools/5.4 2016q3/bin/../lib/gcc/arm-none-eabi/5.4.1/../../../../arm-none-eabi/lib/armv7-m\libc.a(lib_a-__atexit.o)
                0x080277dc                __register_exitproc
 *(.init)
 .init          0x08027880        0x4 c:/arm_tools/5.4 2016q3/bin/../lib/gcc/arm-none-eabi/5.4.1/armv7-m/crti.o
                0x08027880                _init
 .init          0x08027884        0x8 c:/arm_tools/5.4 2016q3/bin/../lib/gcc/arm-none-eabi/5.4.1/armv7-m/crtn.o
 *(.fini)
 .fini          0x0802788c        0x4 c:/arm_tools/5.4 2016q3/bin/../lib/gcc/arm-none-eabi/5.4.1/armv7-m/crti.o
                0x0802788c                _fini
 .fini          0x08027890        0x8 c:/arm_tools/5.4 2016q3/bin/../lib/gcc/arm-none-eabi/5.4.1/armv7-m/crtn.o
 *crtbegin.o(.ctors)
 *crtbegin?.o(.ctors)
 *(EXCLUDE_FILE(*crtend.o *crtend?.o) .ctors)
 *(SORT(.ctors.*))
 *(.ctors)
 *crtbegin.o(.dtors)
 *crtbegin?.o(.dtors)
 *(EXCLUDE_FILE(*crtend.o *crtend?.o) .dtors)
 *(SORT(.dtors.*))
 *(.dtors)
 *(.rodata*)
 .rodata        0x08027898      0x260 ..\obj\board.o
                0x08027898                COM_USART_CLK
                0x080278a0                COM_TX_PORT_CLK
                0x080278a8                COM_RX_PORT_CLK
                0x080278b0                COM_TX_PIN
                0x080278b4                COM_RX_PIN
                0x080278b8                COM_TX_PIN_SOURCE
                0x080278bc                COM_RX_PIN_SOURCE
                0x080278c0                COM_TX_AF
                0x080278c4                COM_RX_AF
                0x080278c8                GPIO_PIN
                0x080278cc                GPIO_CLK
 .rodata        0x08027af8      0x13e ..\obj\stack_entry.o
                0x08027c08                LADDR_MASK
                0x08027c10                LADDR_SAMP
 *fill*         0x08027c36        0x2 
 .rodata        0x08027c38       0x6f ..\obj\stm32f2xx_it.o
 *fill*         0x08027ca7        0x1 
 .rodata        0x08027ca8       0x6c ..\obj\MCR20A_Phy.o
                0x08027ca8                overwrites_direct
                0x08027cac                overwrites_indirect
                0x08027cde                gPhyIdlePwrState
                0x08027cdf                gPhyActivePwrState
                0x08027ce0                gPhyIndirectQueueSize_c
 .rodata._global_impure_ptr
                0x08027d14        0x4 c:/arm_tools/5.4 2016q3/bin/../lib/gcc/arm-none-eabi/5.4.1/../../../../arm-none-eabi/lib/armv7-m\libc.a(lib_a-impure.o)
                0x08027d14                _global_impure_ptr
 *(.eh_fram e*)

.eh_frame       0x08027d18        0x0
 .eh_frame      0x08027d18        0x0 c:/arm_tools/5.4 2016q3/bin/../lib/gcc/arm-none-eabi/5.4.1/armv7-m/crtbegin.o

.glue_7         0x08027d18        0x0
 .glue_7        0x08027d18        0x0 linker stubs

.glue_7t        0x08027d18        0x0
 .glue_7t       0x08027d18        0x0 linker stubs

.vfp11_veneer   0x08027d18        0x0
 .vfp11_veneer  0x08027d18        0x0 linker stubs

.v4_bx          0x08027d18        0x0
 .v4_bx         0x08027d18        0x0 linker stubs

.iplt           0x08027d18        0x0
 .iplt          0x08027d18        0x0 c:/arm_tools/5.4 2016q3/bin/../lib/gcc/arm-none-eabi/5.4.1/armv7-m/crtbegin.o

.rel.dyn        0x08027d18        0x0
 .rel.iplt      0x08027d18        0x0 c:/arm_tools/5.4 2016q3/bin/../lib/gcc/arm-none-eabi/5.4.1/armv7-m/crtbegin.o

.ARM.extab
 *(.ARM.extab* .gnu.linkonce.armextab.*)
                0x08027d18                __exidx_start = .

.ARM.exidx
 *(.ARM.exidx* .gnu.linkonce.armexidx.*)
                0x08027d18                __exidx_end = .
                0x08027d18                __etext = .
                0x08027d18                _sidata = __etext

.data           0x20000000      0x490 load address 0x08027d18
                0x20000000                __data_start__ = .
                0x20000000                _sdata = __data_start__
 *(vtable)
 *(.data*)
 .data          0x20000000        0x4 ..\obj\MCR20Drv.o
 .data          0x20000004       0x26 ..\obj\board.o
                0x20000004                COM_USART
                0x2000000c                COM_TX_PORT
                0x20000014                COM_RX_PORT
                0x2000001c                GPIO_PORT
 .data          0x2000002a        0x1 ..\obj\stack_entry.o
 *fill*         0x2000002b        0x1 
 .data          0x2000002c       0x14 ..\obj\system_stm32f2xx.o
                0x2000002c                SystemCoreClock
                0x20000030                AHBPrescTable
 .data          0x20000040       0x10 ..\obj\stm32f2xx_rcc.o
 .data          0x20000050        0x1 ..\obj\halStack.o
                0x20000050                txRetry
 .data          0x20000051        0x1 ..\obj\MCR20A_Phy.o
 *fill*         0x20000052        0x6 
 .data.impure_data
                0x20000058      0x428 c:/arm_tools/5.4 2016q3/bin/../lib/gcc/arm-none-eabi/5.4.1/../../../../arm-none-eabi/lib/armv7-m\libc.a(lib_a-impure.o)
                0x20000480                . = ALIGN (0x4)
                0x20000480                PROVIDE (__preinit_array_start, .)
 *(.preinit_array)
                0x20000480                PROVIDE (__preinit_array_end, .)
                0x20000480                . = ALIGN (0x4)
                0x20000480                PROVIDE (__init_array_start, .)
 *(SORT(.init_array.*))
 .init_array.00000
                0x20000480        0x4 c:/arm_tools/5.4 2016q3/bin/../lib/gcc/arm-none-eabi/5.4.1/../../../../arm-none-eabi/lib/armv7-m\libc.a(lib_a-__call_atexit.o)
 *(.init_array)
 .init_array    0x20000484        0x4 c:/arm_tools/5.4 2016q3/bin/../lib/gcc/arm-none-eabi/5.4.1/armv7-m/crtbegin.o
                0x20000488                PROVIDE (__init_array_end, .)
                0x20000488                . = ALIGN (0x4)
                0x20000488                PROVIDE (__fini_array_start, .)
 *(SORT(.fini_array.*))
 *(.fini_array)
 .fini_array    0x20000488        0x4 c:/arm_tools/5.4 2016q3/bin/../lib/gcc/arm-none-eabi/5.4.1/armv7-m/crtbegin.o
                0x2000048c                PROVIDE (__fini_array_end, .)
 *(.jcr*)
 .jcr           0x2000048c        0x0 c:/arm_tools/5.4 2016q3/bin/../lib/gcc/arm-none-eabi/5.4.1/armv7-m/crtbegin.o
 .jcr           0x2000048c        0x4 c:/arm_tools/5.4 2016q3/bin/../lib/gcc/arm-none-eabi/5.4.1/armv7-m/crtend.o
                0x20000490                . = ALIGN (0x4)
                0x20000490                __data_end__ = .
                0x20000490                _edata = __data_end__

.igot.plt       0x20000490        0x0 load address 0x080281a8
 .igot.plt      0x20000490        0x0 c:/arm_tools/5.4 2016q3/bin/../lib/gcc/arm-none-eabi/5.4.1/armv7-m/crtbegin.o

.bss            0x20000490      0x78c load address 0x080281a8
                0x20000490                . = ALIGN (0x4)
                0x20000490                __bss_start__ = .
                0x20000490                _sbss = __bss_start__
 *(.bss*)
 .bss           0x20000490       0x1c c:/arm_tools/5.4 2016q3/bin/../lib/gcc/arm-none-eabi/5.4.1/armv7-m/crtbegin.o
 .bss           0x200004ac       0x36 ..\obj\spi.o
 *fill*         0x200004e2        0x2 
 .bss           0x200004e4        0x4 ..\obj\delay.o
 .bss           0x200004e8        0x9 ..\obj\nwk.o
 *fill*         0x200004f1        0x3 
 .bss           0x200004f4       0x2a ..\obj\board.o
                0x200004f4                debugFlag
 .bss           0x2000051e        0x1 ..\obj\zep.o
 *fill*         0x2000051f        0x1 
 .bss           0x20000520       0x68 ..\obj\stack_entry.o
                0x20000520                dstADDR
 .bss           0x20000588        0x8 ..\obj\xprintf.o
 .bss           0x20000590        0x8 ..\obj\halStack.o
                0x20000596                halRadioInited
                0x20000597                halSendStart
 .bss           0x20000598        0x8 ..\obj\mac.o
 .bss           0x200005a0        0x2 ..\obj\aps.o
 *fill*         0x200005a2        0x2 
 .bss           0x200005a4      0x400 ..\obj\memalloc.o
 *(COMMON)
 COMMON         0x200009a4       0x38 ..\obj\nwk.o
                0x200009a4                nwk_pib
                0x200009a8                a_nwk_service
                0x200009b8                nwkState
                0x200009b9                nwkDSN
                0x200009bc                a_nwk_tx_data
                0x200009cc                a_nwk_rx_data
 COMMON         0x200009dc        0x4 ..\obj\board.o
                0x200009dc                board_SW_Version
 COMMON         0x200009e0        0x9 ..\obj\zep.o
                0x200009e0                zep_pib
                0x200009e8                zepState
 *fill*         0x200009e9        0x1 
 COMMON         0x200009ea        0x4 ..\obj\MCR20A_port.o
                0x200009ea                spi_highSpeed
                0x200009ec                spi_lowSpeed
 *fill*         0x200009ee        0x2 
 COMMON         0x200009f0       0x1e ..\obj\stack_entry.o
                0x200009f0                heart_startTime
                0x200009f4                joinState
                0x200009f5                zg_get_settings
                0x200009f8                app_startTime
                0x200009fc                my_timer
                0x20000a00                last_tx_start
                0x20000a04                zigbee_sets
                0x20000a0c                zigbee_get_settings
                0x20000a0d                app_started
 *fill*         0x20000a0e        0x2 
 COMMON         0x20000a10        0x8 ..\obj\xprintf.o
                0x20000a10                xfunc_in
                0x20000a14                xfunc_out
 COMMON         0x20000a18       0xac ..\obj\phy.o
                0x20000a18                phyState
                0x20000a1c                a_phy_service
                0x20000a28                tmpTxBuff
                0x20000aa8                phy_pib
 COMMON         0x20000ac4        0x3 ..\obj\halStack.o
                0x20000ac4                irq
 COMMON         0x20000ac7        0x1 ..\obj\debug.o
                0x20000ac7                debug_level
 COMMON         0x20000ac8        0xa ..\obj\halNeighbor.o
                0x20000ac8                mac_addr_tbl
 *fill*         0x20000ad2        0x2 
 COMMON         0x20000ad4        0x9 ..\obj\MCR20A_Phy.o
                0x20000ad4                mStatusAndControlRegs
 *fill*         0x20000add        0x3 
 COMMON         0x20000ae0       0x95 ..\obj\mac.o
                0x20000ae0                macTxFSM_status
                0x20000ae4                a_mac_rx_data
                0x20000b00                mac_pib
                0x20000b58                a_mac_service
                0x20000b60                a_mac_tx_data
                0x20000b74                macState
 *fill*         0x20000b75        0x3 
 COMMON         0x20000b78       0xa4 ..\obj\aps.o
                0x20000b78                a_aps_rx_data
                0x20000ba0                apsEndPoints
                0x20000ba6                apsState
                0x20000ba8                indirect_data
                0x20000bd0                a_aps_service
                0x20000bdc                a_aps_tx_data
                0x20000c00                aps_pib
                0x20000c1c                . = ALIGN (0x4)
                0x20000c1c                __bss_end__ = .
                0x20000c1c                _ebss = __bss_end__

.heap           0x20000c1c        0x0
                0x20000c1c                __end__ = .
                0x20000c1c                _end = __end__
                0x20000c1c                end = __end__
 *(.heap*)
                0x20000c1c                __HeapLimit = .

.co_stack       0x20000c1c        0x4 load address 0x08028934
                0x20000c20                . = ALIGN (0x8)
 *fill*         0x20000c1c        0x4 
 *(.co_stack .co_stack.*)
                0x20020000                __StackTop = (ORIGIN (ram) + LENGTH (ram))
                0x2001fffc                __StackLimit = (__StackTop - SIZEOF (.co_stack))
                0x20020000                PROVIDE (__stack, __StackTop)
                0x00000001                ASSERT ((__StackLimit >= __HeapLimit), region ram  overflowed with stack)
LOAD ..\obj\stm32f2x7_eth.o
LOAD ..\obj\mem.o
LOAD ..\obj\stm32f2xx_dma.o
LOAD ..\obj\spi.o
LOAD ..\obj\delay.o
LOAD ..\obj\stm32f2xx_sdio.o
LOAD ..\obj\tcp.o
LOAD ..\obj\stm32f2xx_usart.o
LOAD ..\obj\stm32f2xx_hash.o
LOAD ..\obj\err.o
LOAD ..\obj\startup_stm32f207xx.o
LOAD ..\obj\udpServer.o
LOAD ..\obj\tcp_in.o
LOAD ..\obj\MCR20Drv.o
LOAD ..\obj\stm32f2xx_spi.o
LOAD ..\obj\slipif.o
LOAD ..\obj\memp.o
LOAD ..\obj\stm32f2xx_i2c.o
LOAD ..\obj\stm32f2xx_rng.o
LOAD ..\obj\stm32f2xx_wwdg.o
LOAD ..\obj\nwk.o
LOAD ..\obj\autoip.o
LOAD ..\obj\stm32f2xx_flash.o
LOAD ..\obj\ip_frag.o
LOAD ..\obj\netbuf.o
LOAD ..\obj\tcpip.o
LOAD ..\obj\stm32f2xx_rtc.o
LOAD ..\obj\stm32f2xx_iwdg.o
LOAD ..\obj\sys.o
LOAD ..\obj\ip_addr.o
LOAD ..\obj\stm32f2xx_tim.o
LOAD ..\obj\inet_chksum.o
LOAD ..\obj\main.o
LOAD ..\obj\board.o
LOAD ..\obj\neighbor.o
LOAD ..\obj\netconf.o
LOAD ..\obj\zep.o
LOAD ..\obj\MCR20A_port.o
LOAD ..\obj\netdb.o
LOAD ..\obj\iap.o
LOAD ..\obj\stack_entry.o
LOAD ..\obj\stm32f2xx_it.o
LOAD ..\obj\stm32f2x7_eth_bsp.o
LOAD ..\obj\init.o
LOAD ..\obj\stm32f2xx_dbgmcu.o
LOAD ..\obj\stm32f2xx_dcmi.o
LOAD ..\obj\stm32f2xx_hash_sha1.o
LOAD ..\obj\ethernetif.o
LOAD ..\obj\stm32f2xx_syscfg.o
LOAD ..\obj\etharp.o
LOAD ..\obj\stm32f2xx_pwr.o
LOAD ..\obj\staticbind.o
LOAD ..\obj\xprintf.o
LOAD ..\obj\stm32f2xx_can.o
LOAD ..\obj\phy.o
LOAD ..\obj\stm32f2xx_fsmc.o
LOAD ..\obj\pbuf.o
LOAD ..\obj\stats.o
LOAD ..\obj\inet.o
LOAD ..\obj\netif.o
LOAD ..\obj\stm32f2xx_dac.o
LOAD ..\obj\api_msg.o
LOAD ..\obj\stm32f2xx_gpio.o
LOAD ..\obj\md5.o
LOAD ..\obj\stm32f2xx_crc.o
LOAD ..\obj\system_stm32f2xx.o
LOAD ..\obj\gdb_1kxmodem.o
LOAD ..\obj\stm32f2xx_rcc.o
LOAD ..\obj\sockets.o
LOAD ..\obj\halStack.o
LOAD ..\obj\debug.o
LOAD ..\obj\igmp.o
LOAD ..\obj\halNeighbor.o
LOAD ..\obj\MCR20A_Phy.o
LOAD ..\obj\udp.o
LOAD ..\obj\ip.o
LOAD ..\obj\stm32f2xx_adc.o
LOAD ..\obj\mac.o
LOAD ..\obj\stm32f2xx_exti.o
LOAD ..\obj\aps.o
LOAD ..\obj\icmp.o
LOAD ..\obj\dns.o
LOAD ..\obj\netifapi.o
LOAD ..\obj\misc.o
LOAD ..\obj\api_lib.o
LOAD ..\obj\memalloc.o
LOAD ..\obj\console.o
LOAD ..\obj\dhcp.o
LOAD ..\obj\tcp_out.o
LOAD ..\obj\stm32f2xx_hash_md5.o
LOAD ..\obj\loopif.o
LOAD ..\obj\raw.o
LOAD c:/arm_tools/5.4 2016q3/bin/../lib/gcc/arm-none-eabi/5.4.1/../../../../arm-none-eabi/lib/armv7-m\libm.a
LOAD c:/arm_tools/5.4 2016q3/bin/../lib/gcc/arm-none-eabi/5.4.1/armv7-m\libgcc.a
LOAD c:/arm_tools/5.4 2016q3/bin/../lib/gcc/arm-none-eabi/5.4.1/../../../../arm-none-eabi/lib/armv7-m\libc.a
LOAD c:/arm_tools/5.4 2016q3/bin/../lib/gcc/arm-none-eabi/5.4.1/../../../../arm-none-eabi/lib/armv7-m\libnosys.a
START GROUP
LOAD c:/arm_tools/5.4 2016q3/bin/../lib/gcc/arm-none-eabi/5.4.1/armv7-m\libgcc.a
LOAD c:/arm_tools/5.4 2016q3/bin/../lib/gcc/arm-none-eabi/5.4.1/../../../../arm-none-eabi/lib/armv7-m\libg.a
LOAD c:/arm_tools/5.4 2016q3/bin/../lib/gcc/arm-none-eabi/5.4.1/../../../../arm-none-eabi/lib/armv7-m\libc.a
END GROUP
LOAD c:/arm_tools/5.4 2016q3/bin/../lib/gcc/arm-none-eabi/5.4.1/armv7-m/crtend.o
LOAD c:/arm_tools/5.4 2016q3/bin/../lib/gcc/arm-none-eabi/5.4.1/armv7-m/crtn.o
OUTPUT(app_rzb.elf elf32-littlearm)

.ARM.attributes
                0x00000000       0x29
 .ARM.attributes
                0x00000000       0x1d c:/arm_tools/5.4 2016q3/bin/../lib/gcc/arm-none-eabi/5.4.1/armv7-m/crti.o
 .ARM.attributes
                0x0000001d       0x2d c:/arm_tools/5.4 2016q3/bin/../lib/gcc/arm-none-eabi/5.4.1/armv7-m/crtbegin.o
 .ARM.attributes
                0x0000004a       0x33 ..\obj\spi.o
 .ARM.attributes
                0x0000007d       0x33 ..\obj\delay.o
 .ARM.attributes
                0x000000b0       0x33 ..\obj\stm32f2xx_usart.o
 .ARM.attributes
                0x000000e3       0x21 ..\obj\startup_stm32f207xx.o
 .ARM.attributes
                0x00000104       0x33 ..\obj\MCR20Drv.o
 .ARM.attributes
                0x00000137       0x33 ..\obj\stm32f2xx_spi.o
 .ARM.attributes
                0x0000016a       0x33 ..\obj\stm32f2xx_rng.o
 .ARM.attributes
                0x0000019d       0x33 ..\obj\nwk.o
 .ARM.attributes
                0x000001d0       0x33 ..\obj\stm32f2xx_flash.o
 .ARM.attributes
                0x00000203       0x33 ..\obj\stm32f2xx_tim.o
 .ARM.attributes
                0x00000236       0x33 ..\obj\main.o
 .ARM.attributes
                0x00000269       0x33 ..\obj\board.o
 .ARM.attributes
                0x0000029c       0x33 ..\obj\neighbor.o
 .ARM.attributes
                0x000002cf       0x33 ..\obj\zep.o
 .ARM.attributes
                0x00000302       0x33 ..\obj\MCR20A_port.o
 .ARM.attributes
                0x00000335       0x33 ..\obj\stack_entry.o
 .ARM.attributes
                0x00000368       0x33 ..\obj\stm32f2xx_it.o
 .ARM.attributes
                0x0000039b       0x33 ..\obj\stm32f2xx_syscfg.o
 .ARM.attributes
                0x000003ce       0x33 ..\obj\xprintf.o
 .ARM.attributes
                0x00000401       0x33 ..\obj\phy.o
 .ARM.attributes
                0x00000434       0x33 ..\obj\stm32f2xx_gpio.o
 .ARM.attributes
                0x00000467       0x33 ..\obj\system_stm32f2xx.o
 .ARM.attributes
                0x0000049a       0x33 ..\obj\stm32f2xx_rcc.o
 .ARM.attributes
                0x000004cd       0x33 ..\obj\halStack.o
 .ARM.attributes
                0x00000500       0x33 ..\obj\debug.o
 .ARM.attributes
                0x00000533       0x33 ..\obj\halNeighbor.o
 .ARM.attributes
                0x00000566       0x33 ..\obj\MCR20A_Phy.o
 .ARM.attributes
                0x00000599       0x33 ..\obj\mac.o
 .ARM.attributes
                0x000005cc       0x33 ..\obj\stm32f2xx_exti.o
 .ARM.attributes
                0x000005ff       0x33 ..\obj\aps.o
 .ARM.attributes
                0x00000632       0x33 ..\obj\misc.o
 .ARM.attributes
                0x00000665       0x33 ..\obj\memalloc.o
 .ARM.attributes
                0x00000698       0x2d c:/arm_tools/5.4 2016q3/bin/../lib/gcc/arm-none-eabi/5.4.1/../../../../arm-none-eabi/lib/armv7-m\libc.a(lib_a-impure.o)
 .ARM.attributes
                0x000006c5       0x2d c:/arm_tools/5.4 2016q3/bin/../lib/gcc/arm-none-eabi/5.4.1/../../../../arm-none-eabi/lib/armv7-m\libc.a(lib_a-init.o)
 .ARM.attributes
                0x000006f2       0x1b c:/arm_tools/5.4 2016q3/bin/../lib/gcc/arm-none-eabi/5.4.1/../../../../arm-none-eabi/lib/armv7-m\libc.a(lib_a-memcpy.o)
 .ARM.attributes
                0x0000070d       0x2d c:/arm_tools/5.4 2016q3/bin/../lib/gcc/arm-none-eabi/5.4.1/../../../../arm-none-eabi/lib/armv7-m\libc.a(lib_a-memset.o)
 .ARM.attributes
                0x0000073a       0x1b c:/arm_tools/5.4 2016q3/bin/../lib/gcc/arm-none-eabi/5.4.1/../../../../arm-none-eabi/lib/armv7-m\libc.a(lib_a-strcmp.o)
 .ARM.attributes
                0x00000755       0x2d c:/arm_tools/5.4 2016q3/bin/../lib/gcc/arm-none-eabi/5.4.1/../../../../arm-none-eabi/lib/armv7-m\libc.a(lib_a-__call_atexit.o)
 .ARM.attributes
                0x00000782       0x2d c:/arm_tools/5.4 2016q3/bin/../lib/gcc/arm-none-eabi/5.4.1/../../../../arm-none-eabi/lib/armv7-m\libc.a(lib_a-atexit.o)
 .ARM.attributes
                0x000007af       0x2d c:/arm_tools/5.4 2016q3/bin/../lib/gcc/arm-none-eabi/5.4.1/../../../../arm-none-eabi/lib/armv7-m\libc.a(lib_a-fini.o)
 .ARM.attributes
                0x000007dc       0x2d c:/arm_tools/5.4 2016q3/bin/../lib/gcc/arm-none-eabi/5.4.1/../../../../arm-none-eabi/lib/armv7-m\libc.a(lib_a-__atexit.o)
 .ARM.attributes
                0x00000809       0x2d c:/arm_tools/5.4 2016q3/bin/../lib/gcc/arm-none-eabi/5.4.1/armv7-m/crtend.o
 .ARM.attributes
                0x00000836       0x1d c:/arm_tools/5.4 2016q3/bin/../lib/gcc/arm-none-eabi/5.4.1/armv7-m/crtn.o

.comment        0x00000000       0x6e
 .comment       0x00000000       0x6e ..\obj\spi.o
                                 0x6f (size before relaxing)
 .comment       0x0000006e       0x6f ..\obj\delay.o
 .comment       0x0000006e       0x6f ..\obj\stm32f2xx_usart.o
 .comment       0x0000006e       0x6f ..\obj\MCR20Drv.o
 .comment       0x0000006e       0x6f ..\obj\stm32f2xx_spi.o
 .comment       0x0000006e       0x6f ..\obj\stm32f2xx_rng.o
 .comment       0x0000006e       0x6f ..\obj\nwk.o
 .comment       0x0000006e       0x6f ..\obj\stm32f2xx_flash.o
 .comment       0x0000006e       0x6f ..\obj\stm32f2xx_tim.o
 .comment       0x0000006e       0x6f ..\obj\main.o
 .comment       0x0000006e       0x6f ..\obj\board.o
 .comment       0x0000006e       0x6f ..\obj\neighbor.o
 .comment       0x0000006e       0x6f ..\obj\zep.o
 .comment       0x0000006e       0x6f ..\obj\MCR20A_port.o
 .comment       0x0000006e       0x6f ..\obj\stack_entry.o
 .comment       0x0000006e       0x6f ..\obj\stm32f2xx_it.o
 .comment       0x0000006e       0x6f ..\obj\stm32f2xx_syscfg.o
 .comment       0x0000006e       0x6f ..\obj\xprintf.o
 .comment       0x0000006e       0x6f ..\obj\phy.o
 .comment       0x0000006e       0x6f ..\obj\stm32f2xx_gpio.o
 .comment       0x0000006e       0x6f ..\obj\system_stm32f2xx.o
 .comment       0x0000006e       0x6f ..\obj\stm32f2xx_rcc.o
 .comment       0x0000006e       0x6f ..\obj\halStack.o
 .comment       0x0000006e       0x6f ..\obj\debug.o
 .comment       0x0000006e       0x6f ..\obj\halNeighbor.o
 .comment       0x0000006e       0x6f ..\obj\MCR20A_Phy.o
 .comment       0x0000006e       0x6f ..\obj\mac.o
 .comment       0x0000006e       0x6f ..\obj\stm32f2xx_exti.o
 .comment       0x0000006e       0x6f ..\obj\aps.o
 .comment       0x0000006e       0x6f ..\obj\misc.o
 .comment       0x0000006e       0x6f ..\obj\memalloc.o

.debug_info     0x00000000    0x113d3
 .debug_info    0x00000000      0x623 ..\obj\spi.o
 .debug_info    0x00000623      0x7c2 ..\obj\delay.o
 .debug_info    0x00000de5      0x9ca ..\obj\stm32f2xx_usart.o
 .debug_info    0x000017af      0x10d ..\obj\startup_stm32f207xx.o
 .debug_info    0x000018bc      0x854 ..\obj\MCR20Drv.o
 .debug_info    0x00002110      0xab8 ..\obj\stm32f2xx_spi.o
 .debug_info    0x00002bc8      0x287 ..\obj\stm32f2xx_rng.o
 .debug_info    0x00002e4f      0xdf0 ..\obj\nwk.o
 .debug_info    0x00003c3f      0x727 ..\obj\stm32f2xx_flash.o
 .debug_info    0x00004366     0x1c69 ..\obj\stm32f2xx_tim.o
 .debug_info    0x00005fcf      0x20f ..\obj\main.o
 .debug_info    0x000061de     0x1a04 ..\obj\board.o
 .debug_info    0x00007be2      0x377 ..\obj\neighbor.o
 .debug_info    0x00007f59      0xab7 ..\obj\zep.o
 .debug_info    0x00008a10      0x90b ..\obj\MCR20A_port.o
 .debug_info    0x0000931b     0x1174 ..\obj\stack_entry.o
 .debug_info    0x0000a48f      0x11e ..\obj\stm32f2xx_it.o
 .debug_info    0x0000a5ad      0x274 ..\obj\stm32f2xx_syscfg.o
 .debug_info    0x0000a821      0x889 ..\obj\xprintf.o
 .debug_info    0x0000b0aa      0x4df ..\obj\phy.o
 .debug_info    0x0000b589      0x61d ..\obj\stm32f2xx_gpio.o
 .debug_info    0x0000bba6      0x596 ..\obj\system_stm32f2xx.o
 .debug_info    0x0000c13c      0xc63 ..\obj\stm32f2xx_rcc.o
 .debug_info    0x0000cd9f      0xd53 ..\obj\halStack.o
 .debug_info    0x0000daf2       0xbc ..\obj\debug.o
 .debug_info    0x0000dbae      0x117 ..\obj\halNeighbor.o
 .debug_info    0x0000dcc5      0xfd2 ..\obj\MCR20A_Phy.o
 .debug_info    0x0000ec97      0xe47 ..\obj\mac.o
 .debug_info    0x0000fade      0x357 ..\obj\stm32f2xx_exti.o
 .debug_info    0x0000fe35      0xe1c ..\obj\aps.o
 .debug_info    0x00010c51      0x556 ..\obj\misc.o
 .debug_info    0x000111a7      0x22c ..\obj\memalloc.o

.debug_abbrev   0x00000000     0x37cd
 .debug_abbrev  0x00000000      0x1b0 ..\obj\spi.o
 .debug_abbrev  0x000001b0      0x249 ..\obj\delay.o
 .debug_abbrev  0x000003f9      0x157 ..\obj\stm32f2xx_usart.o
 .debug_abbrev  0x00000550       0x12 ..\obj\startup_stm32f207xx.o
 .debug_abbrev  0x00000562      0x1a8 ..\obj\MCR20Drv.o
 .debug_abbrev  0x0000070a      0x192 ..\obj\stm32f2xx_spi.o
 .debug_abbrev  0x0000089c      0x146 ..\obj\stm32f2xx_rng.o
 .debug_abbrev  0x000009e2      0x26f ..\obj\nwk.o
 .debug_abbrev  0x00000c51      0x1b2 ..\obj\stm32f2xx_flash.o
 .debug_abbrev  0x00000e03      0x189 ..\obj\stm32f2xx_tim.o
 .debug_abbrev  0x00000f8c       0xfc ..\obj\main.o
 .debug_abbrev  0x00001088      0x40c ..\obj\board.o
 .debug_abbrev  0x00001494      0x141 ..\obj\neighbor.o
 .debug_abbrev  0x000015d5      0x201 ..\obj\zep.o
 .debug_abbrev  0x000017d6      0x1c9 ..\obj\MCR20A_port.o
 .debug_abbrev  0x0000199f      0x306 ..\obj\stack_entry.o
 .debug_abbrev  0x00001ca5       0x7d ..\obj\stm32f2xx_it.o
 .debug_abbrev  0x00001d22      0x133 ..\obj\stm32f2xx_syscfg.o
 .debug_abbrev  0x00001e55      0x28f ..\obj\xprintf.o
 .debug_abbrev  0x000020e4      0x189 ..\obj\phy.o
 .debug_abbrev  0x0000226d      0x1a7 ..\obj\stm32f2xx_gpio.o
 .debug_abbrev  0x00002414      0x138 ..\obj\system_stm32f2xx.o
 .debug_abbrev  0x0000254c      0x1e5 ..\obj\stm32f2xx_rcc.o
 .debug_abbrev  0x00002731      0x379 ..\obj\halStack.o
 .debug_abbrev  0x00002aaa       0x5c ..\obj\debug.o
 .debug_abbrev  0x00002b06       0x8c ..\obj\halNeighbor.o
 .debug_abbrev  0x00002b92      0x233 ..\obj\MCR20A_Phy.o
 .debug_abbrev  0x00002dc5      0x314 ..\obj\mac.o
 .debug_abbrev  0x000030d9      0x1a9 ..\obj\stm32f2xx_exti.o
 .debug_abbrev  0x00003282      0x2cd ..\obj\aps.o
 .debug_abbrev  0x0000354f      0x147 ..\obj\misc.o
 .debug_abbrev  0x00003696      0x137 ..\obj\memalloc.o

.debug_aranges  0x00000000     0x1568
 .debug_aranges
                0x00000000       0x60 ..\obj\spi.o
 .debug_aranges
                0x00000060       0x70 ..\obj\delay.o
 .debug_aranges
                0x000000d0      0x100 ..\obj\stm32f2xx_usart.o
 .debug_aranges
                0x000001d0       0x28 ..\obj\startup_stm32f207xx.o
 .debug_aranges
                0x000001f8      0x130 ..\obj\MCR20Drv.o
 .debug_aranges
                0x00000328       0xd8 ..\obj\stm32f2xx_spi.o
 .debug_aranges
                0x00000400       0x58 ..\obj\stm32f2xx_rng.o
 .debug_aranges
                0x00000458       0x60 ..\obj\nwk.o
 .debug_aranges
                0x000004b8      0x108 ..\obj\stm32f2xx_flash.o
 .debug_aranges
                0x000005c0      0x2f8 ..\obj\stm32f2xx_tim.o
 .debug_aranges
                0x000008b8       0x30 ..\obj\main.o
 .debug_aranges
                0x000008e8      0x188 ..\obj\board.o
 .debug_aranges
                0x00000a70       0x58 ..\obj\neighbor.o
 .debug_aranges
                0x00000ac8       0x58 ..\obj\zep.o
 .debug_aranges
                0x00000b20       0x78 ..\obj\MCR20A_port.o
 .debug_aranges
                0x00000b98       0x90 ..\obj\stack_entry.o
 .debug_aranges
                0x00000c28       0x58 ..\obj\stm32f2xx_it.o
 .debug_aranges
                0x00000c80       0x48 ..\obj\stm32f2xx_syscfg.o
 .debug_aranges
                0x00000cc8       0xc8 ..\obj\xprintf.o
 .debug_aranges
                0x00000d90       0x40 ..\obj\phy.o
 .debug_aranges
                0x00000dd0       0x88 ..\obj\stm32f2xx_gpio.o
 .debug_aranges
                0x00000e58       0x30 ..\obj\system_stm32f2xx.o
 .debug_aranges
                0x00000e88      0x178 ..\obj\stm32f2xx_rcc.o
 .debug_aranges
                0x00001000      0x120 ..\obj\halStack.o
 .debug_aranges
                0x00001120       0x18 ..\obj\debug.o
 .debug_aranges
                0x00001138       0x18 ..\obj\halNeighbor.o
 .debug_aranges
                0x00001150      0x1c8 ..\obj\MCR20A_Phy.o
 .debug_aranges
                0x00001318       0xd8 ..\obj\mac.o
 .debug_aranges
                0x000013f0       0x58 ..\obj\stm32f2xx_exti.o
 .debug_aranges
                0x00001448       0xa0 ..\obj\aps.o
 .debug_aranges
                0x000014e8       0x40 ..\obj\misc.o
 .debug_aranges
                0x00001528       0x40 ..\obj\memalloc.o

.debug_ranges   0x00000000     0x1378
 .debug_ranges  0x00000000       0x50 ..\obj\spi.o
 .debug_ranges  0x00000050       0x60 ..\obj\delay.o
 .debug_ranges  0x000000b0       0xf0 ..\obj\stm32f2xx_usart.o
 .debug_ranges  0x000001a0       0x20 ..\obj\startup_stm32f207xx.o
 .debug_ranges  0x000001c0      0x120 ..\obj\MCR20Drv.o
 .debug_ranges  0x000002e0       0xc8 ..\obj\stm32f2xx_spi.o
 .debug_ranges  0x000003a8       0x48 ..\obj\stm32f2xx_rng.o
 .debug_ranges  0x000003f0       0x50 ..\obj\nwk.o
 .debug_ranges  0x00000440       0xf8 ..\obj\stm32f2xx_flash.o
 .debug_ranges  0x00000538      0x2e8 ..\obj\stm32f2xx_tim.o
 .debug_ranges  0x00000820       0x20 ..\obj\main.o
 .debug_ranges  0x00000840      0x190 ..\obj\board.o
 .debug_ranges  0x000009d0       0x48 ..\obj\neighbor.o
 .debug_ranges  0x00000a18       0x48 ..\obj\zep.o
 .debug_ranges  0x00000a60       0x68 ..\obj\MCR20A_port.o
 .debug_ranges  0x00000ac8       0x80 ..\obj\stack_entry.o
 .debug_ranges  0x00000b48       0x48 ..\obj\stm32f2xx_it.o
 .debug_ranges  0x00000b90       0x38 ..\obj\stm32f2xx_syscfg.o
 .debug_ranges  0x00000bc8       0xb8 ..\obj\xprintf.o
 .debug_ranges  0x00000c80       0x30 ..\obj\phy.o
 .debug_ranges  0x00000cb0       0x78 ..\obj\stm32f2xx_gpio.o
 .debug_ranges  0x00000d28       0x20 ..\obj\system_stm32f2xx.o
 .debug_ranges  0x00000d48      0x168 ..\obj\stm32f2xx_rcc.o
 .debug_ranges  0x00000eb0      0x110 ..\obj\halStack.o
 .debug_ranges  0x00000fc0      0x1b8 ..\obj\MCR20A_Phy.o
 .debug_ranges  0x00001178       0xc8 ..\obj\mac.o
 .debug_ranges  0x00001240       0x48 ..\obj\stm32f2xx_exti.o
 .debug_ranges  0x00001288       0x90 ..\obj\aps.o
 .debug_ranges  0x00001318       0x30 ..\obj\misc.o
 .debug_ranges  0x00001348       0x30 ..\obj\memalloc.o

.debug_line     0x00000000     0x8eba
 .debug_line    0x00000000      0x399 ..\obj\spi.o
 .debug_line    0x00000399      0x2e7 ..\obj\delay.o
 .debug_line    0x00000680      0x56d ..\obj\stm32f2xx_usart.o
 .debug_line    0x00000bed       0xf8 ..\obj\startup_stm32f207xx.o
 .debug_line    0x00000ce5      0x578 ..\obj\MCR20Drv.o
 .debug_line    0x0000125d      0x4df ..\obj\stm32f2xx_spi.o
 .debug_line    0x0000173c      0x2b1 ..\obj\stm32f2xx_rng.o
 .debug_line    0x000019ed      0x464 ..\obj\nwk.o
 .debug_line    0x00001e51      0x534 ..\obj\stm32f2xx_flash.o
 .debug_line    0x00002385      0xb75 ..\obj\stm32f2xx_tim.o
 .debug_line    0x00002efa      0x1af ..\obj\main.o
 .debug_line    0x000030a9      0x93d ..\obj\board.o
 .debug_line    0x000039e6      0x368 ..\obj\neighbor.o
 .debug_line    0x00003d4e      0x398 ..\obj\zep.o
 .debug_line    0x000040e6      0x484 ..\obj\MCR20A_port.o
 .debug_line    0x0000456a      0x5a3 ..\obj\stack_entry.o
 .debug_line    0x00004b0d      0x204 ..\obj\stm32f2xx_it.o
 .debug_line    0x00004d11      0x28b ..\obj\stm32f2xx_syscfg.o
 .debug_line    0x00004f9c      0x6b6 ..\obj\xprintf.o
 .debug_line    0x00005652      0x29c ..\obj\phy.o
 .debug_line    0x000058ee      0x414 ..\obj\stm32f2xx_gpio.o
 .debug_line    0x00005d02      0x2a5 ..\obj\system_stm32f2xx.o
 .debug_line    0x00005fa7      0x659 ..\obj\stm32f2xx_rcc.o
 .debug_line    0x00006600      0x6e9 ..\obj\halStack.o
 .debug_line    0x00006ce9      0x1f9 ..\obj\debug.o
 .debug_line    0x00006ee2      0x20d ..\obj\halNeighbor.o
 .debug_line    0x000070ef      0x834 ..\obj\MCR20A_Phy.o
 .debug_line    0x00007923      0x69c ..\obj\mac.o
 .debug_line    0x00007fbf      0x355 ..\obj\stm32f2xx_exti.o
 .debug_line    0x00008314      0x5f9 ..\obj\aps.o
 .debug_line    0x0000890d      0x2f2 ..\obj\misc.o
 .debug_line    0x00008bff      0x2bb ..\obj\memalloc.o

.debug_str      0x00000000     0x71eb
 .debug_str     0x00000000      0x4ae ..\obj\spi.o
                                0x51f (size before relaxing)
 .debug_str     0x000004ae      0x699 ..\obj\delay.o
                                0x827 (size before relaxing)
 .debug_str     0x00000b47      0x4e8 ..\obj\stm32f2xx_usart.o
                                0x6c4 (size before relaxing)
 .debug_str     0x0000102f      0x4cf ..\obj\MCR20Drv.o
                                0x670 (size before relaxing)
 .debug_str     0x000014fe      0x3c6 ..\obj\stm32f2xx_spi.o
                                0x6a2 (size before relaxing)
 .debug_str     0x000018c4      0x114 ..\obj\stm32f2xx_rng.o
                                0x2ae (size before relaxing)
 .debug_str     0x000019d8      0xfe9 ..\obj\nwk.o
                               0x121c (size before relaxing)
 .debug_str     0x000029c1      0x400 ..\obj\stm32f2xx_flash.o
                                0x5c7 (size before relaxing)
 .debug_str     0x00002dc1      0xbaa ..\obj\stm32f2xx_tim.o
                                0xe05 (size before relaxing)
 .debug_str     0x0000396b       0xef ..\obj\main.o
                                0x24f (size before relaxing)
 .debug_str     0x00003a5a      0x753 ..\obj\board.o
                               0x1322 (size before relaxing)
 .debug_str     0x000041ad      0x115 ..\obj\neighbor.o
                                0x2f9 (size before relaxing)
 .debug_str     0x000042c2      0x343 ..\obj\zep.o
                                0xb8c (size before relaxing)
 .debug_str     0x00004605      0x2a3 ..\obj\MCR20A_port.o
                                0xbe9 (size before relaxing)
 .debug_str     0x000048a8      0x4f3 ..\obj\stack_entry.o
                               0x11cb (size before relaxing)
 .debug_str     0x00004d9b       0xd4 ..\obj\stm32f2xx_it.o
                                0x1fc (size before relaxing)
 .debug_str     0x00004e6f      0x198 ..\obj\stm32f2xx_syscfg.o
                                0x329 (size before relaxing)
 .debug_str     0x00005007      0x18f ..\obj\xprintf.o
                                0x472 (size before relaxing)
 .debug_str     0x00005196      0x17c ..\obj\phy.o
                                0x9cb (size before relaxing)
 .debug_str     0x00005312      0x1d2 ..\obj\stm32f2xx_gpio.o
                                0x4d8 (size before relaxing)
 .debug_str     0x000054e4       0xe9 ..\obj\system_stm32f2xx.o
                                0x3e5 (size before relaxing)
 .debug_str     0x000055cd      0x532 ..\obj\stm32f2xx_rcc.o
                                0x885 (size before relaxing)
 .debug_str     0x00005aff      0x420 ..\obj\halStack.o
                                0xb8c (size before relaxing)
 .debug_str     0x00005f1f       0x6e ..\obj\debug.o
                                0x1fb (size before relaxing)
 .debug_str     0x00005f8d       0x83 ..\obj\halNeighbor.o
                                0x243 (size before relaxing)
 .debug_str     0x00006010      0x9f2 ..\obj\MCR20A_Phy.o
                                0xc40 (size before relaxing)
 .debug_str     0x00006a02      0x272 ..\obj\mac.o
                               0x10cc (size before relaxing)
 .debug_str     0x00006c74      0x135 ..\obj\stm32f2xx_exti.o
                                0x38e (size before relaxing)
 .debug_str     0x00006da9      0x233 ..\obj\aps.o
                               0x114f (size before relaxing)
 .debug_str     0x00006fdc      0x141 ..\obj\misc.o
                                0x403 (size before relaxing)
 .debug_str     0x0000711d       0xce ..\obj\memalloc.o
                                0x274 (size before relaxing)

.debug_frame    0x00000000     0x57a4
 .debug_frame   0x00000000      0x15c ..\obj\spi.o
 .debug_frame   0x0000015c      0x18c ..\obj\delay.o
 .debug_frame   0x000002e8      0x490 ..\obj\stm32f2xx_usart.o
 .debug_frame   0x00000778      0x4a8 ..\obj\MCR20Drv.o
 .debug_frame   0x00000c20      0x3cc ..\obj\stm32f2xx_spi.o
 .debug_frame   0x00000fec      0x13c ..\obj\stm32f2xx_rng.o
 .debug_frame   0x00001128      0x144 ..\obj\nwk.o
 .debug_frame   0x0000126c      0x450 ..\obj\stm32f2xx_flash.o
 .debug_frame   0x000016bc      0xe54 ..\obj\stm32f2xx_tim.o
 .debug_frame   0x00002510       0x64 ..\obj\main.o
 .debug_frame   0x00002574      0x658 ..\obj\board.o
 .debug_frame   0x00002bcc      0x144 ..\obj\neighbor.o
 .debug_frame   0x00002d10      0x128 ..\obj\zep.o
 .debug_frame   0x00002e38      0x1a8 ..\obj\MCR20A_port.o
 .debug_frame   0x00002fe0      0x218 ..\obj\stack_entry.o
 .debug_frame   0x000031f8       0xfc ..\obj\stm32f2xx_it.o
 .debug_frame   0x000032f4       0xf4 ..\obj\stm32f2xx_syscfg.o
 .debug_frame   0x000033e8      0x360 ..\obj\xprintf.o
 .debug_frame   0x00003748       0xa4 ..\obj\phy.o
 .debug_frame   0x000037ec      0x23c ..\obj\stm32f2xx_gpio.o
 .debug_frame   0x00003a28       0x7c ..\obj\system_stm32f2xx.o
 .debug_frame   0x00003aa4      0x6d4 ..\obj\stm32f2xx_rcc.o
 .debug_frame   0x00004178      0x4ac ..\obj\halStack.o
 .debug_frame   0x00004624      0x794 ..\obj\MCR20A_Phy.o
 .debug_frame   0x00004db8      0x358 ..\obj\mac.o
 .debug_frame   0x00005110      0x148 ..\obj\stm32f2xx_exti.o
 .debug_frame   0x00005258      0x240 ..\obj\aps.o
 .debug_frame   0x00005498       0xd8 ..\obj\misc.o
 .debug_frame   0x00005570       0xc8 ..\obj\memalloc.o
 .debug_frame   0x00005638       0x2c c:/arm_tools/5.4 2016q3/bin/../lib/gcc/arm-none-eabi/5.4.1/../../../../arm-none-eabi/lib/armv7-m\libc.a(lib_a-init.o)
 .debug_frame   0x00005664       0x34 c:/arm_tools/5.4 2016q3/bin/../lib/gcc/arm-none-eabi/5.4.1/../../../../arm-none-eabi/lib/armv7-m\libc.a(lib_a-memset.o)
 .debug_frame   0x00005698       0x34 c:/arm_tools/5.4 2016q3/bin/../lib/gcc/arm-none-eabi/5.4.1/../../../../arm-none-eabi/lib/armv7-m\libc.a(lib_a-strcmp.o)
 .debug_frame   0x000056cc       0x50 c:/arm_tools/5.4 2016q3/bin/../lib/gcc/arm-none-eabi/5.4.1/../../../../arm-none-eabi/lib/armv7-m\libc.a(lib_a-__call_atexit.o)
 .debug_frame   0x0000571c       0x20 c:/arm_tools/5.4 2016q3/bin/../lib/gcc/arm-none-eabi/5.4.1/../../../../arm-none-eabi/lib/armv7-m\libc.a(lib_a-atexit.o)
 .debug_frame   0x0000573c       0x34 c:/arm_tools/5.4 2016q3/bin/../lib/gcc/arm-none-eabi/5.4.1/../../../../arm-none-eabi/lib/armv7-m\libc.a(lib_a-fini.o)
 .debug_frame   0x00005770       0x34 c:/arm_tools/5.4 2016q3/bin/../lib/gcc/arm-none-eabi/5.4.1/../../../../arm-none-eabi/lib/armv7-m\libc.a(lib_a-__atexit.o)
