Archive member included to satisfy reference by file (symbol)

c:/arm_tools/5.4 2016q3/bin/../lib/gcc/arm-none-eabi/5.4.1/../../../../arm-none-eabi/lib/armv7-m\libc.a(lib_a-exit.o)
                              c:/arm_tools/5.4 2016q3/bin/../lib/gcc/arm-none-eabi/5.4.1/../../../../arm-none-eabi/lib/armv7-m/crt0.o (exit)
c:/arm_tools/5.4 2016q3/bin/../lib/gcc/arm-none-eabi/5.4.1/../../../../arm-none-eabi/lib/armv7-m\libc.a(lib_a-impure.o)
                              c:/arm_tools/5.4 2016q3/bin/../lib/gcc/arm-none-eabi/5.4.1/../../../../arm-none-eabi/lib/armv7-m\libc.a(lib_a-exit.o) (_global_impure_ptr)
c:/arm_tools/5.4 2016q3/bin/../lib/gcc/arm-none-eabi/5.4.1/../../../../arm-none-eabi/lib/armv7-m\libc.a(lib_a-init.o)
                              c:/arm_tools/5.4 2016q3/bin/../lib/gcc/arm-none-eabi/5.4.1/../../../../arm-none-eabi/lib/armv7-m/crt0.o (__libc_init_array)
c:/arm_tools/5.4 2016q3/bin/../lib/gcc/arm-none-eabi/5.4.1/../../../../arm-none-eabi/lib/armv7-m\libc.a(lib_a-memcpy.o)
                              ..\obj\udpServer.o (memcpy)
c:/arm_tools/5.4 2016q3/bin/../lib/gcc/arm-none-eabi/5.4.1/../../../../arm-none-eabi/lib/armv7-m\libc.a(lib_a-memset.o)
                              c:/arm_tools/5.4 2016q3/bin/../lib/gcc/arm-none-eabi/5.4.1/../../../../arm-none-eabi/lib/armv7-m/crt0.o (memset)
c:/arm_tools/5.4 2016q3/bin/../lib/gcc/arm-none-eabi/5.4.1/../../../../arm-none-eabi/lib/armv7-m\libc.a(lib_a-printf.o)
                              ..\obj\NRF24L01.o (printf)
c:/arm_tools/5.4 2016q3/bin/../lib/gcc/arm-none-eabi/5.4.1/../../../../arm-none-eabi/lib/armv7-m\libc.a(lib_a-strcmp.o)
                              ..\obj\board.o (strcmp)
c:/arm_tools/5.4 2016q3/bin/../lib/gcc/arm-none-eabi/5.4.1/../../../../arm-none-eabi/lib/armv7-m\libc.a(lib_a-vfprintf.o)
                              c:/arm_tools/5.4 2016q3/bin/../lib/gcc/arm-none-eabi/5.4.1/../../../../arm-none-eabi/lib/armv7-m\libc.a(lib_a-printf.o) (_vfprintf_r)
c:/arm_tools/5.4 2016q3/bin/../lib/gcc/arm-none-eabi/5.4.1/../../../../arm-none-eabi/lib/armv7-m\libc.a(lib_a-wsetup.o)
                              c:/arm_tools/5.4 2016q3/bin/../lib/gcc/arm-none-eabi/5.4.1/../../../../arm-none-eabi/lib/armv7-m\libc.a(lib_a-vfprintf.o) (__swsetup_r)
c:/arm_tools/5.4 2016q3/bin/../lib/gcc/arm-none-eabi/5.4.1/../../../../arm-none-eabi/lib/armv7-m\libc.a(lib_a-__call_atexit.o)
                              c:/arm_tools/5.4 2016q3/bin/../lib/gcc/arm-none-eabi/5.4.1/../../../../arm-none-eabi/lib/armv7-m\libc.a(lib_a-exit.o) (__call_exitprocs)
c:/arm_tools/5.4 2016q3/bin/../lib/gcc/arm-none-eabi/5.4.1/../../../../arm-none-eabi/lib/armv7-m\libc.a(lib_a-atexit.o)
                              c:/arm_tools/5.4 2016q3/bin/../lib/gcc/arm-none-eabi/5.4.1/../../../../arm-none-eabi/lib/armv7-m\libc.a(lib_a-__call_atexit.o) (atexit)
c:/arm_tools/5.4 2016q3/bin/../lib/gcc/arm-none-eabi/5.4.1/../../../../arm-none-eabi/lib/armv7-m\libc.a(lib_a-dtoa.o)
                              c:/arm_tools/5.4 2016q3/bin/../lib/gcc/arm-none-eabi/5.4.1/../../../../arm-none-eabi/lib/armv7-m\libc.a(lib_a-vfprintf.o) (_dtoa_r)
c:/arm_tools/5.4 2016q3/bin/../lib/gcc/arm-none-eabi/5.4.1/../../../../arm-none-eabi/lib/armv7-m\libc.a(lib_a-fflush.o)
                              c:/arm_tools/5.4 2016q3/bin/../lib/gcc/arm-none-eabi/5.4.1/../../../../arm-none-eabi/lib/armv7-m\libc.a(lib_a-vfprintf.o) (_fflush_r)
c:/arm_tools/5.4 2016q3/bin/../lib/gcc/arm-none-eabi/5.4.1/../../../../arm-none-eabi/lib/armv7-m\libc.a(lib_a-findfp.o)
                              c:/arm_tools/5.4 2016q3/bin/../lib/gcc/arm-none-eabi/5.4.1/../../../../arm-none-eabi/lib/armv7-m\libc.a(lib_a-vfprintf.o) (__sinit)
c:/arm_tools/5.4 2016q3/bin/../lib/gcc/arm-none-eabi/5.4.1/../../../../arm-none-eabi/lib/armv7-m\libc.a(lib_a-fini.o)
                              c:/arm_tools/5.4 2016q3/bin/../lib/gcc/arm-none-eabi/5.4.1/../../../../arm-none-eabi/lib/armv7-m\libc.a(lib_a-__call_atexit.o) (__libc_fini_array)
c:/arm_tools/5.4 2016q3/bin/../lib/gcc/arm-none-eabi/5.4.1/../../../../arm-none-eabi/lib/armv7-m\libc.a(lib_a-freer.o)
                              c:/arm_tools/5.4 2016q3/bin/../lib/gcc/arm-none-eabi/5.4.1/../../../../arm-none-eabi/lib/armv7-m\libc.a(lib_a-wsetup.o) (_free_r)
c:/arm_tools/5.4 2016q3/bin/../lib/gcc/arm-none-eabi/5.4.1/../../../../arm-none-eabi/lib/armv7-m\libc.a(lib_a-fwalk.o)
                              c:/arm_tools/5.4 2016q3/bin/../lib/gcc/arm-none-eabi/5.4.1/../../../../arm-none-eabi/lib/armv7-m\libc.a(lib_a-findfp.o) (_fwalk)
c:/arm_tools/5.4 2016q3/bin/../lib/gcc/arm-none-eabi/5.4.1/../../../../arm-none-eabi/lib/armv7-m\libc.a(lib_a-localeconv.o)
                              c:/arm_tools/5.4 2016q3/bin/../lib/gcc/arm-none-eabi/5.4.1/../../../../arm-none-eabi/lib/armv7-m\libc.a(lib_a-vfprintf.o) (_localeconv_r)
c:/arm_tools/5.4 2016q3/bin/../lib/gcc/arm-none-eabi/5.4.1/../../../../arm-none-eabi/lib/armv7-m\libc.a(lib_a-makebuf.o)
[...]
Memory Configuration

Name             Origin             Length             Attributes
rom              0x08000000         0x00100000         xr
ram              0x20000000         0x00020000         xrw
*default*        0x00000000         0xffffffff

Linker script and memory map

LOAD c:/arm_tools/5.4 2016q3/bin/../lib/gcc/arm-none-eabi/5.4.1/armv7-m/crti.o
LOAD c:/arm_tools/5.4 2016q3/bin/../lib/gcc/arm-none-eabi/5.4.1/armv7-m/crtbegin.o
LOAD c:/arm_tools/5.4 2016q3/bin/../lib/gcc/arm-none-eabi/5.4.1/../../../../arm-none-eabi/lib/armv7-m/crt0.o
                0x20020000                _eram = 0x20020000

.text           0x08000000     0xa900
 *(.isr_vector)
 .isr_vector    0x08000000      0x184 ..\obj\startup_stm32f207xx.o
                0x08000000                g_pfnVectors
 *(.text*)
 .text          0x08000184       0x5c c:/arm_tools/5.4 2016q3/bin/../lib/gcc/arm-none-eabi/5.4.1/armv7-m/crtbegin.o
 .text.ETH_Delay
                0x080001e0       0x20 ..\obj\stm32f2x7_eth.o
 .text.ETH_DeInit
                0x08000200       0x18 ..\obj\stm32f2x7_eth.o
                0x08000200                ETH_DeInit
 .text.ETH_StructInit
                0x08000218       0xa8 ..\obj\stm32f2x7_eth.o
                0x08000218                ETH_StructInit
 .text.ETH_MACTransmissionCmd
                0x080002c0       0x20 ..\obj\stm32f2x7_eth.o
                0x080002c0                ETH_MACTransmissionCmd
 .text.ETH_MACReceptionCmd
                0x080002e0       0x20 ..\obj\stm32f2x7_eth.o
                0x080002e0                ETH_MACReceptionCmd
 .text.ETH_MACAddressConfig
                0x08000300       0x30 ..\obj\stm32f2x7_eth.o
                0x08000300                ETH_MACAddressConfig
 .text.ETH_Get_Received_Frame
                0x08000330       0x38 ..\obj\stm32f2x7_eth.o
                0x08000330                ETH_Get_Received_Frame
 .text.ETH_Prepare_Transmit_Descriptors
                0x08000368       0xf8 ..\obj\stm32f2x7_eth.o
                0x08000368                ETH_Prepare_Transmit_Descriptors
 .text.ETH_DMARxDescChainInit
                0x08000460       0x60 ..\obj\stm32f2x7_eth.o
                0x08000460                ETH_DMARxDescChainInit
 .text.ETH_CheckFrameReceived
                0x080004c0       0x8c ..\obj\stm32f2x7_eth.o
                0x080004c0                ETH_CheckFrameReceived
 .text.ETH_DMATxDescChainInit
                0x0800054c       0x48 ..\obj\stm32f2x7_eth.o
                0x0800054c                ETH_DMATxDescChainInit
 .text.ETH_DMATxDescChecksumInsertionConfig
                0x08000594        0x8 ..\obj\stm32f2x7_eth.o
                0x08000594                ETH_DMATxDescChecksumInsertionConfig
 .text.ETH_SoftwareReset
                0x0800059c       0x10 ..\obj\stm32f2x7_eth.o
                0x0800059c                ETH_SoftwareReset
 .text.ETH_GetSoftwareResetStatus
                0x080005ac       0x10 ..\obj\stm32f2x7_eth.o
                0x080005ac                ETH_GetSoftwareResetStatus
 .text.ETH_DMAITConfig
                0x080005bc       0x24 ..\obj\stm32f2x7_eth.o
                0x080005bc                ETH_DMAITConfig
 .text.ETH_DMAClearITPendingBit
                0x080005e0       0x10 ..\obj\stm32f2x7_eth.o
                0x080005e0                ETH_DMAClearITPendingBit
 .text.ETH_FlushTransmitFIFO
                0x080005f0       0x14 ..\obj\stm32f2x7_eth.o
                0x080005f0                ETH_FlushTransmitFIFO
 .text.ETH_DMATransmissionCmd
                0x08000604       0x28 ..\obj\stm32f2x7_eth.o
                0x08000604                ETH_DMATransmissionCmd
 .text.ETH_DMAReceptionCmd
                0x0800062c       0x28 ..\obj\stm32f2x7_eth.o
                0x0800062c                ETH_DMAReceptionCmd
 .text.ETH_Start
                0x08000654       0x20 ..\obj\stm32f2x7_eth.o
                0x08000654                ETH_Start
 .text.ETH_ReadPHYRegister
                0x08000674       0x58 ..\obj\stm32f2x7_eth.o
                0x08000674                ETH_ReadPHYRegister
 .text.ETH_WritePHYRegister
                0x080006cc       0x5c ..\obj\stm32f2x7_eth.o
                0x080006cc                ETH_WritePHYRegister
 .text.ETH_Init
                0x08000728      0x280 ..\obj\stm32f2x7_eth.o
                0x08000728                ETH_Init
 .text.mem_init
                0x080009a8       0x38 ..\obj\mem.o
                0x080009a8                mem_init
 .text.mem_free
                0x080009e0       0x9c ..\obj\mem.o
                0x080009e0                mem_free
 .text.mem_realloc
                0x08000a7c       0xd4 ..\obj\mem.o
                0x08000a7c                mem_realloc
 .text.mem_malloc
                0x08000b50       0xd4 ..\obj\mem.o
                0x08000b50                mem_malloc
 .text.SPI1_Init
                0x08000c24       0xc4 ..\obj\spi.o
                0x08000c24                SPI1_Init
 .text.SPIx_WriteReadByte
                0x08000ce8       0x28 ..\obj\spi.o
                0x08000ce8                SPIx_WriteReadByte
 .text.SPIx_MasterSpeed
                0x08000d10       0x74 ..\obj\spi.o
                0x08000d10                SPIx_MasterSpeed
 .text.SPIx_MasterSetCR
                0x08000d84        0x4 ..\obj\spi.o
                0x08000d84                SPIx_MasterSetCR
 .text.SPIx_MasterGetCR
                0x08000d88        0x8 ..\obj\spi.o
                0x08000d88                SPIx_MasterGetCR
 .text.TimingInc
                0x08000d90       0x10 ..\obj\delay.o
                0x08000d90                TimingInc
 .text.GetUsFromTicks
                0x08000da0       0x38 ..\obj\delay.o
                0x08000da0                GetUsFromTicks
 .text.GetTimeUS
                0x08000dd8       0x28 ..\obj\delay.o
                0x08000dd8                GetTimeUS
 .text.GetTimeMS
                0x08000e00        0xc ..\obj\delay.o
                0x08000e00                GetTimeMS
 .text.SysTick_Init
                0x08000e0c       0x2c ..\obj\delay.o
                0x08000e0c                SysTick_Init
 .text.delayMS  0x08000e38       0x14 ..\obj\delay.o
                0x08000e38                delayMS
 .text.SysTick_Handler
                0x08000e4c        0x8 ..\obj\delay.o
                0x08000e4c                SysTick_Handler
 .text.tcp_update_rcv_ann_wnd
                0x08000e54       0x3c ..\obj\tcp.o
                0x08000e54                tcp_update_rcv_ann_wnd
 .text.tcp_recved
                0x08000e90       0x3c ..\obj\tcp.o
                0x08000e90                tcp_recved
 .text.tcp_seg_free
                0x08000ecc       0x24 ..\obj\tcp.o
                0x08000ecc                tcp_seg_free
 .text.tcp_segs_free
                0x08000ef0       0x24 ..\obj\tcp.o
                0x08000ef0                tcp_segs_free
 .text.tcp_pcb_purge
                0x08000f14       0x30 ..\obj\tcp.o
                0x08000f14                tcp_pcb_purge
 .text.tcp_pcb_remove
                0x08000f44       0x74 ..\obj\tcp.o
                0x08000f44                tcp_pcb_remove
 .text.tcp_close
                0x08000fb8       0xe0 ..\obj\tcp.o
                0x08000fb8                tcp_close
 .text.tcp_recv_null
                0x08001098       0x24 ..\obj\tcp.o
                0x08001098                tcp_recv_null
 .text.tcp_abandon
                0x080010bc       0x9c ..\obj\tcp.o
                0x080010bc                tcp_abandon
 .text.tcp_next_iss
                0x08001158       0x18 ..\obj\tcp.o
                0x08001158                tcp_next_iss
 .text.tcp_alloc
                0x08001170      0x108 ..\obj\tcp.o
                0x08001170                tcp_alloc
 .text.tcp_eff_send_mss
                0x08001278       0x20 ..\obj\tcp.o
                0x08001278                tcp_eff_send_mss
 .text.USART_Init
                0x08001298       0xc0 ..\obj\stm32f2xx_usart.o
                0x08001298                USART_Init
 .text.USART_Cmd
                0x08001358       0x1c ..\obj\stm32f2xx_usart.o
                0x08001358                USART_Cmd
 .text.USART_SendData
                0x08001374        0x8 ..\obj\stm32f2xx_usart.o
                0x08001374                USART_SendData
 .text.USART_GetFlagStatus
                0x0800137c        0xc ..\obj\stm32f2xx_usart.o
                0x0800137c                USART_GetFlagStatus
 .text.Reset_Handler
                0x08001388       0x50 ..\obj\startup_stm32f207xx.o
                0x08001388                Reset_Handler
 .text.Default_Handler
                0x080013d8        0x2 ..\obj\startup_stm32f207xx.o
                0x080013d8                HASH_RNG_IRQHandler
                0x080013d8                EXTI2_IRQHandler
                0x080013d8                TIM8_CC_IRQHandler
                0x080013d8                TIM1_CC_IRQHandler
                0x080013d8                DMA2_Stream5_IRQHandler
                0x080013d8                DMA1_Stream5_IRQHandler
                0x080013d8                PVD_IRQHandler
                0x080013d8                SDIO_IRQHandler
                0x080013d8                CAN2_RX1_IRQHandler
                0x080013d8                EXTI3_IRQHandler
                0x080013d8                TIM8_TRG_COM_TIM14_IRQHandler
                0x080013d8                TIM1_UP_TIM10_IRQHandler
                0x080013d8                TIM8_UP_TIM13_IRQHandler
                0x080013d8                I2C3_ER_IRQHandler
                0x080013d8                EXTI0_IRQHandler
                0x080013d8                I2C2_EV_IRQHandler
                0x080013d8                DMA1_Stream2_IRQHandler
                0x080013d8                CAN1_RX0_IRQHandler
                0x080013d8                OTG_HS_WKUP_IRQHandler
                0x080013d8                CAN2_SCE_IRQHandler
                0x080013d8                DMA2_Stream2_IRQHandler
                0x080013d8                SPI1_IRQHandler
                0x080013d8                TIM6_DAC_IRQHandler
                0x080013d8                TIM1_BRK_TIM9_IRQHandler
                0x080013d8                DCMI_IRQHandler
                0x080013d8                CAN2_RX0_IRQHandler
                0x080013d8                DMA2_Stream3_IRQHandler
                0x080013d8                USART6_IRQHandler
                0x080013d8                USART3_IRQHandler
                0x080013d8                CAN1_RX1_IRQHandler
                0x080013d8                UART5_IRQHandler
                0x080013d8                DMA2_Stream0_IRQHandler
                0x080013d8                TIM4_IRQHandler
                0x080013d8                I2C1_EV_IRQHandler
                0x080013d8                DMA1_Stream6_IRQHandler
                0x080013d8                DMA1_Stream1_IRQHandler
                0x080013d8                UART4_IRQHandler
                0x080013d8                TIM3_IRQHandler
                0x080013d8                RCC_IRQHandler
                0x080013d8                TIM8_BRK_TIM12_IRQHandler
                0x080013d8                Default_Handler
                0x080013d8                EXTI15_10_IRQHandler
                0x080013d8                ADC_IRQHandler
                0x080013d8                DMA1_Stream7_IRQHandler
                0x080013d8                TIM7_IRQHandler
                0x080013d8                CAN2_TX_IRQHandler
                0x080013d8                TIM5_IRQHandler
                0x080013d8                DMA2_Stream7_IRQHandler
                0x080013d8                I2C3_EV_IRQHandler
                0x080013d8                RTC_WKUP_IRQHandler
                0x080013d8                ETH_WKUP_IRQHandler
                0x080013d8                SPI2_IRQHandler
                0x080013d8                OTG_HS_EP1_IN_IRQHandler
                0x080013d8                DMA1_Stream0_IRQHandler
                0x080013d8                CAN1_TX_IRQHandler
                0x080013d8                EXTI4_IRQHandler
                0x080013d8                FSMC_IRQHandler
                0x080013d8                OTG_HS_EP1_OUT_IRQHandler
                0x080013d8                WWDG_IRQHandler
                0x080013d8                OTG_FS_WKUP_IRQHandler
                0x080013d8                TIM1_TRG_COM_TIM11_IRQHandler
                0x080013d8                OTG_HS_IRQHandler
                0x080013d8                EXTI1_IRQHandler
                0x080013d8                USART2_IRQHandler
                0x080013d8                I2C2_ER_IRQHandler
                0x080013d8                DMA2_Stream1_IRQHandler
                0x080013d8                CAN1_SCE_IRQHandler
                0x080013d8                FLASH_IRQHandler
                0x080013d8                DMA2_Stream4_IRQHandler
                0x080013d8                USART1_IRQHandler
                0x080013d8                OTG_FS_IRQHandler
                0x080013d8                SPI3_IRQHandler
                0x080013d8                DMA1_Stream4_IRQHandler
                0x080013d8                I2C1_ER_IRQHandler
                0x080013d8                DMA2_Stream6_IRQHandler
                0x080013d8                DMA1_Stream3_IRQHandler
 *fill*         0x080013da        0x2 
 .text.UDP_Target_Init
                0x080013dc       0x3c ..\obj\udpServer.o
                0x080013dc                UDP_Target_Init
 .text.UDP_Target_Send
                0x08001418       0x14 ..\obj\udpServer.o
                0x08001418                UDP_Target_Send
 .text.swap_buf
                0x0800142c       0x28 ..\obj\udpServer.o
                0x0800142c                swap_buf
 .text.udp_data_recv
                0x08001454       0x90 ..\obj\udpServer.o
                0x08001454                udp_data_recv
 .text.UDP_Server_Init
                0x080014e4       0x30 ..\obj\udpServer.o
                0x080014e4                UDP_Server_Init
 .text.UDP_Client_Pcb_Get
                0x08001514        0xc ..\obj\udpServer.o
                0x08001514                UDP_Client_Pcb_Get
 .text.tcp_parseopt
                0x08001520       0x90 ..\obj\tcp_in.o
 .text.tcp_receive
                0x080015b0      0x4d8 ..\obj\tcp_in.o
 .text.tcp_input
                0x08001a88      0x914 ..\obj\tcp_in.o
                0x08001a88                tcp_input
 .text.MCR20Drv_IRQ_Disable
                0x0800239c       0x1c ..\obj\MCR20Drv.o
                0x0800239c                MCR20Drv_IRQ_Disable
 .text.MCR20Drv_IRQ_Enable
                0x080023b8       0x1c ..\obj\MCR20Drv.o
                0x080023b8                MCR20Drv_IRQ_Enable
 .text.MCR20Drv_DirectAccessSPIWrite
                0x080023d4       0x40 ..\obj\MCR20Drv.o
                0x080023d4                MCR20Drv_DirectAccessSPIWrite
 .text.MCR20Drv_DirectAccessSPIMultiByteWrite
                0x08002414       0x54 ..\obj\MCR20Drv.o
                0x08002414                MCR20Drv_DirectAccessSPIMultiByteWrite
 .text.MCR20Drv_PB_SPIBurstWrite
                0x08002468       0x4c ..\obj\MCR20Drv.o
                0x08002468                MCR20Drv_PB_SPIBurstWrite
 .text.MCR20Drv_DirectAccessSPIRead
                0x080024b4       0x50 ..\obj\MCR20Drv.o
                0x080024b4                MCR20Drv_DirectAccessSPIRead
 .text.MCR20Drv_DirectAccessSPIMultiByteRead
                0x08002504       0x64 ..\obj\MCR20Drv.o
                0x08002504                MCR20Drv_DirectAccessSPIMultiByteRead
 .text.MCR20Drv_PB_SPIBurstRead
                0x08002568       0x5c ..\obj\MCR20Drv.o
                0x08002568                MCR20Drv_PB_SPIBurstRead
 .text.MCR20Drv_IndirectAccessSPIWrite
                0x080025c4       0x44 ..\obj\MCR20Drv.o
                0x080025c4                MCR20Drv_IndirectAccessSPIWrite
 .text.MCR20Drv_IndirectAccessSPIMultiByteWrite
                0x08002608       0x54 ..\obj\MCR20Drv.o
                0x08002608                MCR20Drv_IndirectAccessSPIMultiByteWrite
 .text.MCR20Drv_IndirectAccessSPIRead
                0x0800265c       0x50 ..\obj\MCR20Drv.o
                0x0800265c                MCR20Drv_IndirectAccessSPIRead
 .text.MCR20Drv_IRQ_Clear
                0x080026ac        0xc ..\obj\MCR20Drv.o
                0x080026ac                MCR20Drv_IRQ_Clear
 .text.MCR20Drv_RST_B_Assert
                0x080026b8       0x14 ..\obj\MCR20Drv.o
                0x080026b8                MCR20Drv_RST_B_Assert
 .text.MCR20Drv_RST_B_Deassert
                0x080026cc       0x14 ..\obj\MCR20Drv.o
                0x080026cc                MCR20Drv_RST_B_Deassert
 .text.MCR20Drv_RESET
                0x080026e0       0x34 ..\obj\MCR20Drv.o
                0x080026e0                MCR20Drv_RESET
 .text.MCR20Drv_Init
                0x08002714       0x28 ..\obj\MCR20Drv.o
                0x08002714                MCR20Drv_Init
 .text.MCR20Drv_Set_CLK_OUT_Freq
                0x0800273c       0x18 ..\obj\MCR20Drv.o
                0x0800273c                MCR20Drv_Set_CLK_OUT_Freq
 .text.SPI_Init
                0x08002754       0x40 ..\obj\stm32f2xx_spi.o
                0x08002754                SPI_Init
 .text.SPI_Cmd  0x08002794       0x1c ..\obj\stm32f2xx_spi.o
                0x08002794                SPI_Cmd
 .text.SPI_I2S_ReceiveData
                0x080027b0        0x8 ..\obj\stm32f2xx_spi.o
                0x080027b0                SPI_I2S_ReceiveData
 .text.SPI_I2S_SendData
                0x080027b8        0x4 ..\obj\stm32f2xx_spi.o
                0x080027b8                SPI_I2S_SendData
 .text.memp_init
                0x080027bc       0x74 ..\obj\memp.o
                0x080027bc                memp_init
 .text.memp_malloc
                0x08002830       0x2c ..\obj\memp.o
                0x08002830                memp_malloc
 .text.memp_free
                0x0800285c       0x18 ..\obj\memp.o
                0x0800285c                memp_free
 .text.RNG_Cmd  0x08002874       0x20 ..\obj\stm32f2xx_rng.o
                0x08002874                RNG_Cmd
 .text.RNG_GetRandomNumber
                0x08002894        0xc ..\obj\stm32f2xx_rng.o
                0x08002894                RNG_GetRandomNumber
 .text.RNG_GetFlagStatus
                0x080028a0       0x14 ..\obj\stm32f2xx_rng.o
                0x080028a0                RNG_GetFlagStatus
 .text.nwkInit  0x080028b4       0x28 ..\obj\nwk.o
                0x080028b4                nwkInit
 .text.nwkTxData
                0x080028dc      0x154 ..\obj\nwk.o
                0x080028dc                nwkTxData
 .text.nwkRxBusy
                0x08002a30       0x10 ..\obj\nwk.o
                0x08002a30                nwkRxBusy
 .text.nwkRxHandoff
                0x08002a40       0x28 ..\obj\nwk.o
                0x08002a40                nwkRxHandoff
 .text.nwkCopyFwdPkt
                0x08002a68       0xac ..\obj\nwk.o
                0x08002a68                nwkCopyFwdPkt
 .text.nwkFSM   0x08002b14      0x284 ..\obj\nwk.o
                0x08002b14                nwkFSM
 .text.nwkFindParentSADDR
                0x08002d98       0x60 ..\obj\nwk.o
                0x08002d98                nwkFindParentSADDR
 .text.nwkGetHopsToDest
                0x08002df8      0x12c ..\obj\nwk.o
                0x08002df8                nwkGetHopsToDest
 .text.FLASH_Unlock
                0x08002f24       0x20 ..\obj\stm32f2xx_flash.o
                0x08002f24                FLASH_Unlock
 .text.FLASH_Lock
                0x08002f44       0x10 ..\obj\stm32f2xx_flash.o
                0x08002f44                FLASH_Lock
 .text.FLASH_ClearFlag
                0x08002f54        0xc ..\obj\stm32f2xx_flash.o
                0x08002f54                FLASH_ClearFlag
 .text.FLASH_GetStatus
                0x08002f60       0x40 ..\obj\stm32f2xx_flash.o
                0x08002f60                FLASH_GetStatus
 .text.FLASH_WaitForLastOperation
                0x08002fa0       0x38 ..\obj\stm32f2xx_flash.o
                0x08002fa0                FLASH_WaitForLastOperation
 .text.FLASH_EraseSector
                0x08002fd8       0x6c ..\obj\stm32f2xx_flash.o
                0x08002fd8                FLASH_EraseSector
 .text.FLASH_ProgramWord
                0x08003044       0x3c ..\obj\stm32f2xx_flash.o
                0x08003044                FLASH_ProgramWord
 .text.ip_reass_free_complete_datagram
                0x08003080       0x94 ..\obj\ip_frag.o
 .text.ip_reass_remove_oldest_datagram
                0x08003114       0x70 ..\obj\ip_frag.o
 .text.ip_reass
                0x08003184      0x340 ..\obj\ip_frag.o
                0x08003184                ip_reass
 .text.ip_frag  0x080034c4      0x194 ..\obj\ip_frag.o
                0x080034c4                ip_frag
 .text.ip_addr_isbroadcast
                0x08003658       0x40 ..\obj\ip_addr.o
                0x08003658                ip_addr_isbroadcast
 .text.TIM_Cmd  0x08003698       0x1c ..\obj\stm32f2xx_tim.o
                0x08003698                TIM_Cmd
 .text.TIM_ClearITPendingBit
                0x080036b4        0x8 ..\obj\stm32f2xx_tim.o
                0x080036b4                TIM_ClearITPendingBit
 .text.lwip_standard_chksum
                0x080036bc       0x64 ..\obj\inet_chksum.o
 .text.inet_chksum
                0x08003720        0xc ..\obj\inet_chksum.o
                0x08003720                inet_chksum
 .text.inet_chksum_pbuf
                0x0800372c       0x50 ..\obj\inet_chksum.o
                0x0800372c                inet_chksum_pbuf
 .text.System_Init
                0x0800377c       0x14 ..\obj\main.o
                0x0800377c                System_Init
 .text.Board_Init
                0x08003790       0x5c ..\obj\main.o
                0x08003790                Board_Init
 .text.main     0x080037ec       0x14 ..\obj\main.o
                0x080037ec                main
 .text.Board_COM2_Input_Enable
                0x08003800       0x44 ..\obj\board.o
                0x08003800                Board_COM2_Input_Enable
 .text.Board_COM2_Input_Disable
                0x08003844       0x14 ..\obj\board.o
                0x08003844                Board_COM2_Input_Disable
 .text.Board_COMInit
                0x08003858       0xbc ..\obj\board.o
                0x08003858                Board_COMInit
 .text.Board_LedOn
                0x08003914       0x20 ..\obj\board.o
                0x08003914                Board_LedOn
 .text.Board_LedOff
                0x08003934       0x20 ..\obj\board.o
                0x08003934                Board_LedOff
 .text.Board_LEDInit
                0x08003954       0x50 ..\obj\board.o
                0x08003954                Board_LEDInit
 .text.TIM2_IRQHandler
                0x080039a4       0xec ..\obj\board.o
                0x080039a4                TIM2_IRQHandler
 .text.TAMP_STAMP_IRQHandler
                0x08003a90       0x18 ..\obj\board.o
                0x08003a90                TAMP_STAMP_IRQHandler
 .text.RTC_Alarm_IRQHandler
                0x08003aa8        0xc ..\obj\board.o
                0x08003aa8                RTC_Alarm_IRQHandler
 .text.Board_Flash_Init
                0x08003ab4       0x20 ..\obj\board.o
                0x08003ab4                Board_Flash_Init
 .text.Board_Mac_AutoGen
                0x08003ad4       0x34 ..\obj\board.o
                0x08003ad4                Board_Mac_AutoGen
 .text.Board_Mac_Get
                0x08003b08       0x18 ..\obj\board.o
                0x08003b08                Board_Mac_Get
 .text.Board_Mac_Get_Ptr
                0x08003b20        0x8 ..\obj\board.o
                0x08003b20                Board_Mac_Get_Ptr
 .text.Board_Flash_Write
                0x08003b28       0x30 ..\obj\board.o
                0x08003b28                Board_Flash_Write
 .text.Board_DeviceInfo_Write
                0x08003b58        0xc ..\obj\board.o
                0x08003b58                Board_DeviceInfo_Write
 .text.Board_DeviceInfo_Read
                0x08003b64       0x28 ..\obj\board.o
                0x08003b64                Board_DeviceInfo_Read
 .text.Board_DeviceInfo_Get
                0x08003b8c        0x8 ..\obj\board.o
                0x08003b8c                Board_DeviceInfo_Get
 .text.Board_DeviceInfo_Print
                0x08003b94      0x16c ..\obj\board.o
                0x08003b94                Board_DeviceInfo_Print
 .text.Board_Network_SetDefault
                0x08003d00       0x58 ..\obj\board.o
                0x08003d00                Board_Network_SetDefault
 .text.Board_Network_Set
                0x08003d58      0x12c ..\obj\board.o
                0x08003d58                Board_Network_Set
 .text.Board_DeviceInfo_SetDefault
                0x08003e84       0xb4 ..\obj\board.o
                0x08003e84                Board_DeviceInfo_SetDefault
 .text.Board_DeviceInfo_Init
                0x08003f38       0x14 ..\obj\board.o
                0x08003f38                Board_DeviceInfo_Init
 .text.Board_Soft_Reset
                0x08003f4c       0x40 ..\obj\board.o
                0x08003f4c                Board_Soft_Reset
 .text.Board_COM2_Gets
                0x08003f8c       0x68 ..\obj\board.o
                0x08003f8c                Board_COM2_Gets
 .text.Board_Manual_SetDefault
                0x08003ff4       0xa4 ..\obj\board.o
                0x08003ff4                Board_Manual_SetDefault
 .text.ntInitAddressMap
                0x08004098       0x18 ..\obj\neighbor.o
                0x08004098                ntInitAddressMap
 .text.ntFindAddressByLADDR
                0x080040b0       0x6c ..\obj\neighbor.o
                0x080040b0                ntFindAddressByLADDR
 .text.ntFindAddressBySADDR
                0x0800411c       0x34 ..\obj\neighbor.o
                0x0800411c                ntFindAddressBySADDR
 .text.ntCheckAddressMapEntry
                0x08004150       0x68 ..\obj\neighbor.o
                0x08004150                ntCheckAddressMapEntry
 .text.ntNewAddressMapEntry
                0x080041b8       0x9c ..\obj\neighbor.o
                0x080041b8                ntNewAddressMapEntry
 .text.ntAddOurselvesToAddressTable
                0x08004254       0x18 ..\obj\neighbor.o
                0x08004254                ntAddOurselvesToAddressTable
 .text.ntGetCskip
                0x0800426c       0x44 ..\obj\neighbor.o
                0x0800426c                ntGetCskip
 .text.ntGetMaxSADDR
                0x080042b0       0x14 ..\obj\neighbor.o
                0x080042b0                ntGetMaxSADDR
 .text.ntFindBySADDR
                0x080042c4       0x38 ..\obj\neighbor.o
                0x080042c4                ntFindBySADDR
 .text.ntFindByLADDR
                0x080042fc       0x6c ..\obj\neighbor.o
                0x080042fc                ntFindByLADDR
 .text.ntInitTable
                0x08004368       0x1c ..\obj\neighbor.o
                0x08004368                ntInitTable
 .text.ntInitAddressAssignment
                0x08004384       0x38 ..\obj\neighbor.o
                0x08004384                ntInitAddressAssignment
 .text.ntAddNeighbor
                0x080043bc      0x10c ..\obj\neighbor.o
                0x080043bc                ntAddNeighbor
 .text.ntFindNewDst
                0x080044c8       0x94 ..\obj\neighbor.o
                0x080044c8                ntFindNewDst
 .text.IP4_Addr_Set
                0x0800455c       0x9c ..\obj\netconf.o
                0x0800455c                IP4_Addr_Set
 .text.LwIP_Init
                0x080045f8       0x4c ..\obj\netconf.o
                0x080045f8                LwIP_Init
 .text.LwIP_Pkt_Handle
                0x08004644       0x10 ..\obj\netconf.o
                0x08004644                LwIP_Pkt_Handle
 .text.zepCommonFmt
                0x08004654       0x4c ..\obj\zep.o
 .text.zepInit  0x080046a0       0x14 ..\obj\zep.o
                0x080046a0                zepInit
 .text.zepFSM   0x080046b4       0x30 ..\obj\zep.o
                0x080046b4                zepFSM
 .text.zepHandleRxPacket
                0x080046e4       0x8c ..\obj\zep.o
                0x080046e4                zepHandleRxPacket
 .text.zepFmtPing
                0x08004770       0x34 ..\obj\zep.o
                0x08004770                zepFmtPing
 .text.zepFmtAlarm
                0x080047a4       0x28 ..\obj\zep.o
                0x080047a4                zepFmtAlarm
 .text.zepFmtEndDeviceAnnounce
                0x080047cc       0x38 ..\obj\zep.o
                0x080047cc                zepFmtEndDeviceAnnounce
 .text.zepFmtNodeInfoRsp
                0x08004804       0x98 ..\obj\zep.o
                0x08004804                zepFmtNodeInfoRsp
 .text.spi_master_configure_speed
                0x0800489c       0x28 ..\obj\MCR20A_port.o
                0x0800489c                spi_master_configure_speed
 .text.spi_master_transfer
                0x080048c4       0x50 ..\obj\MCR20A_port.o
                0x080048c4                spi_master_transfer
 .text.spi_cs_init
                0x08004914       0x38 ..\obj\MCR20A_port.o
                0x08004914                spi_cs_init
 .text.spi_master_init
                0x0800494c       0x40 ..\obj\MCR20A_port.o
                0x0800494c                spi_master_init
 .text.spi_cs_enable
                0x0800498c       0x10 ..\obj\MCR20A_port.o
                0x0800498c                spi_cs_enable
 .text.spi_cs_disable
                0x0800499c       0x10 ..\obj\MCR20A_port.o
                0x0800499c                spi_cs_disable
 .text.MCR20A_RST_Init
                0x080049ac       0x38 ..\obj\MCR20A_port.o
                0x080049ac                MCR20A_RST_Init
 .text.MCR20A_IRQ_Init
                0x080049e4       0x80 ..\obj\MCR20A_port.o
                0x080049e4                MCR20A_IRQ_Init
 .text.MCR20A_IRQ_Disable
                0x08004a64       0x28 ..\obj\MCR20A_port.o
                0x08004a64                MCR20A_IRQ_Disable
 .text.MCR20A_IRQ_Enable
                0x08004a8c       0x28 ..\obj\MCR20A_port.o
                0x08004a8c                MCR20A_IRQ_Enable
 .text.MCR20A_MCU_RNG_Init
                0x08004ab4       0x14 ..\obj\MCR20A_port.o
                0x08004ab4                MCR20A_MCU_RNG_Init
 .text.MCR20A_MCU_GetRNG
                0x08004ac8       0x14 ..\obj\MCR20A_port.o
                0x08004ac8                MCR20A_MCU_GetRNG
 .text.Network_Config
                0x08004adc       0x60 ..\obj\stack_entry.o
                0x08004adc                Network_Config
 .text.Zg_Data_Send
                0x08004b3c       0x5c ..\obj\stack_entry.o
                0x08004b3c                Zg_Data_Send
 .text.Zg_Heart_Send
                0x08004b98       0x4c ..\obj\stack_entry.o
                0x08004b98                Zg_Heart_Send
 .text.Zigbee_Data_Service
                0x08004be4       0x9c ..\obj\stack_entry.o
                0x08004be4                Zigbee_Data_Service
 .text.stack_main
                0x08004c80      0x114 ..\obj\stack_entry.o
                0x08004c80                stack_main
 .text.usrZepRxCallback
                0x08004d94        0x4 ..\obj\stack_entry.o
                0x08004d94                usrZepRxCallback
 .text.usrRxPacketCallback
                0x08004d98       0x18 ..\obj\stack_entry.o
                0x08004d98                usrRxPacketCallback
 .text.checkLongAddr
                0x08004db0       0x2c ..\obj\stack_entry.o
                0x08004db0                checkLongAddr
 .text.usrJoinVerifyCallback
                0x08004ddc       0x24 ..\obj\stack_entry.o
                0x08004ddc                usrJoinVerifyCallback
 .text.usrJoinNotifyCallback
                0x08004e00       0x1c ..\obj\stack_entry.o
                0x08004e00                usrJoinNotifyCallback
 .text.NMI_Handler
                0x08004e1c       0x10 ..\obj\stm32f2xx_it.o
                0x08004e1c                NMI_Handler
 .text.HardFault_Handler
                0x08004e2c       0x10 ..\obj\stm32f2xx_it.o
                0x08004e2c                HardFault_Handler
 .text.MemManage_Handler
                0x08004e3c       0x10 ..\obj\stm32f2xx_it.o
                0x08004e3c                MemManage_Handler
 .text.BusFault_Handler
                0x08004e4c       0x10 ..\obj\stm32f2xx_it.o
                0x08004e4c                BusFault_Handler
 .text.UsageFault_Handler
                0x08004e5c       0x10 ..\obj\stm32f2xx_it.o
                0x08004e5c                UsageFault_Handler
 .text.SVC_Handler
                0x08004e6c        0x4 ..\obj\stm32f2xx_it.o
                0x08004e6c                SVC_Handler
 .text.DebugMon_Handler
                0x08004e70        0x4 ..\obj\stm32f2xx_it.o
                0x08004e70                DebugMon_Handler
 .text.PendSV_Handler
                0x08004e74        0x4 ..\obj\stm32f2xx_it.o
                0x08004e74                PendSV_Handler
 .text.ETH_BSP_Config
                0x08004e78      0x1f0 ..\obj\stm32f2x7_eth_bsp.o
                0x08004e78                ETH_BSP_Config
 .text.ETH_IRQHandler
                0x08005068       0x20 ..\obj\stm32f2x7_eth_bsp.o
                0x08005068                ETH_IRQHandler
 .text.low_level_output
                0x08005088       0x34 ..\obj\ethernetif.o
 .text.ethernetif_input
                0x080050bc       0xb8 ..\obj\ethernetif.o
                0x080050bc                ethernetif_input
 .text.ethernetif_init
                0x08005174       0xa8 ..\obj\ethernetif.o
                0x08005174                ethernetif_init
 .text.SYSCFG_EXTILineConfig
                0x0800521c       0x2c ..\obj\stm32f2xx_syscfg.o
                0x0800521c                SYSCFG_EXTILineConfig
 .text.free_etharp_q
                0x08005248       0x24 ..\obj\etharp.o
 .text.find_entry
                0x0800526c      0x174 ..\obj\etharp.o
 .text.etharp_send_ip
                0x080053e0       0x30 ..\obj\etharp.o
 .text.update_arp_entry
                0x08005410       0xec ..\obj\etharp.o
 .text.etharp_ip_input
                0x080054fc       0x28 ..\obj\etharp.o
                0x080054fc                etharp_ip_input
 .text.etharp_arp_input
                0x08005524       0xfc ..\obj\etharp.o
                0x08005524                etharp_arp_input
 .text.etharp_request
                0x08005620       0xa0 ..\obj\etharp.o
                0x08005620                etharp_request
 .text.etharp_query
                0x080056c0      0x188 ..\obj\etharp.o
                0x080056c0                etharp_query
 .text.etharp_output
                0x08005848       0xb4 ..\obj\etharp.o
                0x08005848                etharp_output
 .text.ethernet_input
                0x080058fc       0x5c ..\obj\etharp.o
                0x080058fc                ethernet_input
 .text.evbBindTableIterInit
                0x08005958       0x1c ..\obj\staticbind.o
                0x08005958                evbBindTableIterInit
 .text.evbResolveBind
                0x08005974       0xf4 ..\obj\staticbind.o
                0x08005974                evbResolveBind
 .text.xUSART2_getchar
                0x08005a68       0x20 ..\obj\xprintf.o
                0x08005a68                xUSART2_getchar
 .text.xUSART2_putchar
                0x08005a88       0x24 ..\obj\xprintf.o
                0x08005a88                xUSART2_putchar
 .text.xUSART2_putchar_n
                0x08005aac       0x18 ..\obj\xprintf.o
                0x08005aac                xUSART2_putchar_n
 .text.xputc    0x08005ac4       0x24 ..\obj\xprintf.o
                0x08005ac4                xputc
 .text.xputs    0x08005ae8       0x18 ..\obj\xprintf.o
                0x08005ae8                xputs
 .text.xvprintf
                0x08005b00      0x284 ..\obj\xprintf.o
 .text.xprintf  0x08005d84       0x1c ..\obj\xprintf.o
                0x08005d84                xprintf
 .text.xPrintfCom2_Init
                0x08005da0       0x68 ..\obj\xprintf.o
                0x08005da0                xPrintfCom2_Init
 .text.xUSART2_ValidInput
                0x08005e08       0x18 ..\obj\xprintf.o
                0x08005e08                xUSART2_ValidInput
 .text.phyInit  0x08005e20       0x1c ..\obj\phy.o
                0x08005e20                phyInit
 .text.phyRxCallback
                0x08005e3c        0x4 ..\obj\phy.o
                0x08005e3c                phyRxCallback
 .text.phyTxStartCallBack
                0x08005e40       0x10 ..\obj\phy.o
                0x08005e40                phyTxStartCallBack
 .text.phyTxEndCallBack
                0x08005e50       0x10 ..\obj\phy.o
                0x08005e50                phyTxEndCallBack
 .text.phyFSM   0x08005e60       0xa8 ..\obj\phy.o
                0x08005e60                phyFSM
 .text.pbuf_header
                0x08005f08       0x78 ..\obj\pbuf.o
                0x08005f08                pbuf_header
 .text.pbuf_free
                0x08005f80       0x54 ..\obj\pbuf.o
                0x08005f80                pbuf_free
 .text.pbuf_alloc
                0x08005fd4      0x140 ..\obj\pbuf.o
                0x08005fd4                pbuf_alloc
 .text.pbuf_realloc
                0x08006114       0x58 ..\obj\pbuf.o
                0x08006114                pbuf_realloc
 .text.pbuf_clen
                0x0800616c       0x18 ..\obj\pbuf.o
                0x0800616c                pbuf_clen
 .text.pbuf_ref
                0x08006184        0xc ..\obj\pbuf.o
                0x08006184                pbuf_ref
 .text.pbuf_cat
                0x08006190       0x34 ..\obj\pbuf.o
                0x08006190                pbuf_cat
 .text.pbuf_chain
                0x080061c4       0x10 ..\obj\pbuf.o
                0x080061c4                pbuf_chain
 .text.pbuf_copy
                0x080061d4       0xcc ..\obj\pbuf.o
                0x080061d4                pbuf_copy
 .text.pbuf_copy_partial
                0x080062a0       0x78 ..\obj\pbuf.o
                0x080062a0                pbuf_copy_partial
 .text.htons    0x08006318        0xc ..\obj\inet.o
                0x08006318                htons
 .text.ntohs    0x08006324        0xc ..\obj\inet.o
                0x08006324                ntohs
 .text.htonl    0x08006330       0x18 ..\obj\inet.o
                0x08006330                htonl
 .text.ntohl    0x08006348        0x8 ..\obj\inet.o
                0x08006348                ntohl
 .text.netif_set_ipaddr
                0x08006350       0x68 ..\obj\netif.o
                0x08006350                netif_set_ipaddr
 .text.netif_set_addr
                0x080063b8       0x24 ..\obj\netif.o
                0x080063b8                netif_set_addr
 .text.netif_add
                0x080063dc       0x4c ..\obj\netif.o
                0x080063dc                netif_add
 .text.netif_set_default
                0x08006428        0xc ..\obj\netif.o
                0x08006428                netif_set_default
 .text.netif_set_up
                0x08006434       0x24 ..\obj\netif.o
                0x08006434                netif_set_up
 .text.netif_is_up
                0x08006458        0xc ..\obj\netif.o
                0x08006458                netif_is_up
 .text.GPIO_Init
                0x08006464       0x90 ..\obj\stm32f2xx_gpio.o
                0x08006464                GPIO_Init
 .text.GPIO_SetBits
                0x080064f4        0x4 ..\obj\stm32f2xx_gpio.o
                0x080064f4                GPIO_SetBits
 .text.GPIO_ResetBits
                0x080064f8        0x4 ..\obj\stm32f2xx_gpio.o
                0x080064f8                GPIO_ResetBits
 .text.GPIO_PinAFConfig
                0x080064fc       0x28 ..\obj\stm32f2xx_gpio.o
                0x080064fc                GPIO_PinAFConfig
 .text.SystemInit
                0x08006524       0xdc ..\obj\system_stm32f2xx.o
                0x08006524                SystemInit
 .text.SystemCoreClockUpdate
                0x08006600       0x8c ..\obj\system_stm32f2xx.o
                0x08006600                SystemCoreClockUpdate
 .text.RCC_GetClocksFreq
                0x0800668c       0xa4 ..\obj\stm32f2xx_rcc.o
                0x0800668c                RCC_GetClocksFreq
 .text.RCC_AHB1PeriphClockCmd
                0x08006730       0x1c ..\obj\stm32f2xx_rcc.o
                0x08006730                RCC_AHB1PeriphClockCmd
 .text.RCC_AHB2PeriphClockCmd
                0x0800674c       0x1c ..\obj\stm32f2xx_rcc.o
                0x0800674c                RCC_AHB2PeriphClockCmd
 .text.RCC_APB1PeriphClockCmd
                0x08006768       0x1c ..\obj\stm32f2xx_rcc.o
                0x08006768                RCC_APB1PeriphClockCmd
 .text.RCC_APB2PeriphClockCmd
                0x08006784       0x1c ..\obj\stm32f2xx_rcc.o
                0x08006784                RCC_APB2PeriphClockCmd
 .text.RCC_AHB1PeriphResetCmd
                0x080067a0       0x1c ..\obj\stm32f2xx_rcc.o
                0x080067a0                RCC_AHB1PeriphResetCmd
 .text.halInit  0x080067bc       0x1c ..\obj\halStack.o
                0x080067bc                halInit
 .text.halUtilMemCopy
                0x080067d8       0x1c ..\obj\halStack.o
                0x080067d8                halUtilMemCopy
 .text.halGetMACTimer
                0x080067f4        0x8 ..\obj\halStack.o
                0x080067f4                halGetMACTimer
 .text.halGetRandomByte
                0x080067fc        0x8 ..\obj\halStack.o
                0x080067fc                halGetRandomByte
 .text.halSetChannel
                0x08006804       0x1c ..\obj\halStack.o
                0x08006804                halSetChannel
 .text.halSetRadioIEEEFrequency
                0x08006820       0x14 ..\obj\halStack.o
                0x08006820                halSetRadioIEEEFrequency
 .text.halGetProcessorIEEEAddress
                0x08006834        0x8 ..\obj\halStack.o
                0x08006834                halGetProcessorIEEEAddress
 .text.halSetRadioIEEEAddress
                0x0800683c       0x18 ..\obj\halStack.o
                0x0800683c                halSetRadioIEEEAddress
 .text.halSetRadioPANID
                0x08006854       0x18 ..\obj\halStack.o
                0x08006854                halSetRadioPANID
 .text.halSetRadioShortAddr
                0x0800686c       0x18 ..\obj\halStack.o
                0x0800686c                halSetRadioShortAddr
 .text.halInitRadio
                0x08006884       0x50 ..\obj\halStack.o
                0x08006884                halInitRadio
 .text.halIdle  0x080068d4        0x4 ..\obj\halStack.o
                0x080068d4                halIdle
 .text.halTxTimeOut
                0x080068d8       0x90 ..\obj\halStack.o
                0x080068d8                halTxTimeOut
 .text.halRadioGetFrame
                0x08006968       0x8c ..\obj\halStack.o
                0x08006968                halRadioGetFrame
 .text.IRQ_Handler
                0x080069f4       0xfc ..\obj\halStack.o
                0x080069f4                IRQ_Handler
 .text.EXTI9_5_IRQHandler
                0x08006af0       0x1c ..\obj\halStack.o
                0x08006af0                EXTI9_5_IRQHandler
 .text.halSendPacket
                0x08006b0c       0xec ..\obj\halStack.o
                0x08006b0c                halSendPacket
 .text.MCR20A_SetPanId
                0x08006bf8       0x20 ..\obj\MCR20A_Phy.o
                0x08006bf8                MCR20A_SetPanId
 .text.MCR20A_SetShortAddr
                0x08006c18       0x20 ..\obj\MCR20A_Phy.o
                0x08006c18                MCR20A_SetShortAddr
 .text.MCR20A_SetLongAddr
                0x08006c38       0x20 ..\obj\MCR20A_Phy.o
                0x08006c38                MCR20A_SetLongAddr
 .text.MCR20A_SetMacRole
                0x08006c58       0x44 ..\obj\MCR20A_Phy.o
                0x08006c58                MCR20A_SetMacRole
 .text.MCR20A_SetCcaThreshold
                0x08006c9c       0x10 ..\obj\MCR20A_Phy.o
                0x08006c9c                MCR20A_SetCcaThreshold
 .text.MCR20A_SetDualPanSamLvl
                0x08006cac       0x24 ..\obj\MCR20A_Phy.o
                0x08006cac                MCR20A_SetDualPanSamLvl
 .text.MCR20A_SetCurrentChannelRequest
                0x08006cd0       0x4c ..\obj\MCR20A_Phy.o
                0x08006cd0                MCR20A_SetCurrentChannelRequest
 .text.MCR20A_SetPwrLevelRequest
                0x08006d1c       0x20 ..\obj\MCR20A_Phy.o
                0x08006d1c                MCR20A_SetPwrLevelRequest
 .text.MCR20A_RemoveFromIndirect
                0x08006d3c       0x20 ..\obj\MCR20A_Phy.o
                0x08006d3c                MCR20A_RemoveFromIndirect
 .text.MCR20A_HwInit
                0x08006d5c       0xcc ..\obj\MCR20A_Phy.o
                0x08006d5c                MCR20A_HwInit
 .text.MCR20A_LqiConvert
                0x08006e28       0x20 ..\obj\MCR20A_Phy.o
                0x08006e28                MCR20A_LqiConvert
 .text.udp_input
                0x08006e48      0x1c4 ..\obj\udp.o
                0x08006e48                udp_input
 .text.udp_bind
                0x0800700c       0x74 ..\obj\udp.o
                0x0800700c                udp_bind
 .text.udp_sendto_if
                0x08007080       0xc8 ..\obj\udp.o
                0x08007080                udp_sendto_if
 .text.udp_sendto
                0x08007148       0x2c ..\obj\udp.o
                0x08007148                udp_sendto
 .text.udp_recv
                0x08007174        0x8 ..\obj\udp.o
                0x08007174                udp_recv
 .text.udp_new  0x0800717c       0x1c ..\obj\udp.o
                0x0800717c                udp_new
 .text.ip_route
                0x08007198       0x48 ..\obj\ip.o
                0x08007198                ip_route
 .text.ip_input
                0x080071e0      0x1e0 ..\obj\ip.o
                0x080071e0                ip_input
 .text.ip_output_if
                0x080073c0       0xd4 ..\obj\ip.o
                0x080073c0                ip_output_if
 .text.ip_output
                0x08007494       0x38 ..\obj\ip.o
                0x08007494                ip_output
 .text.macTxData
                0x080074cc      0x1ac ..\obj\mac.o
 .text.macInit  0x08007678       0x44 ..\obj\mac.o
                0x08007678                macInit
 .text.macSetPANID
                0x080076bc       0x10 ..\obj\mac.o
                0x080076bc                macSetPANID
 .text.macInitRadio
                0x080076cc       0x64 ..\obj\mac.o
                0x080076cc                macInitRadio
 .text.macSetChannel
                0x08007730       0x10 ..\obj\mac.o
                0x08007730                macSetChannel
 .text.macSetShortAddr
                0x08007740       0x10 ..\obj\mac.o
                0x08007740                macSetShortAddr
 .text.macTxCallback
                0x08007750       0x2c ..\obj\mac.o
                0x08007750                macTxCallback
 .text.macRxCallback
                0x0800777c       0x48 ..\obj\mac.o
                0x0800777c                macRxCallback
 .text.macRxBuffFull
                0x080077c4       0x24 ..\obj\mac.o
                0x080077c4                macRxBuffFull
 .text.macRxBuffEmpty
                0x080077e8       0x18 ..\obj\mac.o
                0x080077e8                macRxBuffEmpty
 .text.macGetRxPacket
                0x08007800       0x2c ..\obj\mac.o
                0x08007800                macGetRxPacket
 .text.macFreeRxPacket
                0x0800782c       0x38 ..\obj\mac.o
                0x0800782c                macFreeRxPacket
 .text.macFSM   0x08007864      0x970 ..\obj\mac.o
                0x08007864                macFSM
 .text.EXTI_Init
                0x080081d4       0x90 ..\obj\stm32f2xx_exti.o
                0x080081d4                EXTI_Init
 .text.EXTI_GetITStatus
                0x08008264       0x1c ..\obj\stm32f2xx_exti.o
                0x08008264                EXTI_GetITStatus
 .text.EXTI_ClearITPendingBit
                0x08008280        0xc ..\obj\stm32f2xx_exti.o
                0x08008280                EXTI_ClearITPendingBit
 .text.apsInit  0x0800828c       0x4c ..\obj\aps.o
                0x0800828c                apsInit
 .text.apsRxBusy
                0x080082d8       0x10 ..\obj\aps.o
                0x080082d8                apsRxBusy
 .text.apsRxHandoff
                0x080082e8       0x34 ..\obj\aps.o
                0x080082e8                apsRxHandoff
 .text.apsRxBuffAdd
                0x0800831c       0x44 ..\obj\aps.o
                0x0800831c                apsRxBuffAdd
 .text.apsInjectPacket
                0x08008360       0xd8 ..\obj\aps.o
 .text.apsRxFSM
                0x08008438      0x21c ..\obj\aps.o
 .text.apsTxData
                0x08008654      0x25c ..\obj\aps.o
                0x08008654                apsTxData
 .text.apsFreeRxPacket
                0x080088b0       0x40 ..\obj\aps.o
                0x080088b0                apsFreeRxPacket
 .text.apsFSM   0x080088f0      0x480 ..\obj\aps.o
                0x080088f0                apsFSM
 .text.aplFmtSendMSG
                0x08008d70       0xf4 ..\obj\aps.o
                0x08008d70                aplFmtSendMSG
 .text.icmp_send_response
                0x08008e64       0x98 ..\obj\icmp.o
 .text.icmp_input
                0x08008efc      0x13c ..\obj\icmp.o
                0x08008efc                icmp_input
 .text.icmp_dest_unreach
                0x08009038        0xc ..\obj\icmp.o
                0x08009038                icmp_dest_unreach
 .text.icmp_time_exceeded
                0x08009044        0xc ..\obj\icmp.o
                0x08009044                icmp_time_exceeded
 .text.NVIC_PriorityGroupConfig
                0x08009050       0x14 ..\obj\misc.o
                0x08009050                NVIC_PriorityGroupConfig
 .text.NVIC_Init
                0x08009064       0x70 ..\obj\misc.o
                0x08009064                NVIC_Init
 .text.memhdr_get_size
                0x080090d4       0x10 ..\obj\memalloc.o
                0x080090d4                memhdr_get_size
 .text.memhdr_set_size
                0x080090e4       0x10 ..\obj\memalloc.o
                0x080090e4                memhdr_set_size
 .text.MemInit  0x080090f4       0x24 ..\obj\memalloc.o
                0x080090f4                MemInit
 .text.MemAlloc
                0x08009118       0x94 ..\obj\memalloc.o
                0x08009118                MemAlloc
 .text.MemFree  0x080091ac       0x70 ..\obj\memalloc.o
                0x080091ac                MemFree
 .text.conPCRLF
                0x0800921c        0x4 ..\obj\console.o
                0x0800921c                conPCRLF
 .text.conPrintROMString_func
                0x08009220        0x4 ..\obj\console.o
                0x08009220                conPrintROMString_func
 .text.conPrintLADDR
                0x08009224        0x4 ..\obj\console.o
                0x08009224                conPrintLADDR
 .text.dhcp_set_state
                0x08009228       0x10 ..\obj\dhcp.o
 .text.dhcp_option
                0x08009238       0x24 ..\obj\dhcp.o
 .text.dhcp_option_byte
                0x0800925c       0x14 ..\obj\dhcp.o
 .text.dhcp_option_long
                0x08009270       0x44 ..\obj\dhcp.o
 .text.dhcp_option_trailer
                0x080092b4       0x38 ..\obj\dhcp.o
 .text.dhcp_create_request
                0x080092ec      0x124 ..\obj\dhcp.o
 .text.dhcp_delete_request
                0x08009410       0x1c ..\obj\dhcp.o
 .text.dhcp_arp_reply
                0x0800942c       0x94 ..\obj\dhcp.o
                0x0800942c                dhcp_arp_reply
 .text.tcp_output_set_header
                0x080094c0       0x7c ..\obj\tcp_out.o
 .text.tcp_enqueue
                0x0800953c      0x3d0 ..\obj\tcp_out.o
                0x0800953c                tcp_enqueue
 .text.tcp_send_ctrl
                0x0800990c       0x1c ..\obj\tcp_out.o
                0x0800990c                tcp_send_ctrl
 .text.tcp_send_empty_ack
                0x08009928       0x58 ..\obj\tcp_out.o
                0x08009928                tcp_send_empty_ack
 .text.tcp_output
                0x08009980      0x298 ..\obj\tcp_out.o
                0x08009980                tcp_output
 .text.tcp_rst  0x08009c18       0xa0 ..\obj\tcp_out.o
                0x08009c18                tcp_rst
 .text.tcp_rexmit
                0x08009cb8       0x4c ..\obj\tcp_out.o
                0x08009cb8                tcp_rexmit
 .text.tcp_rexmit_fast
                0x08009d04       0x60 ..\obj\tcp_out.o
                0x08009d04                tcp_rexmit_fast
 .text.raw_input
                0x08009d64       0x64 ..\obj\raw.o
                0x08009d64                raw_input
 .text.__libc_init_array
                0x08009dc8       0x50 c:/arm_tools/5.4 2016q3/bin/../lib/gcc/arm-none-eabi/5.4.1/../../../../arm-none-eabi/lib/armv7-m\libc.a(lib_a-init.o)
                0x08009dc8                __libc_init_array
 .text          0x08009e18       0xec c:/arm_tools/5.4 2016q3/bin/../lib/gcc/arm-none-eabi/5.4.1/../../../../arm-none-eabi/lib/armv7-m\libc.a(lib_a-memcpy.o)
                0x08009e18                memcpy
 .text.memset   0x08009f04       0x9c c:/arm_tools/5.4 2016q3/bin/../lib/gcc/arm-none-eabi/5.4.1/../../../../arm-none-eabi/lib/armv7-m\libc.a(lib_a-memset.o)
                0x08009f04                memset
 .text          0x08009fa0      0x1bc c:/arm_tools/5.4 2016q3/bin/../lib/gcc/arm-none-eabi/5.4.1/../../../../arm-none-eabi/lib/armv7-m\libc.a(lib_a-strcmp.o)
                0x08009fa0                strcmp
 .text.startup.register_fini
                0x0800a15c       0x14 c:/arm_tools/5.4 2016q3/bin/../lib/gcc/arm-none-eabi/5.4.1/../../../../arm-none-eabi/lib/armv7-m\libc.a(lib_a-__call_atexit.o)
 .text.atexit   0x0800a170        0xc c:/arm_tools/5.4 2016q3/bin/../lib/gcc/arm-none-eabi/5.4.1/../../../../arm-none-eabi/lib/armv7-m\libc.a(lib_a-atexit.o)
                0x0800a170                atexit
 .text.__libc_fini_array
                0x0800a17c       0x28 c:/arm_tools/5.4 2016q3/bin/../lib/gcc/arm-none-eabi/5.4.1/../../../../arm-none-eabi/lib/armv7-m\libc.a(lib_a-fini.o)
                0x0800a17c                __libc_fini_array
 .text.__register_exitproc
                0x0800a1a4       0xa4 c:/arm_tools/5.4 2016q3/bin/../lib/gcc/arm-none-eabi/5.4.1/../../../../arm-none-eabi/lib/armv7-m\libc.a(lib_a-__atexit.o)
                0x0800a1a4                __register_exitproc
 *(.init)
 .init          0x0800a248        0x4 c:/arm_tools/5.4 2016q3/bin/../lib/gcc/arm-none-eabi/5.4.1/armv7-m/crti.o
                0x0800a248                _init
 .init          0x0800a24c        0x8 c:/arm_tools/5.4 2016q3/bin/../lib/gcc/arm-none-eabi/5.4.1/armv7-m/crtn.o
 *(.fini)
 .fini          0x0800a254        0x4 c:/arm_tools/5.4 2016q3/bin/../lib/gcc/arm-none-eabi/5.4.1/armv7-m/crti.o
                0x0800a254                _fini
 .fini          0x0800a258        0x8 c:/arm_tools/5.4 2016q3/bin/../lib/gcc/arm-none-eabi/5.4.1/armv7-m/crtn.o
 *crtbegin.o(.ctors)
 *crtbegin?.o(.ctors)
 *(EXCLUDE_FILE(*crtend.o *crtend?.o) .ctors)
 *(SORT(.ctors.*))
 *(.ctors)
 *crtbegin.o(.dtors)
 *crtbegin?.o(.dtors)
 *(EXCLUDE_FILE(*crtend.o *crtend?.o) .dtors)
 *(SORT(.dtors.*))
 *(.dtors)
 *(.rodata*)
 .rodata.str1.4
                0x0800a260       0x76 ..\obj\tcp.o
 *fill*         0x0800a2d6        0x2 
 .rodata        0x0800a2d8       0x26 ..\obj\memp.o
 *fill*         0x0800a2fe        0x2 
 .rodata        0x0800a300        0x8 ..\obj\ip_addr.o
                0x0800a300                ip_addr_broadcast
                0x0800a304                ip_addr_any
 .rodata.str1.4
                0x0800a308       0x47 ..\obj\main.o
 *fill*         0x0800a34f        0x1 
 .rodata        0x0800a350       0x3c ..\obj\board.o
                0x0800a350                COM_TX_PORT_CLK
                0x0800a358                COM_RX_PORT_CLK
                0x0800a360                COM_USART_CLK
                0x0800a368                COM_TX_AF
                0x0800a36c                COM_TX_PIN_SOURCE
                0x0800a370                COM_RX_AF
                0x0800a374                COM_RX_PIN_SOURCE
                0x0800a378                COM_TX_PIN
                0x0800a37c                COM_RX_PIN
                0x0800a380                GPIO_PIN
                0x0800a384                GPIO_CLK
 .rodata.str1.4
                0x0800a38c      0x293 ..\obj\board.o
                                0x297 (size before relaxing)
 *fill*         0x0800a61f        0x1 
 .rodata        0x0800a620       0x30 ..\obj\stack_entry.o
                0x0800a620                LADDR_MASK
                0x0800a648                LADDR_SAMP
 .rodata.str1.4
                0x0800a650       0x98 ..\obj\stack_entry.o
                                 0xa4 (size before relaxing)
 .rodata.str1.4
                0x0800a6e8       0x6f ..\obj\stm32f2xx_it.o
 *fill*         0x0800a757        0x1 
 .rodata        0x0800a758        0xe ..\obj\etharp.o
                0x0800a758                ethzero
                0x0800a760                ethbroadcast
 *fill*         0x0800a766        0x2 
 .rodata        0x0800a768       0xbf ..\obj\xprintf.o
                0x0800a768                str_LOGO
 *fill*         0x0800a827        0x1 
 .rodata.str1.4
                0x0800a828       0x68 ..\obj\xprintf.o
                                 0x67 (size before relaxing)
 .rodata        0x0800a890       0x6c ..\obj\MCR20A_Phy.o
                0x0800a8c0                overwrites_indirect
                0x0800a8f2                gPhyIndirectQueueSize_c
                0x0800a8f3                gPhyActivePwrState
                0x0800a8f4                gPhyIdlePwrState
                0x0800a8f8                overwrites_direct
 .rodata._global_impure_ptr
                0x0800a8fc        0x4 c:/arm_tools/5.4 2016q3/bin/../lib/gcc/arm-none-eabi/5.4.1/../../../../arm-none-eabi/lib/armv7-m\libc.a(lib_a-impure.o)
                0x0800a8fc                _global_impure_ptr
 *(.eh_fram e*)

.eh_frame       0x0800a900        0x0
 .eh_frame      0x0800a900        0x0 c:/arm_tools/5.4 2016q3/bin/../lib/gcc/arm-none-eabi/5.4.1/armv7-m/crtbegin.o

.glue_7         0x0800a900        0x0
 .glue_7        0x0800a900        0x0 linker stubs

.glue_7t        0x0800a900        0x0
 .glue_7t       0x0800a900        0x0 linker stubs

.vfp11_veneer   0x0800a900        0x0
 .vfp11_veneer  0x0800a900        0x0 linker stubs

.v4_bx          0x0800a900        0x0
 .v4_bx         0x0800a900        0x0 linker stubs

.iplt           0x0800a900        0x0
 .iplt          0x0800a900        0x0 c:/arm_tools/5.4 2016q3/bin/../lib/gcc/arm-none-eabi/5.4.1/armv7-m/crtbegin.o

.rel.dyn        0x0800a900        0x0
 .rel.iplt      0x0800a900        0x0 c:/arm_tools/5.4 2016q3/bin/../lib/gcc/arm-none-eabi/5.4.1/armv7-m/crtbegin.o

.ARM.extab
 *(.ARM.extab* .gnu.linkonce.armextab.*)
                0x0800a900                __exidx_start = .

.ARM.exidx
 *(.ARM.exidx* .gnu.linkonce.armexidx.*)
                0x0800a900                __exidx_end = .
                0x0800a900                __etext = .
                0x0800a900                _sidata = __etext

.data           0x20000000      0x4c8 load address 0x0800a900
                0x20000000                __data_start__ = .
                0x20000000                _sdata = __data_start__
 *(vtable)
 *(.data*)
 .data          0x20000000       0x34 ..\obj\tcp.o
                0x20000008                tcp_state_str
 .data          0x20000034        0x4 ..\obj\MCR20Drv.o
 .data          0x20000038       0x27 ..\obj\board.o
                0x20000038                COM_TX_PORT
                0x20000040                COM_RX_PORT
                0x20000048                COM_USART
                0x20000050                GPIO_PORT
                0x2000005e                debugFlag
 *fill*         0x2000005f        0x1 
 .data          0x20000060       0x14 ..\obj\system_stm32f2xx.o
                0x20000060                SystemCoreClock
                0x20000064                AHBPrescTable
 .data          0x20000074       0x10 ..\obj\stm32f2xx_rcc.o
 .data          0x20000084        0x1 ..\obj\halStack.o
                0x20000084                txRetry
 .data          0x20000085        0x1 ..\obj\MCR20A_Phy.o
 *fill*         0x20000086        0x2 
 .data          0x20000088        0x4 ..\obj\dhcp.o
 *fill*         0x2000008c        0x4 
 .data.impure_data
                0x20000090      0x428 c:/arm_tools/5.4 2016q3/bin/../lib/gcc/arm-none-eabi/5.4.1/../../../../arm-none-eabi/lib/armv7-m\libc.a(lib_a-impure.o)
                0x200004b8                . = ALIGN (0x4)
                0x200004b8                PROVIDE (__preinit_array_start, .)
 *(.preinit_array)
                0x200004b8                PROVIDE (__preinit_array_end, .)
                0x200004b8                . = ALIGN (0x4)
                0x200004b8                PROVIDE (__init_array_start, .)
 *(SORT(.init_array.*))
 .init_array.00000
                0x200004b8        0x4 c:/arm_tools/5.4 2016q3/bin/../lib/gcc/arm-none-eabi/5.4.1/../../../../arm-none-eabi/lib/armv7-m\libc.a(lib_a-__call_atexit.o)
 *(.init_array)
 .init_array    0x200004bc        0x4 c:/arm_tools/5.4 2016q3/bin/../lib/gcc/arm-none-eabi/5.4.1/armv7-m/crtbegin.o
                0x200004c0                PROVIDE (__init_array_end, .)
                0x200004c0                . = ALIGN (0x4)
                0x200004c0                PROVIDE (__fini_array_start, .)
 *(SORT(.fini_array.*))
 *(.fini_array)
 .fini_array    0x200004c0        0x4 c:/arm_tools/5.4 2016q3/bin/../lib/gcc/arm-none-eabi/5.4.1/armv7-m/crtbegin.o
                0x200004c4                PROVIDE (__fini_array_end, .)
 *(.jcr*)
 .jcr           0x200004c4        0x0 c:/arm_tools/5.4 2016q3/bin/../lib/gcc/arm-none-eabi/5.4.1/armv7-m/crtbegin.o
 .jcr           0x200004c4        0x4 c:/arm_tools/5.4 2016q3/bin/../lib/gcc/arm-none-eabi/5.4.1/armv7-m/crtend.o
                0x200004c8                . = ALIGN (0x4)
                0x200004c8                __data_end__ = .
                0x200004c8                _edata = __data_end__

.igot.plt       0x200004c8        0x0 load address 0x0800adc8
 .igot.plt      0x200004c8        0x0 c:/arm_tools/5.4 2016q3/bin/../lib/gcc/arm-none-eabi/5.4.1/armv7-m/crtbegin.o

.bss            0x200004c8     0x92ec load address 0x0800adc8
                0x200004c8                . = ALIGN (0x4)
                0x200004c8                __bss_start__ = .
                0x200004c8                _sbss = __bss_start__
 *(.bss*)
 .bss           0x200004c8       0x1c c:/arm_tools/5.4 2016q3/bin/../lib/gcc/arm-none-eabi/5.4.1/armv7-m/crtbegin.o
 .bss           0x200004e4     0x2820 ..\obj\mem.o
 .bss           0x20002d04       0x36 ..\obj\spi.o
 *fill*         0x20002d3a        0x2 
 .bss           0x20002d3c        0x4 ..\obj\delay.o
 .bss           0x20002d40        0xc ..\obj\udpServer.o
 .bss           0x20002d4c       0x34 ..\obj\tcp_in.o
 .bss           0x20002d80     0x4138 ..\obj\memp.o
 .bss           0x20006eb8        0x1 ..\obj\nwk.o
 *fill*         0x20006eb9        0x3 
 .bss           0x20006ebc      0x5e8 ..\obj\ip_frag.o
 .bss           0x200074a4       0x24 ..\obj\board.o
 .bss           0x200074c8       0x58 ..\obj\stack_entry.o
                0x20007518                dstADDR
 .bss           0x20007520       0xcc ..\obj\etharp.o
 .bss           0x200075ec        0x4 ..\obj\staticbind.o
                0x200075f0                bindtable
 .bss           0x200075f0        0x8 ..\obj\xprintf.o
 .bss           0x200075f8        0x1 ..\obj\netif.o
 *fill*         0x200075f9        0x3 
 .bss           0x200075fc        0x8 ..\obj\halStack.o
                0x20007602                halRadioInited
                0x20007603                halSendStart
 .bss           0x20007604        0x2 ..\obj\ip.o
 *fill*         0x20007606        0x2 
 .bss           0x20007608        0x8 ..\obj\mac.o
 .bss           0x20007610        0x2 ..\obj\aps.o
 *fill*         0x20007612        0x2 
 .bss           0x20007614      0x400 ..\obj\memalloc.o
 .bss           0x20007a14        0x4 ..\obj\raw.o
 *(COMMON)
 COMMON         0x20007a18     0x186c ..\obj\stm32f2x7_eth.o
                0x20007a18                RX_Frame_Descriptor
                0x20007a24                DMARxDescToGet
                0x20007a28                DMATxDescToSet
                0x20007a2c                DMATxDscrTab
                0x20007a6c                Rx_Buff
                0x20008654                Frame_Rx_index
                0x20008658                DMA_RX_FRAME_infos
                0x2000865c                DMARxDscrTab
                0x2000869c                Tx_Buff
 COMMON         0x20009284       0x18 ..\obj\tcp.o
                0x20009284                tcp_active_pcbs
                0x20009288                tcp_ticks
                0x2000928c                tcp_listen_pcbs
                0x20009290                tcp_tmp_pcb
                0x20009294                tcp_bound_pcbs
                0x20009298                tcp_tw_pcbs
 COMMON         0x2000929c        0x4 ..\obj\tcp_in.o
                0x2000929c                tcp_input_pcb
 COMMON         0x200092a0       0x64 ..\obj\nwk.o
                0x200092a0                nwk_pib
                0x200092d0                a_nwk_service
                0x200092e0                nwkState
                0x200092e1                nwkDSN
                0x200092e4                a_nwk_tx_data
                0x200092f4                a_nwk_rx_data
 COMMON         0x20009304       0x88 ..\obj\neighbor.o
                0x20009304                mac_nbr_tbl
 COMMON         0x2000938c       0x34 ..\obj\netconf.o
                0x2000938c                netif
 COMMON         0x200093c0        0x9 ..\obj\zep.o
                0x200093c0                zep_pib
                0x200093c8                zepState
 *fill*         0x200093c9        0x1 
 COMMON         0x200093ca        0x4 ..\obj\MCR20A_port.o
                0x200093ca                spi_highSpeed
                0x200093cc                spi_lowSpeed
 *fill*         0x200093ce        0x2 
 COMMON         0x200093d0       0x1e ..\obj\stack_entry.o
                0x200093d0                heart_startTime
                0x200093d4                joinState
                0x200093d5                zg_get_settings
                0x200093d8                app_startTime
                0x200093dc                my_timer
                0x200093e0                last_tx_start
                0x200093e4                zigbee_sets
                0x200093ec                zigbee_get_settings
                0x200093ed                app_started
 *fill*         0x200093ee        0x2 
 COMMON         0x200093f0        0x8 ..\obj\xprintf.o
                0x200093f0                xfunc_in
                0x200093f4                xfunc_out
 COMMON         0x200093f8       0xac ..\obj\phy.o
                0x200093f8                phyState
                0x200093fc                a_phy_service
                0x20009408                tmpTxBuff
                0x20009488                phy_pib
 COMMON         0x200094a4        0x8 ..\obj\netif.o
                0x200094a4                netif_list
                0x200094a8                netif_default
 COMMON         0x200094ac        0x3 ..\obj\halStack.o
                0x200094ac                irq
 COMMON         0x200094af        0x1 ..\obj\debug.o
                0x200094af                debug_level
 COMMON         0x200094b0      0x154 ..\obj\halNeighbor.o
                0x200094b0                mac_addr_tbl
 COMMON         0x20009604        0x9 ..\obj\MCR20A_Phy.o
                0x20009604                mStatusAndControlRegs
 *fill*         0x2000960d        0x3 
 COMMON         0x20009610        0x4 ..\obj\udp.o
                0x20009610                udp_pcbs
 COMMON         0x20009614        0x8 ..\obj\ip.o
                0x20009614                current_netif
                0x20009618                current_header
 COMMON         0x2000961c       0x9d ..\obj\mac.o
                0x2000961c                macTxFSM_status
                0x20009620                a_mac_rx_data
                0x2000963c                mac_pib
                0x2000969c                a_mac_service
                0x200096a4                a_mac_tx_data
                0x200096b8                macState
 *fill*         0x200096b9        0x3 
 COMMON         0x200096bc       0xf8 ..\obj\aps.o
                0x200096bc                a_aps_rx_data
                0x200096e4                apsEndPoints
                0x200096ea                apsState
                0x200096ec                indirect_data
                0x20009714                a_aps_service
                0x20009720                a_aps_tx_data
                0x20009744                aps_pib
                0x200097b4                . = ALIGN (0x4)
                0x200097b4                __bss_end__ = .
                0x200097b4                _ebss = __bss_end__

.heap           0x200097b4        0x0
                0x200097b4                __end__ = .
                0x200097b4                _end = __end__
                0x200097b4                end = __end__
 *(.heap*)
                0x200097b4                __HeapLimit = .

.co_stack       0x200097b4        0x4 load address 0x080140b4
                0x200097b8                . = ALIGN (0x8)
 *fill*         0x200097b4        0x4 
 *(.co_stack .co_stack.*)
                0x20020000                __StackTop = (ORIGIN (ram) + LENGTH (ram))
                0x2001fffc                __StackLimit = (__StackTop - SIZEOF (.co_stack))
                0x20020000                PROVIDE (__stack, __StackTop)
                0x00000001                ASSERT ((__StackLimit >= __HeapLimit), region ram  overflowed with stack)
LOAD ..\obj\stm32f2x7_eth.o
LOAD ..\obj\mem.o
LOAD ..\obj\stm32f2xx_dma.o
LOAD ..\obj\spi.o
LOAD ..\obj\delay.o
LOAD ..\obj\stm32f2xx_sdio.o
LOAD ..\obj\tcp.o
LOAD ..\obj\stm32f2xx_usart.o
LOAD ..\obj\stm32f2xx_hash.o
LOAD ..\obj\NRF24L01.o
LOAD ..\obj\err.o
LOAD ..\obj\startup_stm32f207xx.o
LOAD ..\obj\udpServer.o
LOAD ..\obj\tcp_in.o
LOAD ..\obj\MCR20Drv.o
LOAD ..\obj\stm32f2xx_spi.o
LOAD ..\obj\slipif.o
LOAD ..\obj\memp.o
LOAD ..\obj\stm32f2xx_i2c.o
LOAD ..\obj\stm32f2xx_rng.o
LOAD ..\obj\stm32f2xx_wwdg.o
LOAD ..\obj\nwk.o
LOAD ..\obj\autoip.o
LOAD ..\obj\stm32f2xx_flash.o
LOAD ..\obj\ip_frag.o
LOAD ..\obj\netbuf.o
LOAD ..\obj\tcpip.o
LOAD ..\obj\stm32f2xx_rtc.o
LOAD ..\obj\stm32f2xx_iwdg.o
LOAD ..\obj\sys.o
LOAD ..\obj\ip_addr.o
LOAD ..\obj\stm32f2xx_tim.o
LOAD ..\obj\inet_chksum.o
LOAD ..\obj\main.o
LOAD ..\obj\board.o
LOAD ..\obj\neighbor.o
LOAD ..\obj\netconf.o
LOAD ..\obj\zep.o
LOAD ..\obj\MCR20A_port.o
LOAD ..\obj\netdb.o
LOAD ..\obj\stack_entry.o
LOAD ..\obj\stm32f2xx_it.o
LOAD ..\obj\stm32f2x7_eth_bsp.o
LOAD ..\obj\init.o
LOAD ..\obj\stm32f2xx_dbgmcu.o
LOAD ..\obj\stm32f2xx_dcmi.o
LOAD ..\obj\stm32f2xx_hash_sha1.o
LOAD ..\obj\ethernetif.o
LOAD ..\obj\stm32f2xx_syscfg.o
LOAD ..\obj\etharp.o
LOAD ..\obj\stm32f2xx_pwr.o
LOAD ..\obj\staticbind.o
LOAD ..\obj\xprintf.o
LOAD ..\obj\stm32f2xx_can.o
LOAD ..\obj\phy.o
LOAD ..\obj\stm32f2xx_fsmc.o
LOAD ..\obj\pbuf.o
LOAD ..\obj\stats.o
LOAD ..\obj\inet.o
LOAD ..\obj\netif.o
LOAD ..\obj\stm32f2xx_dac.o
LOAD ..\obj\api_msg.o
LOAD ..\obj\stm32f2xx_gpio.o
LOAD ..\obj\stm32f2xx_crc.o
LOAD ..\obj\system_stm32f2xx.o
LOAD ..\obj\stm32f2xx_rcc.o
LOAD ..\obj\sockets.o
LOAD ..\obj\halStack.o
LOAD ..\obj\debug.o
LOAD ..\obj\igmp.o
LOAD ..\obj\halNeighbor.o
LOAD ..\obj\MCR20A_Phy.o
LOAD ..\obj\udp.o
LOAD ..\obj\ip.o
LOAD ..\obj\stm32f2xx_adc.o
LOAD ..\obj\mac.o
LOAD ..\obj\stm32f2xx_exti.o
LOAD ..\obj\aps.o
LOAD ..\obj\icmp.o
LOAD ..\obj\dns.o
LOAD ..\obj\netifapi.o
LOAD ..\obj\misc.o
LOAD ..\obj\api_lib.o
LOAD ..\obj\memalloc.o
LOAD ..\obj\console.o
LOAD ..\obj\dhcp.o
LOAD ..\obj\tcp_out.o
LOAD ..\obj\stm32f2xx_hash_md5.o
LOAD ..\obj\loopif.o
LOAD ..\obj\raw.o
LOAD c:/arm_tools/5.4 2016q3/bin/../lib/gcc/arm-none-eabi/5.4.1/../../../../arm-none-eabi/lib/armv7-m\libm.a
LOAD c:/arm_tools/5.4 2016q3/bin/../lib/gcc/arm-none-eabi/5.4.1/armv7-m\libgcc.a
LOAD c:/arm_tools/5.4 2016q3/bin/../lib/gcc/arm-none-eabi/5.4.1/../../../../arm-none-eabi/lib/armv7-m\libc.a
LOAD c:/arm_tools/5.4 2016q3/bin/../lib/gcc/arm-none-eabi/5.4.1/../../../../arm-none-eabi/lib/armv7-m\libnosys.a
START GROUP
LOAD c:/arm_tools/5.4 2016q3/bin/../lib/gcc/arm-none-eabi/5.4.1/armv7-m\libgcc.a
LOAD c:/arm_tools/5.4 2016q3/bin/../lib/gcc/arm-none-eabi/5.4.1/../../../../arm-none-eabi/lib/armv7-m\libg.a
LOAD c:/arm_tools/5.4 2016q3/bin/../lib/gcc/arm-none-eabi/5.4.1/../../../../arm-none-eabi/lib/armv7-m\libc.a
END GROUP
LOAD c:/arm_tools/5.4 2016q3/bin/../lib/gcc/arm-none-eabi/5.4.1/armv7-m/crtend.o
LOAD c:/arm_tools/5.4 2016q3/bin/../lib/gcc/arm-none-eabi/5.4.1/armv7-m/crtn.o
OUTPUT(stm32f207zg_mcr20a.elf elf32-littlearm)

.ARM.attributes
                0x00000000       0x29
 .ARM.attributes
                0x00000000       0x1d c:/arm_tools/5.4 2016q3/bin/../lib/gcc/arm-none-eabi/5.4.1/armv7-m/crti.o
 .ARM.attributes
                0x0000001d       0x2d c:/arm_tools/5.4 2016q3/bin/../lib/gcc/arm-none-eabi/5.4.1/armv7-m/crtbegin.o
 .ARM.attributes
                0x0000004a       0x33 ..\obj\stm32f2x7_eth.o
 .ARM.attributes
                0x0000007d       0x33 ..\obj\mem.o
 .ARM.attributes
                0x000000b0       0x33 ..\obj\spi.o
 .ARM.attributes
                0x000000e3       0x33 ..\obj\delay.o
 .ARM.attributes
                0x00000116       0x33 ..\obj\tcp.o
 .ARM.attributes
                0x00000149       0x33 ..\obj\stm32f2xx_usart.o
 .ARM.attributes
                0x0000017c       0x21 ..\obj\startup_stm32f207xx.o
 .ARM.attributes
                0x0000019d       0x33 ..\obj\udpServer.o
 .ARM.attributes
                0x000001d0       0x33 ..\obj\tcp_in.o
 .ARM.attributes
                0x00000203       0x33 ..\obj\MCR20Drv.o
 .ARM.attributes
                0x00000236       0x33 ..\obj\stm32f2xx_spi.o
 .ARM.attributes
                0x00000269       0x33 ..\obj\memp.o
 .ARM.attributes
                0x0000029c       0x33 ..\obj\stm32f2xx_rng.o
 .ARM.attributes
                0x000002cf       0x33 ..\obj\nwk.o
 .ARM.attributes
                0x00000302       0x33 ..\obj\stm32f2xx_flash.o
 .ARM.attributes
                0x00000335       0x33 ..\obj\ip_frag.o
 .ARM.attributes
                0x00000368       0x33 ..\obj\ip_addr.o
 .ARM.attributes
                0x0000039b       0x33 ..\obj\stm32f2xx_tim.o
 .ARM.attributes
                0x000003ce       0x33 ..\obj\inet_chksum.o
 .ARM.attributes
                0x00000401       0x33 ..\obj\main.o
 .ARM.attributes
                0x00000434       0x33 ..\obj\board.o
 .ARM.attributes
                0x00000467       0x33 ..\obj\neighbor.o
 .ARM.attributes
                0x0000049a       0x33 ..\obj\netconf.o
 .ARM.attributes
                0x000004cd       0x33 ..\obj\zep.o
 .ARM.attributes
                0x00000500       0x33 ..\obj\MCR20A_port.o
 .ARM.attributes
                0x00000533       0x33 ..\obj\stack_entry.o
 .ARM.attributes
                0x00000566       0x33 ..\obj\stm32f2xx_it.o
 .ARM.attributes
                0x00000599       0x33 ..\obj\stm32f2x7_eth_bsp.o
 .ARM.attributes
                0x000005cc       0x33 ..\obj\ethernetif.o
 .ARM.attributes
                0x000005ff       0x33 ..\obj\stm32f2xx_syscfg.o
 .ARM.attributes
                0x00000632       0x33 ..\obj\etharp.o
 .ARM.attributes
                0x00000665       0x33 ..\obj\staticbind.o
 .ARM.attributes
                0x00000698       0x33 ..\obj\xprintf.o
 .ARM.attributes
                0x000006cb       0x33 ..\obj\phy.o
 .ARM.attributes
                0x000006fe       0x33 ..\obj\pbuf.o
 .ARM.attributes
                0x00000731       0x33 ..\obj\inet.o
 .ARM.attributes
                0x00000764       0x33 ..\obj\netif.o
 .ARM.attributes
                0x00000797       0x33 ..\obj\stm32f2xx_gpio.o
 .ARM.attributes
                0x000007ca       0x33 ..\obj\system_stm32f2xx.o
 .ARM.attributes
                0x000007fd       0x33 ..\obj\stm32f2xx_rcc.o
 .ARM.attributes
                0x00000830       0x33 ..\obj\halStack.o
 .ARM.attributes
                0x00000863       0x33 ..\obj\debug.o
 .ARM.attributes
                0x00000896       0x33 ..\obj\halNeighbor.o
 .ARM.attributes
                0x000008c9       0x33 ..\obj\MCR20A_Phy.o
 .ARM.attributes
                0x000008fc       0x33 ..\obj\udp.o
 .ARM.attributes
                0x0000092f       0x33 ..\obj\ip.o
 .ARM.attributes
                0x00000962       0x33 ..\obj\mac.o
 .ARM.attributes
                0x00000995       0x33 ..\obj\stm32f2xx_exti.o
 .ARM.attributes
                0x000009c8       0x33 ..\obj\aps.o
 .ARM.attributes
                0x000009fb       0x33 ..\obj\icmp.o
 .ARM.attributes
                0x00000a2e       0x33 ..\obj\misc.o
 .ARM.attributes
                0x00000a61       0x33 ..\obj\memalloc.o
 .ARM.attributes
                0x00000a94       0x33 ..\obj\console.o
 .ARM.attributes
                0x00000ac7       0x33 ..\obj\dhcp.o
 .ARM.attributes
                0x00000afa       0x33 ..\obj\tcp_out.o
 .ARM.attributes
                0x00000b2d       0x33 ..\obj\raw.o
 .ARM.attributes
                0x00000b60       0x2d c:/arm_tools/5.4 2016q3/bin/../lib/gcc/arm-none-eabi/5.4.1/../../../../arm-none-eabi/lib/armv7-m\libc.a(lib_a-impure.o)
 .ARM.attributes
                0x00000b8d       0x2d c:/arm_tools/5.4 2016q3/bin/../lib/gcc/arm-none-eabi/5.4.1/../../../../arm-none-eabi/lib/armv7-m\libc.a(lib_a-init.o)
 .ARM.attributes
                0x00000bba       0x1b c:/arm_tools/5.4 2016q3/bin/../lib/gcc/arm-none-eabi/5.4.1/../../../../arm-none-eabi/lib/armv7-m\libc.a(lib_a-memcpy.o)
 .ARM.attributes
                0x00000bd5       0x2d c:/arm_tools/5.4 2016q3/bin/../lib/gcc/arm-none-eabi/5.4.1/../../../../arm-none-eabi/lib/armv7-m\libc.a(lib_a-memset.o)
 .ARM.attributes
                0x00000c02       0x1b c:/arm_tools/5.4 2016q3/bin/../lib/gcc/arm-none-eabi/5.4.1/../../../../arm-none-eabi/lib/armv7-m\libc.a(lib_a-strcmp.o)
 .ARM.attributes
                0x00000c1d       0x2d c:/arm_tools/5.4 2016q3/bin/../lib/gcc/arm-none-eabi/5.4.1/../../../../arm-none-eabi/lib/armv7-m\libc.a(lib_a-__call_atexit.o)
 .ARM.attributes
                0x00000c4a       0x2d c:/arm_tools/5.4 2016q3/bin/../lib/gcc/arm-none-eabi/5.4.1/../../../../arm-none-eabi/lib/armv7-m\libc.a(lib_a-atexit.o)
 .ARM.attributes
                0x00000c77       0x2d c:/arm_tools/5.4 2016q3/bin/../lib/gcc/arm-none-eabi/5.4.1/../../../../arm-none-eabi/lib/armv7-m\libc.a(lib_a-fini.o)
 .ARM.attributes
                0x00000ca4       0x2d c:/arm_tools/5.4 2016q3/bin/../lib/gcc/arm-none-eabi/5.4.1/../../../../arm-none-eabi/lib/armv7-m\libc.a(lib_a-__atexit.o)
 .ARM.attributes
                0x00000cd1       0x2d c:/arm_tools/5.4 2016q3/bin/../lib/gcc/arm-none-eabi/5.4.1/armv7-m/crtend.o
 .ARM.attributes
                0x00000cfe       0x1d c:/arm_tools/5.4 2016q3/bin/../lib/gcc/arm-none-eabi/5.4.1/armv7-m/crtn.o

.comment        0x00000000       0x6e
 .comment       0x00000000       0x6e ..\obj\stm32f2x7_eth.o
                                 0x6f (size before relaxing)
 .comment       0x0000006e       0x6f ..\obj\mem.o
 .comment       0x0000006e       0x6f ..\obj\spi.o
 .comment       0x0000006e       0x6f ..\obj\delay.o
 .comment       0x0000006e       0x6f ..\obj\tcp.o
 .comment       0x0000006e       0x6f ..\obj\stm32f2xx_usart.o
 .comment       0x0000006e       0x6f ..\obj\udpServer.o
 .comment       0x0000006e       0x6f ..\obj\tcp_in.o
 .comment       0x0000006e       0x6f ..\obj\MCR20Drv.o
 .comment       0x0000006e       0x6f ..\obj\stm32f2xx_spi.o
 .comment       0x0000006e       0x6f ..\obj\memp.o
 .comment       0x0000006e       0x6f ..\obj\stm32f2xx_rng.o
 .comment       0x0000006e       0x6f ..\obj\nwk.o
 .comment       0x0000006e       0x6f ..\obj\stm32f2xx_flash.o
 .comment       0x0000006e       0x6f ..\obj\ip_frag.o
 .comment       0x0000006e       0x6f ..\obj\ip_addr.o
 .comment       0x0000006e       0x6f ..\obj\stm32f2xx_tim.o
 .comment       0x0000006e       0x6f ..\obj\inet_chksum.o
 .comment       0x0000006e       0x6f ..\obj\main.o
 .comment       0x0000006e       0x6f ..\obj\board.o
 .comment       0x0000006e       0x6f ..\obj\neighbor.o
 .comment       0x0000006e       0x6f ..\obj\netconf.o
 .comment       0x0000006e       0x6f ..\obj\zep.o
 .comment       0x0000006e       0x6f ..\obj\MCR20A_port.o
 .comment       0x0000006e       0x6f ..\obj\stack_entry.o
 .comment       0x0000006e       0x6f ..\obj\stm32f2xx_it.o
 .comment       0x0000006e       0x6f ..\obj\stm32f2x7_eth_bsp.o
 .comment       0x0000006e       0x6f ..\obj\ethernetif.o
 .comment       0x0000006e       0x6f ..\obj\stm32f2xx_syscfg.o
 .comment       0x0000006e       0x6f ..\obj\etharp.o
 .comment       0x0000006e       0x6f ..\obj\staticbind.o
 .comment       0x0000006e       0x6f ..\obj\xprintf.o
 .comment       0x0000006e       0x6f ..\obj\phy.o
 .comment       0x0000006e       0x6f ..\obj\pbuf.o
 .comment       0x0000006e       0x6f ..\obj\inet.o
 .comment       0x0000006e       0x6f ..\obj\netif.o
 .comment       0x0000006e       0x6f ..\obj\stm32f2xx_gpio.o
 .comment       0x0000006e       0x6f ..\obj\system_stm32f2xx.o
 .comment       0x0000006e       0x6f ..\obj\stm32f2xx_rcc.o
 .comment       0x0000006e       0x6f ..\obj\halStack.o
 .comment       0x0000006e       0x6f ..\obj\debug.o
 .comment       0x0000006e       0x6f ..\obj\halNeighbor.o
 .comment       0x0000006e       0x6f ..\obj\MCR20A_Phy.o
 .comment       0x0000006e       0x6f ..\obj\udp.o
 .comment       0x0000006e       0x6f ..\obj\ip.o
 .comment       0x0000006e       0x6f ..\obj\mac.o
 .comment       0x0000006e       0x6f ..\obj\stm32f2xx_exti.o
 .comment       0x0000006e       0x6f ..\obj\aps.o
 .comment       0x0000006e       0x6f ..\obj\icmp.o
 .comment       0x0000006e       0x6f ..\obj\misc.o
 .comment       0x0000006e       0x6f ..\obj\memalloc.o
 .comment       0x0000006e       0x6f ..\obj\console.o
 .comment       0x0000006e       0x6f ..\obj\dhcp.o
 .comment       0x0000006e       0x6f ..\obj\tcp_out.o
 .comment       0x0000006e       0x6f ..\obj\raw.o

.debug_info     0x00000000    0x29795
 .debug_info    0x00000000     0x1b0f ..\obj\stm32f2x7_eth.o
 .debug_info    0x00001b0f      0x3b9 ..\obj\mem.o
 .debug_info    0x00001ec8      0x996 ..\obj\spi.o
 .debug_info    0x0000285e      0x7e5 ..\obj\delay.o
 .debug_info    0x00003043     0x1714 ..\obj\tcp.o
 .debug_info    0x00004757      0xb2b ..\obj\stm32f2xx_usart.o
 .debug_info    0x00005282      0x11e ..\obj\startup_stm32f207xx.o
 .debug_info    0x000053a0      0x87c ..\obj\udpServer.o
 .debug_info    0x00005c1c     0x144e ..\obj\tcp_in.o
 .debug_info    0x0000706a     0x1167 ..\obj\MCR20Drv.o
 .debug_info    0x000081d1      0xb67 ..\obj\stm32f2xx_spi.o
 .debug_info    0x00008d38      0x269 ..\obj\memp.o
 .debug_info    0x00008fa1      0x2ca ..\obj\stm32f2xx_rng.o
 .debug_info    0x0000926b     0x1222 ..\obj\nwk.o
 .debug_info    0x0000a48d      0x7e9 ..\obj\stm32f2xx_flash.o
 .debug_info    0x0000ac76      0xe5e ..\obj\ip_frag.o
 .debug_info    0x0000bad4      0x2f0 ..\obj\ip_addr.o
 .debug_info    0x0000bdc4     0x21ba ..\obj\stm32f2xx_tim.o
 .debug_info    0x0000df7e      0x31a ..\obj\inet_chksum.o
 .debug_info    0x0000e298      0x34a ..\obj\main.o
 .debug_info    0x0000e5e2     0x2513 ..\obj\board.o
 .debug_info    0x00010af5      0x93d ..\obj\neighbor.o
 .debug_info    0x00011432      0x9cc ..\obj\netconf.o
 .debug_info    0x00011dfe      0xc9e ..\obj\zep.o
 .debug_info    0x00012a9c      0xc15 ..\obj\MCR20A_port.o
 .debug_info    0x000136b1     0x171f ..\obj\stack_entry.o
 .debug_info    0x00014dd0      0x1a1 ..\obj\stm32f2xx_it.o
 .debug_info    0x00014f71      0xce2 ..\obj\stm32f2x7_eth_bsp.o
 .debug_info    0x00015c53      0xca5 ..\obj\ethernetif.o
 .debug_info    0x000168f8      0x2b6 ..\obj\stm32f2xx_syscfg.o
 .debug_info    0x00016bae     0x1525 ..\obj\etharp.o
 .debug_info    0x000180d3      0x31d ..\obj\staticbind.o
 .debug_info    0x000183f0      0xcc9 ..\obj\xprintf.o
 .debug_info    0x000190b9      0x572 ..\obj\phy.o
 .debug_info    0x0001962b      0x855 ..\obj\pbuf.o
 .debug_info    0x00019e80      0x341 ..\obj\inet.o
 .debug_info    0x0001a1c1      0xf1a ..\obj\netif.o
 .debug_info    0x0001b0db      0x7de ..\obj\stm32f2xx_gpio.o
 .debug_info    0x0001b8b9      0x5bb ..\obj\system_stm32f2xx.o
 .debug_info    0x0001be74      0xca2 ..\obj\stm32f2xx_rcc.o
 .debug_info    0x0001cb16     0x1603 ..\obj\halStack.o
 .debug_info    0x0001e119       0xbc ..\obj\debug.o
 .debug_info    0x0001e1d5      0x117 ..\obj\halNeighbor.o
 .debug_info    0x0001e2ec     0x1c81 ..\obj\MCR20A_Phy.o
 .debug_info    0x0001ff6d      0xe93 ..\obj\udp.o
 .debug_info    0x00020e00      0xc80 ..\obj\ip.o
 .debug_info    0x00021a80     0x143c ..\obj\mac.o
 .debug_info    0x00022ebc      0x35a ..\obj\stm32f2xx_exti.o
 .debug_info    0x00023216     0x1371 ..\obj\aps.o
 .debug_info    0x00024587      0x8b3 ..\obj\icmp.o
 .debug_info    0x00024e3a      0x55c ..\obj\misc.o
 .debug_info    0x00025396      0x333 ..\obj\memalloc.o
 .debug_info    0x000256c9      0x25e ..\obj\console.o
 .debug_info    0x00025927     0x21c4 ..\obj\dhcp.o
 .debug_info    0x00027aeb     0x1477 ..\obj\tcp_out.o
 .debug_info    0x00028f62      0x833 ..\obj\raw.o

.debug_abbrev   0x00000000     0x7602
 .debug_abbrev  0x00000000      0x2a2 ..\obj\stm32f2x7_eth.o
 .debug_abbrev  0x000002a2      0x18d ..\obj\mem.o
 .debug_abbrev  0x0000042f      0x203 ..\obj\spi.o
 .debug_abbrev  0x00000632      0x278 ..\obj\delay.o
 .debug_abbrev  0x000008aa      0x36c ..\obj\tcp.o
 .debug_abbrev  0x00000c16      0x1b9 ..\obj\stm32f2xx_usart.o
 .debug_abbrev  0x00000dcf       0x12 ..\obj\startup_stm32f207xx.o
 .debug_abbrev  0x00000de1      0x222 ..\obj\udpServer.o
 .debug_abbrev  0x00001003      0x2d1 ..\obj\tcp_in.o
 .debug_abbrev  0x000012d4      0x1ff ..\obj\MCR20Drv.o
 .debug_abbrev  0x000014d3      0x1cb ..\obj\stm32f2xx_spi.o
 .debug_abbrev  0x0000169e      0x120 ..\obj\memp.o
 .debug_abbrev  0x000017be      0x172 ..\obj\stm32f2xx_rng.o
 .debug_abbrev  0x00001930      0x36a ..\obj\nwk.o
 .debug_abbrev  0x00001c9a      0x1b4 ..\obj\stm32f2xx_flash.o
 .debug_abbrev  0x00001e4e      0x2ea ..\obj\ip_frag.o
 .debug_abbrev  0x00002138       0xf3 ..\obj\ip_addr.o
 .debug_abbrev  0x0000222b      0x26e ..\obj\stm32f2xx_tim.o
 .debug_abbrev  0x00002499      0x171 ..\obj\inet_chksum.o
 .debug_abbrev  0x0000260a      0x109 ..\obj\main.o
 .debug_abbrev  0x00002713      0x3eb ..\obj\board.o
 .debug_abbrev  0x00002afe      0x25b ..\obj\neighbor.o
 .debug_abbrev  0x00002d59      0x1b0 ..\obj\netconf.o
 .debug_abbrev  0x00002f09      0x2b4 ..\obj\zep.o
 .debug_abbrev  0x000031bd      0x204 ..\obj\MCR20A_port.o
 .debug_abbrev  0x000033c1      0x38b ..\obj\stack_entry.o
 .debug_abbrev  0x0000374c       0xc4 ..\obj\stm32f2xx_it.o
 .debug_abbrev  0x00003810      0x227 ..\obj\stm32f2x7_eth_bsp.o
 .debug_abbrev  0x00003a37      0x2f3 ..\obj\ethernetif.o
 .debug_abbrev  0x00003d2a      0x15f ..\obj\stm32f2xx_syscfg.o
 .debug_abbrev  0x00003e89      0x2ef ..\obj\etharp.o
 .debug_abbrev  0x00004178      0x142 ..\obj\staticbind.o
 .debug_abbrev  0x000042ba      0x31a ..\obj\xprintf.o
 .debug_abbrev  0x000045d4      0x187 ..\obj\phy.o
 .debug_abbrev  0x0000475b      0x1d8 ..\obj\pbuf.o
 .debug_abbrev  0x00004933      0x186 ..\obj\inet.o
 .debug_abbrev  0x00004ab9      0x2f9 ..\obj\netif.o
 .debug_abbrev  0x00004db2      0x1e0 ..\obj\stm32f2xx_gpio.o
 .debug_abbrev  0x00004f92      0x161 ..\obj\system_stm32f2xx.o
 .debug_abbrev  0x000050f3      0x20b ..\obj\stm32f2xx_rcc.o
 .debug_abbrev  0x000052fe      0x45d ..\obj\halStack.o
 .debug_abbrev  0x0000575b       0x5c ..\obj\debug.o
 .debug_abbrev  0x000057b7       0x8c ..\obj\halNeighbor.o
 .debug_abbrev  0x00005843      0x2a4 ..\obj\MCR20A_Phy.o
 .debug_abbrev  0x00005ae7      0x24a ..\obj\udp.o
 .debug_abbrev  0x00005d31      0x21e ..\obj\ip.o
 .debug_abbrev  0x00005f4f      0x3ca ..\obj\mac.o
 .debug_abbrev  0x00006319      0x1c7 ..\obj\stm32f2xx_exti.o
 .debug_abbrev  0x000064e0      0x34f ..\obj\aps.o
 .debug_abbrev  0x0000682f      0x1f3 ..\obj\icmp.o
 .debug_abbrev  0x00006a22      0x156 ..\obj\misc.o
 .debug_abbrev  0x00006b78      0x129 ..\obj\memalloc.o
 .debug_abbrev  0x00006ca1       0xdf ..\obj\console.o
 .debug_abbrev  0x00006d80      0x35e ..\obj\dhcp.o
 .debug_abbrev  0x000070de      0x30e ..\obj\tcp_out.o
 .debug_abbrev  0x000073ec      0x216 ..\obj\raw.o

.debug_loc      0x00000000    0x12ecc
 .debug_loc     0x00000000      0xe96 ..\obj\stm32f2x7_eth.o
 .debug_loc     0x00000e96      0x3d0 ..\obj\mem.o
 .debug_loc     0x00001266      0x1b8 ..\obj\spi.o
 .debug_loc     0x0000141e       0xcd ..\obj\delay.o
 .debug_loc     0x000014eb      0xd30 ..\obj\tcp.o
 .debug_loc     0x0000221b      0x7d4 ..\obj\stm32f2xx_usart.o
 .debug_loc     0x000029ef      0x1f1 ..\obj\udpServer.o
 .debug_loc     0x00002be0      0x62f ..\obj\tcp_in.o
 .debug_loc     0x0000320f      0x711 ..\obj\MCR20Drv.o
 .debug_loc     0x00003920      0x655 ..\obj\stm32f2xx_spi.o
 .debug_loc     0x00003f75      0x130 ..\obj\memp.o
 .debug_loc     0x000040a5      0x102 ..\obj\stm32f2xx_rng.o
 .debug_loc     0x000041a7      0x427 ..\obj\nwk.o
 .debug_loc     0x000045ce      0x59a ..\obj\stm32f2xx_flash.o
 .debug_loc     0x00004b68      0xb2e ..\obj\ip_frag.o
 .debug_loc     0x00005696       0x74 ..\obj\ip_addr.o
 .debug_loc     0x0000570a     0x1c12 ..\obj\stm32f2xx_tim.o
 .debug_loc     0x0000731c      0x4ec ..\obj\inet_chksum.o
 .debug_loc     0x00007808      0x88e ..\obj\board.o
 .debug_loc     0x00008096      0x742 ..\obj\neighbor.o
 .debug_loc     0x000087d8       0xd8 ..\obj\netconf.o
 .debug_loc     0x000088b0      0x2d1 ..\obj\zep.o
 .debug_loc     0x00008b81      0x18e ..\obj\MCR20A_port.o
 .debug_loc     0x00008d0f      0x227 ..\obj\stack_entry.o
 .debug_loc     0x00008f36      0x2a3 ..\obj\ethernetif.o
 .debug_loc     0x000091d9       0xa6 ..\obj\stm32f2xx_syscfg.o
 .debug_loc     0x0000927f      0xeb6 ..\obj\etharp.o
 .debug_loc     0x0000a135      0x14a ..\obj\staticbind.o
 .debug_loc     0x0000a27f      0xdd1 ..\obj\xprintf.o
 .debug_loc     0x0000b050      0xde6 ..\obj\pbuf.o
 .debug_loc     0x0000be36      0x3ee ..\obj\inet.o
 .debug_loc     0x0000c224      0x397 ..\obj\netif.o
 .debug_loc     0x0000c5bb      0x2d2 ..\obj\stm32f2xx_gpio.o
 .debug_loc     0x0000c88d      0x11b ..\obj\system_stm32f2xx.o
 .debug_loc     0x0000c9a8      0xa7c ..\obj\stm32f2xx_rcc.o
 .debug_loc     0x0000d424      0x8c0 ..\obj\halStack.o
 .debug_loc     0x0000dce4     0x13d8 ..\obj\MCR20A_Phy.o
 .debug_loc     0x0000f0bc      0x765 ..\obj\udp.o
 .debug_loc     0x0000f821      0x414 ..\obj\ip.o
 .debug_loc     0x0000fc35      0x6fc ..\obj\mac.o
 .debug_loc     0x00010331      0x1bc ..\obj\stm32f2xx_exti.o
 .debug_loc     0x000104ed      0x4e5 ..\obj\aps.o
 .debug_loc     0x000109d2      0x287 ..\obj\icmp.o
 .debug_loc     0x00010c59      0x18e ..\obj\misc.o
 .debug_loc     0x00010de7      0x28a ..\obj\memalloc.o
 .debug_loc     0x00011071      0xef2 ..\obj\dhcp.o
 .debug_loc     0x00011f63      0xae8 ..\obj\tcp_out.o
 .debug_loc     0x00012a4b      0x481 ..\obj\raw.o

.debug_aranges  0x00000000     0x1f78
 .debug_aranges
                0x00000000      0x2b8 ..\obj\stm32f2x7_eth.o
 .debug_aranges
                0x000002b8       0x40 ..\obj\mem.o
 .debug_aranges
                0x000002f8       0x60 ..\obj\spi.o
 .debug_aranges
                0x00000358       0x58 ..\obj\delay.o
 .debug_aranges
                0x000003b0      0x100 ..\obj\tcp.o
 .debug_aranges
                0x000004b0      0x100 ..\obj\stm32f2xx_usart.o
 .debug_aranges
                0x000005b0       0x28 ..\obj\startup_stm32f207xx.o
 .debug_aranges
                0x000005d8       0x58 ..\obj\udpServer.o
 .debug_aranges
                0x00000630       0x30 ..\obj\tcp_in.o
 .debug_aranges
                0x00000660      0x130 ..\obj\MCR20Drv.o
 .debug_aranges
                0x00000790       0xd8 ..\obj\stm32f2xx_spi.o
 .debug_aranges
                0x00000868       0x30 ..\obj\memp.o
 .debug_aranges
                0x00000898       0x58 ..\obj\stm32f2xx_rng.o
 .debug_aranges
                0x000008f0       0x58 ..\obj\nwk.o
 .debug_aranges
                0x00000948      0x108 ..\obj\stm32f2xx_flash.o
 .debug_aranges
                0x00000a50       0x40 ..\obj\ip_frag.o
 .debug_aranges
                0x00000a90       0x20 ..\obj\ip_addr.o
 .debug_aranges
                0x00000ab0      0x2e8 ..\obj\stm32f2xx_tim.o
 .debug_aranges
                0x00000d98       0x38 ..\obj\inet_chksum.o
 .debug_aranges
                0x00000dd0       0x30 ..\obj\main.o
 .debug_aranges
                0x00000e00      0x140 ..\obj\board.o
 .debug_aranges
                0x00000f40       0x88 ..\obj\neighbor.o
 .debug_aranges
                0x00000fc8       0x38 ..\obj\netconf.o
 .debug_aranges
                0x00001000       0x58 ..\obj\zep.o
 .debug_aranges
                0x00001058       0x78 ..\obj\MCR20A_port.o
 .debug_aranges
                0x000010d0       0x78 ..\obj\stack_entry.o
 .debug_aranges
                0x00001148       0x58 ..\obj\stm32f2xx_it.o
 .debug_aranges
                0x000011a0       0x28 ..\obj\stm32f2x7_eth_bsp.o
 .debug_aranges
                0x000011c8       0x30 ..\obj\ethernetif.o
 .debug_aranges
                0x000011f8       0x48 ..\obj\stm32f2xx_syscfg.o
 .debug_aranges
                0x00001240       0x78 ..\obj\etharp.o
 .debug_aranges
                0x000012b8       0x28 ..\obj\staticbind.o
 .debug_aranges
                0x000012e0       0xc8 ..\obj\xprintf.o
 .debug_aranges
                0x000013a8       0x40 ..\obj\phy.o
 .debug_aranges
                0x000013e8       0x80 ..\obj\pbuf.o
 .debug_aranges
                0x00001468       0x50 ..\obj\inet.o
 .debug_aranges
                0x000014b8       0x70 ..\obj\netif.o
 .debug_aranges
                0x00001528       0x88 ..\obj\stm32f2xx_gpio.o
 .debug_aranges
                0x000015b0       0x28 ..\obj\system_stm32f2xx.o
 .debug_aranges
                0x000015d8      0x178 ..\obj\stm32f2xx_rcc.o
 .debug_aranges
                0x00001750      0x120 ..\obj\halStack.o
 .debug_aranges