Archive member included to satisfy reference by file (symbol)

c:/arm_tools/5.4 2016q3/bin/../lib/gcc/arm-none-eabi/5.4.1/../../../../arm-none-eabi/lib/armv7-m\libc.a(lib_a-exit.o)
                              c:/arm_tools/5.4 2016q3/bin/../lib/gcc/arm-none-eabi/5.4.1/../../../../arm-none-eabi/lib/armv7-m/crt0.o (exit)
c:/arm_tools/5.4 2016q3/bin/../lib/gcc/arm-none-eabi/5.4.1/../../../../arm-none-eabi/lib/armv7-m\libc.a(lib_a-impure.o)
                              c:/arm_tools/5.4 2016q3/bin/../lib/gcc/arm-none-eabi/5.4.1/../../../../arm-none-eabi/lib/armv7-m\libc.a(lib_a-exit.o) (_global_impure_ptr)
c:/arm_tools/5.4 2016q3/bin/../lib/gcc/arm-none-eabi/5.4.1/../../../../arm-none-eabi/lib/armv7-m\libc.a(lib_a-init.o)
                              c:/arm_tools/5.4 2016q3/bin/../lib/gcc/arm-none-eabi/5.4.1/../../../../arm-none-eabi/lib/armv7-m/crt0.o (__libc_init_array)
c:/arm_tools/5.4 2016q3/bin/../lib/gcc/arm-none-eabi/5.4.1/../../../../arm-none-eabi/lib/armv7-m\libc.a(lib_a-memcpy.o)
                              ..\obj\ip_frag.o (memcpy)
c:/arm_tools/5.4 2016q3/bin/../lib/gcc/arm-none-eabi/5.4.1/../../../../arm-none-eabi/lib/armv7-m\libc.a(lib_a-memset.o)
                              c:/arm_tools/5.4 2016q3/bin/../lib/gcc/arm-none-eabi/5.4.1/../../../../arm-none-eabi/lib/armv7-m/crt0.o (memset)
c:/arm_tools/5.4 2016q3/bin/../lib/gcc/arm-none-eabi/5.4.1/../../../../arm-none-eabi/lib/armv7-m\libc.a(lib_a-strcmp.o)
                              ..\obj\board.o (strcmp)
c:/arm_tools/5.4 2016q3/bin/../lib/gcc/arm-none-eabi/5.4.1/../../../../arm-none-eabi/lib/armv7-m\libc.a(lib_a-__call_atexit.o)
                              c:/arm_tools/5.4 2016q3/bin/../lib/gcc/arm-none-eabi/5.4.1/../../../../arm-none-eabi/lib/armv7-m\libc.a(lib_a-exit.o) (__call_exitprocs)
c:/arm_tools/5.4 2016q3/bin/../lib/gcc/arm-none-eabi/5.4.1/../../../../arm-none-eabi/lib/armv7-m\libc.a(lib_a-atexit.o)
                              c:/arm_tools/5.4 2016q3/bin/../lib/gcc/arm-none-eabi/5.4.1/../../../../arm-none-eabi/lib/armv7-m\libc.a(lib_a-__call_atexit.o) (atexit)
c:/arm_tools/5.4 2016q3/bin/../lib/gcc/arm-none-eabi/5.4.1/../../../../arm-none-eabi/lib/armv7-m\libc.a(lib_a-fini.o)
                              c:/arm_tools/5.4 2016q3/bin/../lib/gcc/arm-none-eabi/5.4.1/../../../../arm-none-eabi/lib/armv7-m\libc.a(lib_a-__call_atexit.o) (__libc_fini_array)
c:/arm_tools/5.4 2016q3/bin/../lib/gcc/arm-none-eabi/5.4.1/../../../../arm-none-eabi/lib/armv7-m\libc.a(lib_a-__atexit.o)
                              c:/arm_tools/5.4 2016q3/bin/../lib/gcc/arm-none-eabi/5.4.1/../../../../arm-none-eabi/lib/armv7-m\libc.a(lib_a-atexit.o) (__register_exitproc)
c:/arm_tools/5.4 2016q3/bin/../lib/gcc/arm-none-eabi/5.4.1/../../../../arm-none-eabi/lib/armv7-m\libnosys.a(_exit.o)
                              c:/arm_tools/5.4 2016q3/bin/../lib/gcc/arm-none-eabi/5.4.1/../../../../arm-none-eabi/lib/armv7-m\libc.a(lib_a-exit.o) (_exit)

Allocating common symbols
Common symbol       size              file

mStatusAndControlRegs
                    0x9               ..\obj\MCR20A_Phy.o
heart_startTime     0x4               ..\obj\stack_entry.o
netif_list          0x4               ..\obj\netif.o
RX_Frame_Descriptor
                    0xc               ..\obj\stm32f2x7_eth.o
debug_level         0x1               ..\obj\debug.o
a_aps_rx_data       0x28              ..\obj\aps.o
xfunc_in            0x4               ..\obj\xprintf.o
apsEndPoints        0x6               ..\obj\aps.o
joinState           0x1               ..\obj\stack_entry.o
tcp_active_pcbs     0x4               ..\obj\tcp.o
phyState            0x1               ..\obj\phy.o
udp_pcbs            0x4               ..\obj\udp.o
current_netif       0x4               ..\obj\ip.o
zep_pib             0x8               ..\obj\zep.o
apsState            0x1               ..\obj\aps.o
tcp_ticks           0x4               ..\obj\tcp.o
tcp_listen_pcbs     0x4               ..\obj\tcp.o
DMARxDescToGet      0x4               ..\obj\stm32f2x7_eth.o
xfunc_out           0x4               ..\obj\xprintf.o
nwk_pib             0x4               ..\obj\nwk.o
DMATxDescToSet      0x4               ..\obj\stm32f2x7_eth.o
zg_get_settings     0x1               ..\obj\stack_entry.o
tcp_tmp_pcb         0x4               ..\obj\tcp.o
app_startTime       0x4               ..\obj\stack_entry.o
my_timer            0x4               ..\obj\stack_entry.o
tcp_input_pcb       0x4               ..\obj\tcp_in.o
macTxFSM_status     0x1               ..\obj\mac.o
a_mac_rx_data       0x1c              ..\obj\mac.o
DMATxDscrTab        0x40              ..\obj\stm32f2x7_eth.o
current_header      0x4               ..\obj\ip.o
a_nwk_service       0x10              ..\obj\nwk.o
mac_addr_tbl        0xa               ..\obj\halNeighbor.o
Rx_Buff             0xbe8             ..\obj\stm32f2x7_eth.o
irq                 0x3               ..\obj\halStack.o
tcp_bound_pcbs      0x4               ..\obj\tcp.o
[...]
Memory Configuration

Name             Origin             Length             Attributes
rom              0x08000000         0x00100000         xr
ram              0x20000000         0x00020000         xrw
*default*        0x00000000         0xffffffff

Linker script and memory map

LOAD c:/arm_tools/5.4 2016q3/bin/../lib/gcc/arm-none-eabi/5.4.1/armv7-m/crti.o
LOAD c:/arm_tools/5.4 2016q3/bin/../lib/gcc/arm-none-eabi/5.4.1/armv7-m/crtbegin.o
LOAD c:/arm_tools/5.4 2016q3/bin/../lib/gcc/arm-none-eabi/5.4.1/../../../../arm-none-eabi/lib/armv7-m/crt0.o
                0x20020000                _eram = 0x20020000

.text           0x08000000     0x4a6c
 *(.isr_vector)
 .isr_vector    0x08000000      0x184 ..\obj\startup_stm32f207xx.o
                0x08000000                g_pfnVectors
 *(.text*)
 .text          0x08000184       0x5c c:/arm_tools/5.4 2016q3/bin/../lib/gcc/arm-none-eabi/5.4.1/armv7-m/crtbegin.o
 .text.SPIx_WriteReadByte
                0x080001e0       0x4c ..\obj\spi.o
                0x080001e0                SPIx_WriteReadByte
 .text.SPIx_MasterSetCR
                0x0800022c       0x1c ..\obj\spi.o
                0x0800022c                SPIx_MasterSetCR
 .text.NVIC_SetPriority
                0x08000248       0x54 ..\obj\delay.o
 .text.SysTick_Config
                0x0800029c       0x44 ..\obj\delay.o
 .text.TimingInc
                0x080002e0       0x1c ..\obj\delay.o
                0x080002e0                TimingInc
 .text.GetUsFromTicks
                0x080002fc       0x50 ..\obj\delay.o
                0x080002fc                GetUsFromTicks
 .text.GetTimeUS
                0x0800034c       0x34 ..\obj\delay.o
                0x0800034c                GetTimeUS
 .text.GetTimeMS
                0x08000380       0x14 ..\obj\delay.o
                0x08000380                GetTimeMS
 .text.GetTick  0x08000394       0x1c ..\obj\delay.o
                0x08000394                GetTick
 .text.SysTick_Init
                0x080003b0       0x1c ..\obj\delay.o
                0x080003b0                SysTick_Init
 .text.delayMS  0x080003cc       0x2c ..\obj\delay.o
                0x080003cc                delayMS
 .text.SysTick_Handler
                0x080003f8        0xc ..\obj\delay.o
                0x080003f8                SysTick_Handler
 .text.USART_Init
                0x08000404      0x174 ..\obj\stm32f2xx_usart.o
                0x08000404                USART_Init
 .text.USART_Cmd
                0x08000578       0x40 ..\obj\stm32f2xx_usart.o
                0x08000578                USART_Cmd
 .text.USART_SendData
                0x080005b8       0x24 ..\obj\stm32f2xx_usart.o
                0x080005b8                USART_SendData
 .text.USART_GetFlagStatus
                0x080005dc       0x38 ..\obj\stm32f2xx_usart.o
                0x080005dc                USART_GetFlagStatus
 .text.Reset_Handler
                0x08000614       0x50 ..\obj\startup_stm32f207xx.o
                0x08000614                Reset_Handler
 .text.Default_Handler
                0x08000664        0x2 ..\obj\startup_stm32f207xx.o
                0x08000664                HASH_RNG_IRQHandler
                0x08000664                EXTI2_IRQHandler
                0x08000664                TIM8_CC_IRQHandler
                0x08000664                TIM1_CC_IRQHandler
                0x08000664                DMA2_Stream5_IRQHandler
                0x08000664                DMA1_Stream5_IRQHandler
                0x08000664                PVD_IRQHandler
                0x08000664                SDIO_IRQHandler
                0x08000664                CAN2_RX1_IRQHandler
                0x08000664                EXTI3_IRQHandler
                0x08000664                TIM8_TRG_COM_TIM14_IRQHandler
                0x08000664                TIM1_UP_TIM10_IRQHandler
                0x08000664                TIM8_UP_TIM13_IRQHandler
                0x08000664                I2C3_ER_IRQHandler
                0x08000664                EXTI0_IRQHandler
                0x08000664                I2C2_EV_IRQHandler
                0x08000664                DMA1_Stream2_IRQHandler
                0x08000664                CAN1_RX0_IRQHandler
                0x08000664                OTG_HS_WKUP_IRQHandler
                0x08000664                CAN2_SCE_IRQHandler
                0x08000664                DMA2_Stream2_IRQHandler
                0x08000664                SPI1_IRQHandler
                0x08000664                TIM6_DAC_IRQHandler
                0x08000664                TIM1_BRK_TIM9_IRQHandler
                0x08000664                DCMI_IRQHandler
                0x08000664                CAN2_RX0_IRQHandler
                0x08000664                DMA2_Stream3_IRQHandler
                0x08000664                USART6_IRQHandler
                0x08000664                USART3_IRQHandler
                0x08000664                CAN1_RX1_IRQHandler
                0x08000664                UART5_IRQHandler
                0x08000664                DMA2_Stream0_IRQHandler
                0x08000664                TIM4_IRQHandler
                0x08000664                I2C1_EV_IRQHandler
                0x08000664                DMA1_Stream6_IRQHandler
                0x08000664                DMA1_Stream1_IRQHandler
                0x08000664                UART4_IRQHandler
                0x08000664                TIM3_IRQHandler
                0x08000664                RCC_IRQHandler
                0x08000664                TIM8_BRK_TIM12_IRQHandler
                0x08000664                Default_Handler
                0x08000664                EXTI15_10_IRQHandler
                0x08000664                ADC_IRQHandler
                0x08000664                DMA1_Stream7_IRQHandler
                0x08000664                TIM7_IRQHandler
                0x08000664                CAN2_TX_IRQHandler
                0x08000664                TIM5_IRQHandler
                0x08000664                DMA2_Stream7_IRQHandler
                0x08000664                I2C3_EV_IRQHandler
                0x08000664                EXTI9_5_IRQHandler
                0x08000664                RTC_WKUP_IRQHandler
                0x08000664                ETH_WKUP_IRQHandler
                0x08000664                SPI2_IRQHandler
                0x08000664                OTG_HS_EP1_IN_IRQHandler
                0x08000664                DMA1_Stream0_IRQHandler
                0x08000664                CAN1_TX_IRQHandler
                0x08000664                EXTI4_IRQHandler
                0x08000664                FSMC_IRQHandler
                0x08000664                ETH_IRQHandler
                0x08000664                OTG_HS_EP1_OUT_IRQHandler
                0x08000664                WWDG_IRQHandler
                0x08000664                OTG_FS_WKUP_IRQHandler
                0x08000664                TIM1_TRG_COM_TIM11_IRQHandler
                0x08000664                OTG_HS_IRQHandler
                0x08000664                USART2_IRQHandler
                0x08000664                I2C2_ER_IRQHandler
                0x08000664                DMA2_Stream1_IRQHandler
                0x08000664                CAN1_SCE_IRQHandler
                0x08000664                FLASH_IRQHandler
                0x08000664                DMA2_Stream4_IRQHandler
                0x08000664                USART1_IRQHandler
                0x08000664                OTG_FS_IRQHandler
                0x08000664                SPI3_IRQHandler
                0x08000664                DMA1_Stream4_IRQHandler
                0x08000664                I2C1_ER_IRQHandler
                0x08000664                DMA2_Stream6_IRQHandler
                0x08000664                DMA1_Stream3_IRQHandler
 *fill*         0x08000666        0x2 
 .text.MCR20Drv_DirectAccessSPIWrite
                0x08000668       0x60 ..\obj\MCR20Drv.o
                0x08000668                MCR20Drv_DirectAccessSPIWrite
 .text.MCR20Drv_DirectAccessSPIMultiByteWrite
                0x080006c8       0x6c ..\obj\MCR20Drv.o
                0x080006c8                MCR20Drv_DirectAccessSPIMultiByteWrite
 .text.MCR20Drv_DirectAccessSPIRead
                0x08000734       0x60 ..\obj\MCR20Drv.o
                0x08000734                MCR20Drv_DirectAccessSPIRead
 .text.MCR20Drv_DirectAccessSPIMultiByteRead
                0x08000794       0x78 ..\obj\MCR20Drv.o
                0x08000794                MCR20Drv_DirectAccessSPIMultiByteRead
 .text.MCR20Drv_PB_SPIBurstRead
                0x0800080c       0x64 ..\obj\MCR20Drv.o
                0x0800080c                MCR20Drv_PB_SPIBurstRead
 .text.MCR20Drv_IRQ_Disable
                0x08000870       0x24 ..\obj\MCR20Drv.o
                0x08000870                MCR20Drv_IRQ_Disable
 .text.MCR20Drv_IRQ_Enable
                0x08000894       0x2c ..\obj\MCR20Drv.o
                0x08000894                MCR20Drv_IRQ_Enable
 .text.MCR20Drv_IRQ_Clear
                0x080008c0       0x10 ..\obj\MCR20Drv.o
                0x080008c0                MCR20Drv_IRQ_Clear
 .text.SPI_I2S_ReceiveData
                0x080008d0       0x18 ..\obj\stm32f2xx_spi.o
                0x080008d0                SPI_I2S_ReceiveData
 .text.SPI_I2S_SendData
                0x080008e8       0x1c ..\obj\stm32f2xx_spi.o
                0x080008e8                SPI_I2S_SendData
 .text.FLASH_Unlock
                0x08000904       0x2c ..\obj\stm32f2xx_flash.o
                0x08000904                FLASH_Unlock
 .text.FLASH_Lock
                0x08000930       0x1c ..\obj\stm32f2xx_flash.o
                0x08000930                FLASH_Lock
 .text.FLASH_EraseSector
                0x0800094c       0xc0 ..\obj\stm32f2xx_flash.o
                0x0800094c                FLASH_EraseSector
 .text.FLASH_ProgramWord
                0x08000a0c       0x68 ..\obj\stm32f2xx_flash.o
                0x08000a0c                FLASH_ProgramWord
 .text.FLASH_ClearFlag
                0x08000a74       0x1c ..\obj\stm32f2xx_flash.o
                0x08000a74                FLASH_ClearFlag
 .text.FLASH_GetStatus
                0x08000a90       0x68 ..\obj\stm32f2xx_flash.o
                0x08000a90                FLASH_GetStatus
 .text.FLASH_WaitForLastOperation
                0x08000af8       0x30 ..\obj\stm32f2xx_flash.o
                0x08000af8                FLASH_WaitForLastOperation
 .text.TIM_TimeBaseInit
                0x08000b28       0xd4 ..\obj\stm32f2xx_tim.o
                0x08000b28                TIM_TimeBaseInit
 .text.TIM_ARRPreloadConfig
                0x08000bfc       0x40 ..\obj\stm32f2xx_tim.o
                0x08000bfc                TIM_ARRPreloadConfig
 .text.TIM_Cmd  0x08000c3c       0x40 ..\obj\stm32f2xx_tim.o
                0x08000c3c                TIM_Cmd
 .text.TIM_ITConfig
                0x08000c7c       0x48 ..\obj\stm32f2xx_tim.o
                0x08000c7c                TIM_ITConfig
 .text.TIM_ClearITPendingBit
                0x08000cc4       0x20 ..\obj\stm32f2xx_tim.o
                0x08000cc4                TIM_ClearITPendingBit
 .text.System_Init
                0x08000ce4       0x18 ..\obj\main.o
                0x08000ce4                System_Init
 .text.Board_Init
                0x08000cfc       0x58 ..\obj\main.o
                0x08000cfc                Board_Init
 .text.Board_Boot_Service
                0x08000d54       0x6c ..\obj\main.o
                0x08000d54                Board_Boot_Service
 .text.main     0x08000dc0       0x18 ..\obj\main.o
                0x08000dc0                main
 .text.Board_COM2_Input_Enable
                0x08000dd8       0x44 ..\obj\board.o
                0x08000dd8                Board_COM2_Input_Enable
 .text.Board_COM2_Input_Disable
                0x08000e1c       0x18 ..\obj\board.o
                0x08000e1c                Board_COM2_Input_Disable
 .text.Board_COMInit
                0x08000e34      0x130 ..\obj\board.o
                0x08000e34                Board_COMInit
 .text.Board_LEDInit
                0x08000f64       0x64 ..\obj\board.o
                0x08000f64                Board_LEDInit
 .text.Board_LedOff
                0x08000fc8       0x30 ..\obj\board.o
                0x08000fc8                Board_LedOff
 .text.Board_PWM_Pin_Init
                0x08000ff8       0x3c ..\obj\board.o
                0x08000ff8                Board_PWM_Pin_Init
 .text.Board_PWM_Init
                0x08001034       0x78 ..\obj\board.o
                0x08001034                Board_PWM_Init
 .text.Board_PWM_On
                0x080010ac       0x14 ..\obj\board.o
                0x080010ac                Board_PWM_On
 .text.TIM2_IRQHandler
                0x080010c0      0x138 ..\obj\board.o
                0x080010c0                TIM2_IRQHandler
 .text.TAMP_STAMP_IRQHandler
                0x080011f8       0x20 ..\obj\board.o
                0x080011f8                TAMP_STAMP_IRQHandler
 .text.RTC_Alarm_IRQHandler
                0x08001218       0x10 ..\obj\board.o
                0x08001218                RTC_Alarm_IRQHandler
 .text.Board_Flash_Init
                0x08001228       0x24 ..\obj\board.o
                0x08001228                Board_Flash_Init
 .text.Board_Mac_AutoGen
                0x0800124c       0x54 ..\obj\board.o
                0x0800124c                Board_Mac_AutoGen
 .text.Board_Mac_Get_Ptr
                0x080012a0       0x14 ..\obj\board.o
                0x080012a0                Board_Mac_Get_Ptr
 .text.Board_Flash_Write
                0x080012b4       0x50 ..\obj\board.o
                0x080012b4                Board_Flash_Write
 .text.Board_DeviceInfo_Write
                0x08001304       0x18 ..\obj\board.o
                0x08001304                Board_DeviceInfo_Write
 .text.Board_DeviceInfo_Read
                0x0800131c       0x20 ..\obj\board.o
                0x0800131c                Board_DeviceInfo_Read
 .text.Board_DeviceInfo_Get
                0x0800133c       0x14 ..\obj\board.o
                0x0800133c                Board_DeviceInfo_Get
 .text.Board_DeviceInfo_Print
                0x08001350      0x214 ..\obj\board.o
                0x08001350                Board_DeviceInfo_Print
 .text.Board_DeviceInfo_SetDefault
                0x08001564      0x110 ..\obj\board.o
                0x08001564                Board_DeviceInfo_SetDefault
 .text.Board_DeviceInfo_Init
                0x08001674       0x54 ..\obj\board.o
                0x08001674                Board_DeviceInfo_Init
 .text.Board_COM2_Gets
                0x080016c8       0x9c ..\obj\board.o
                0x080016c8                Board_COM2_Gets
 .text.Board_Shell
                0x08001764      0x220 ..\obj\board.o
                0x08001764                Board_Shell
 .text.Board_Shell_Entry
                0x08001984       0xd4 ..\obj\board.o
                0x08001984                Board_Shell_Entry
 .text.Board_Is_RZB
                0x08001a58       0x5c ..\obj\board.o
                0x08001a58                Board_Is_RZB
 .text.aoti     0x08001ab4       0x40 ..\obj\board.o
                0x08001ab4                aoti
 .text.Board_Version_Init
                0x08001af4       0xf0 ..\obj\board.o
                0x08001af4                Board_Version_Init
 .text.Board_Version_Print
                0x08001be4       0x3c ..\obj\board.o
                0x08001be4                Board_Version_Print
 .text.Board_Version_Get
                0x08001c20       0x14 ..\obj\board.o
                0x08001c20                Board_Version_Get
 .text.Board_Version_Check
                0x08001c34       0x38 ..\obj\board.o
                0x08001c34                Board_Version_Check
 .text.spi_master_configure_speed
                0x08001c6c       0x44 ..\obj\MCR20A_port.o
                0x08001c6c                spi_master_configure_speed
 .text.spi_master_transfer
                0x08001cb0       0x7c ..\obj\MCR20A_port.o
                0x08001cb0                spi_master_transfer
 .text.spi_cs_enable
                0x08001d2c       0x14 ..\obj\MCR20A_port.o
                0x08001d2c                spi_cs_enable
 .text.spi_cs_disable
                0x08001d40       0x14 ..\obj\MCR20A_port.o
                0x08001d40                spi_cs_disable
 .text.MCR20A_IRQ_Disable
                0x08001d54       0x28 ..\obj\MCR20A_port.o
                0x08001d54                MCR20A_IRQ_Disable
 .text.MCR20A_IRQ_Enable
                0x08001d7c       0x28 ..\obj\MCR20A_port.o
                0x08001d7c                MCR20A_IRQ_Enable
 .text.IAP_Board_Match
                0x08001da4       0x40 ..\obj\iap.o
                0x08001da4                IAP_Board_Match
 .text.IAP_MD5_Match
                0x08001de4       0x6c ..\obj\iap.o
                0x08001de4                IAP_MD5_Match
 .text.IAP_Service
                0x08001e50      0x1d0 ..\obj\iap.o
                0x08001e50                IAP_Service
 .text.IAP_Program_Check_Buf
                0x08002020       0x34 ..\obj\iap.o
                0x08002020                IAP_Program_Check_Buf
 .text.IAP_Program_Check
                0x08002054       0x2c ..\obj\iap.o
                0x08002054                IAP_Program_Check
 .text.IAP_Program_Erase
                0x08002080       0x28 ..\obj\iap.o
                0x08002080                IAP_Program_Erase
 .text.IAP_Program_Run
                0x080020a8       0x38 ..\obj\iap.o
                0x080020a8                IAP_Program_Run
 .text.NMI_Handler
                0x080020e0       0x14 ..\obj\stm32f2xx_it.o
                0x080020e0                NMI_Handler
 .text.HardFault_Handler
                0x080020f4       0x10 ..\obj\stm32f2xx_it.o
                0x080020f4                HardFault_Handler
 .text.MemManage_Handler
                0x08002104       0x10 ..\obj\stm32f2xx_it.o
                0x08002104                MemManage_Handler
 .text.BusFault_Handler
                0x08002114       0x10 ..\obj\stm32f2xx_it.o
                0x08002114                BusFault_Handler
 .text.UsageFault_Handler
                0x08002124       0x10 ..\obj\stm32f2xx_it.o
                0x08002124                UsageFault_Handler
 .text.SVC_Handler
                0x08002134        0xc ..\obj\stm32f2xx_it.o
                0x08002134                SVC_Handler
 .text.DebugMon_Handler
                0x08002140        0xc ..\obj\stm32f2xx_it.o
                0x08002140                DebugMon_Handler
 .text.PendSV_Handler
                0x0800214c        0xc ..\obj\stm32f2xx_it.o
                0x0800214c                PendSV_Handler
 .text.xPrintfCom2_Init
                0x08002158       0x50 ..\obj\xprintf.o
                0x08002158                xPrintfCom2_Init
 .text.xUSART2_putchar
                0x080021a8       0x34 ..\obj\xprintf.o
                0x080021a8                xUSART2_putchar
 .text.xUSART2_putchar_n
                0x080021dc       0x28 ..\obj\xprintf.o
                0x080021dc                xUSART2_putchar_n
 .text.xputc    0x08002204       0x44 ..\obj\xprintf.o
                0x08002204                xputc
 .text.xputs    0x08002248       0x28 ..\obj\xprintf.o
                0x08002248                xputs
 .text.xvprintf
                0x08002270      0x2f8 ..\obj\xprintf.o
 .text.xprintf  0x08002568       0x24 ..\obj\xprintf.o
                0x08002568                xprintf
 .text.xUSART2_getchar
                0x0800258c       0x30 ..\obj\xprintf.o
                0x0800258c                xUSART2_getchar
 .text.xgets    0x080025bc       0xa0 ..\obj\xprintf.o
                0x080025bc                xgets
 .text.xUSART2_ValidInput
                0x0800265c       0x20 ..\obj\xprintf.o
                0x0800265c                xUSART2_ValidInput
 .text.phyRxCallback
                0x0800267c        0xc ..\obj\phy.o
                0x0800267c                phyRxCallback
 .text.phyTxEndCallBack
                0x08002688       0x1c ..\obj\phy.o
                0x08002688                phyTxEndCallBack
 .text.GPIO_Init
                0x080026a4      0x11c ..\obj\stm32f2xx_gpio.o
                0x080026a4                GPIO_Init
 .text.GPIO_ReadInputDataBit
                0x080027c0       0x34 ..\obj\stm32f2xx_gpio.o
                0x080027c0                GPIO_ReadInputDataBit
 .text.GPIO_SetBits
                0x080027f4       0x1c ..\obj\stm32f2xx_gpio.o
                0x080027f4                GPIO_SetBits
 .text.GPIO_ResetBits
                0x08002810       0x1c ..\obj\stm32f2xx_gpio.o
                0x08002810                GPIO_ResetBits
 .text.GPIO_PinAFConfig
                0x0800282c       0x90 ..\obj\stm32f2xx_gpio.o
                0x0800282c                GPIO_PinAFConfig
 .text.permute  0x080028bc      0x2dc ..\obj\md5.o
 .text.md5_init
                0x08002b98       0x48 ..\obj\md5.o
                0x08002b98                md5_init
 .text.md5_update
                0x08002be0       0x70 ..\obj\md5.o
                0x08002be0                md5_update
 .text.md5_final
                0x08002c50      0x16c ..\obj\md5.o
                0x08002c50                md5_final
 .text.md5      0x08002dbc       0x38 ..\obj\md5.o
                0x08002dbc                md5
 .text.SystemInit
                0x08002df4       0x5c ..\obj\system_stm32f2xx.o
                0x08002df4                SystemInit
 .text.SystemCoreClockUpdate
                0x08002e50       0xf8 ..\obj\system_stm32f2xx.o
                0x08002e50                SystemCoreClockUpdate
 .text.SetSysClock
                0x08002f48       0xd8 ..\obj\system_stm32f2xx.o
 .text._GetCRC  0x08003020       0x64 ..\obj\gdb_1kxmodem.o
 .text.DbgReceiveByte
                0x08003084       0x5c ..\obj\gdb_1kxmodem.o
                0x08003084                DbgReceiveByte
 .text.DbgReceive1KXModem
                0x080030e0      0x1f8 ..\obj\gdb_1kxmodem.o
                0x080030e0                DbgReceive1KXModem
 .text.RCC_GetClocksFreq
                0x080032d8      0x154 ..\obj\stm32f2xx_rcc.o
                0x080032d8                RCC_GetClocksFreq
 .text.RCC_AHB1PeriphClockCmd
                0x0800342c       0x3c ..\obj\stm32f2xx_rcc.o
                0x0800342c                RCC_AHB1PeriphClockCmd
 .text.RCC_APB1PeriphClockCmd
                0x08003468       0x3c ..\obj\stm32f2xx_rcc.o
                0x08003468                RCC_APB1PeriphClockCmd
 .text.RCC_APB2PeriphClockCmd
                0x080034a4       0x3c ..\obj\stm32f2xx_rcc.o
                0x080034a4                RCC_APB2PeriphClockCmd
 .text.halUtilMemCopy
                0x080034e0       0x3c ..\obj\halStack.o
                0x080034e0                halUtilMemCopy
 .text.halRadioGetFrame
                0x0800351c       0xdc ..\obj\halStack.o
                0x0800351c                halRadioGetFrame
 .text.IRQ_Handler
                0x080035f8      0x1a4 ..\obj\halStack.o
                0x080035f8                IRQ_Handler
 .text.EXTI1_IRQHandler
                0x0800379c       0x38 ..\obj\halStack.o
                0x0800379c                EXTI1_IRQHandler
 .text.MCR20A_LqiConvert
                0x080037d4       0x44 ..\obj\MCR20A_Phy.o
                0x080037d4                MCR20A_LqiConvert
 .text.macRxCallback
                0x08003818       0x74 ..\obj\mac.o
                0x08003818                macRxCallback
 .text.macRxBuffFull
                0x0800388c       0x3c ..\obj\mac.o
                0x0800388c                macRxBuffFull
 .text.EXTI_GetITStatus
                0x080038c8       0x48 ..\obj\stm32f2xx_exti.o
                0x080038c8                EXTI_GetITStatus
 .text.EXTI_ClearITPendingBit
                0x08003910       0x1c ..\obj\stm32f2xx_exti.o
                0x08003910                EXTI_ClearITPendingBit
 .text.NVIC_PriorityGroupConfig
                0x0800392c       0x24 ..\obj\misc.o
                0x0800392c                NVIC_PriorityGroupConfig
 .text.NVIC_Init
                0x08003950       0xc0 ..\obj\misc.o
                0x08003950                NVIC_Init
 .text.NVIC_SetVectorTable
                0x08003a10       0x2c ..\obj\misc.o
                0x08003a10                NVIC_SetVectorTable
 .text.memhdr_get_size
                0x08003a3c       0x34 ..\obj\memalloc.o
                0x08003a3c                memhdr_get_size
 .text.memhdr_set_size
                0x08003a70       0x48 ..\obj\memalloc.o
                0x08003a70                memhdr_set_size
 .text.MemAlloc
                0x08003ab8       0xf4 ..\obj\memalloc.o
                0x08003ab8                MemAlloc
 .text.__libc_init_array
                0x08003bac       0x50 c:/arm_tools/5.4 2016q3/bin/../lib/gcc/arm-none-eabi/5.4.1/../../../../arm-none-eabi/lib/armv7-m\libc.a(lib_a-init.o)
                0x08003bac                __libc_init_array
 .text          0x08003bfc       0xec c:/arm_tools/5.4 2016q3/bin/../lib/gcc/arm-none-eabi/5.4.1/../../../../arm-none-eabi/lib/armv7-m\libc.a(lib_a-memcpy.o)
                0x08003bfc                memcpy
 .text          0x08003ce8      0x1bc c:/arm_tools/5.4 2016q3/bin/../lib/gcc/arm-none-eabi/5.4.1/../../../../arm-none-eabi/lib/armv7-m\libc.a(lib_a-strcmp.o)
                0x08003ce8                strcmp
 .text.startup.register_fini
                0x08003ea4       0x14 c:/arm_tools/5.4 2016q3/bin/../lib/gcc/arm-none-eabi/5.4.1/../../../../arm-none-eabi/lib/armv7-m\libc.a(lib_a-__call_atexit.o)
 .text.atexit   0x08003eb8        0xc c:/arm_tools/5.4 2016q3/bin/../lib/gcc/arm-none-eabi/5.4.1/../../../../arm-none-eabi/lib/armv7-m\libc.a(lib_a-atexit.o)
                0x08003eb8                atexit
 .text.__libc_fini_array
                0x08003ec4       0x28 c:/arm_tools/5.4 2016q3/bin/../lib/gcc/arm-none-eabi/5.4.1/../../../../arm-none-eabi/lib/armv7-m\libc.a(lib_a-fini.o)
                0x08003ec4                __libc_fini_array
 .text.__register_exitproc
                0x08003eec       0xa4 c:/arm_tools/5.4 2016q3/bin/../lib/gcc/arm-none-eabi/5.4.1/../../../../arm-none-eabi/lib/armv7-m\libc.a(lib_a-__atexit.o)
                0x08003eec                __register_exitproc
 *(.init)
 .init          0x08003f90        0x4 c:/arm_tools/5.4 2016q3/bin/../lib/gcc/arm-none-eabi/5.4.1/armv7-m/crti.o
                0x08003f90                _init
 .init          0x08003f94        0x8 c:/arm_tools/5.4 2016q3/bin/../lib/gcc/arm-none-eabi/5.4.1/armv7-m/crtn.o
 *(.fini)
 .fini          0x08003f9c        0x4 c:/arm_tools/5.4 2016q3/bin/../lib/gcc/arm-none-eabi/5.4.1/armv7-m/crti.o
                0x08003f9c                _fini
 .fini          0x08003fa0        0x8 c:/arm_tools/5.4 2016q3/bin/../lib/gcc/arm-none-eabi/5.4.1/armv7-m/crtn.o
 *crtbegin.o(.ctors)
 *crtbegin?.o(.ctors)
 *(EXCLUDE_FILE(*crtend.o *crtend?.o) .ctors)
 *(SORT(.ctors.*))
 *(.ctors)
 *crtbegin.o(.dtors)
 *crtbegin?.o(.dtors)
 *(EXCLUDE_FILE(*crtend.o *crtend?.o) .dtors)
 *(SORT(.dtors.*))
 *(.dtors)
 *(.rodata*)
 .rodata        0x08003fa8      0x38c ..\obj\main.o
                0x08003fa8                str_LOGO_RZB
                0x080040bc                str_LOGO_ZG
                0x0800417c                str_LOGO_USE
                0x08004290                str_LOGO_UNKNOWN
 .rodata        0x08004334      0x544 ..\obj\board.o
                0x08004334                COM_USART_CLK
                0x0800433c                COM_TX_PORT_CLK
                0x08004344                COM_RX_PORT_CLK
                0x0800434c                COM_TX_PIN
                0x08004350                COM_RX_PIN
                0x08004354                COM_TX_PIN_SOURCE
                0x08004358                COM_RX_PIN_SOURCE
                0x0800435c                COM_TX_AF
                0x08004360                COM_RX_AF
                0x08004364                GPIO_PIN
                0x08004368                GPIO_CLK
 .rodata        0x08004878       0x3d ..\obj\iap.o
 *fill*         0x080048b5        0x3 
 .rodata        0x080048b8       0x6f ..\obj\stm32f2xx_it.o
 *fill*         0x08004927        0x1 
 .rodata        0x08004928      0x140 ..\obj\md5.o
 .rodata._global_impure_ptr
                0x08004a68        0x4 c:/arm_tools/5.4 2016q3/bin/../lib/gcc/arm-none-eabi/5.4.1/../../../../arm-none-eabi/lib/armv7-m\libc.a(lib_a-impure.o)
                0x08004a68                _global_impure_ptr
 *(.eh_fram e*)

.eh_frame       0x08004a6c        0x0
 .eh_frame      0x08004a6c        0x0 c:/arm_tools/5.4 2016q3/bin/../lib/gcc/arm-none-eabi/5.4.1/armv7-m/crtbegin.o

.glue_7         0x08004a6c        0x0
 .glue_7        0x08004a6c        0x0 linker stubs

.glue_7t        0x08004a6c        0x0
 .glue_7t       0x08004a6c        0x0 linker stubs

.vfp11_veneer   0x08004a6c        0x0
 .vfp11_veneer  0x08004a6c        0x0 linker stubs

.v4_bx          0x08004a6c        0x0
 .v4_bx         0x08004a6c        0x0 linker stubs

.iplt           0x08004a6c        0x0
 .iplt          0x08004a6c        0x0 c:/arm_tools/5.4 2016q3/bin/../lib/gcc/arm-none-eabi/5.4.1/armv7-m/crtbegin.o

.rel.dyn        0x08004a6c        0x0
 .rel.iplt      0x08004a6c        0x0 c:/arm_tools/5.4 2016q3/bin/../lib/gcc/arm-none-eabi/5.4.1/armv7-m/crtbegin.o

.ARM.extab
 *(.ARM.extab* .gnu.linkonce.armextab.*)
                0x08004a6c                __exidx_start = .

.ARM.exidx
 *(.ARM.exidx* .gnu.linkonce.armexidx.*)
                0x08004a6c                __exidx_end = .
                0x08004a6c                __etext = .
                0x08004a6c                _sidata = __etext

.data           0x20000000      0x490 load address 0x08004a6c
                0x20000000                __data_start__ = .
                0x20000000                _sdata = __data_start__
 *(vtable)
 *(.data*)
 .data          0x20000000        0x4 ..\obj\MCR20Drv.o
 .data          0x20000004       0x26 ..\obj\board.o
                0x20000004                COM_USART
                0x2000000c                COM_TX_PORT
                0x20000014                COM_RX_PORT
                0x2000001c                GPIO_PORT
 *fill*         0x2000002a        0x2 
 .data          0x2000002c       0x14 ..\obj\system_stm32f2xx.o
                0x2000002c                SystemCoreClock
                0x20000030                AHBPrescTable
 .data          0x20000040       0x10 ..\obj\stm32f2xx_rcc.o
 .data          0x20000050        0x1 ..\obj\halStack.o
                0x20000050                txRetry
 *fill*         0x20000051        0x7 
 .data.impure_data
                0x20000058      0x428 c:/arm_tools/5.4 2016q3/bin/../lib/gcc/arm-none-eabi/5.4.1/../../../../arm-none-eabi/lib/armv7-m\libc.a(lib_a-impure.o)
                0x20000480                . = ALIGN (0x4)
                0x20000480                PROVIDE (__preinit_array_start, .)
 *(.preinit_array)
                0x20000480                PROVIDE (__preinit_array_end, .)
                0x20000480                . = ALIGN (0x4)
                0x20000480                PROVIDE (__init_array_start, .)
 *(SORT(.init_array.*))
 .init_array.00000
                0x20000480        0x4 c:/arm_tools/5.4 2016q3/bin/../lib/gcc/arm-none-eabi/5.4.1/../../../../arm-none-eabi/lib/armv7-m\libc.a(lib_a-__call_atexit.o)
 *(.init_array)
 .init_array    0x20000484        0x4 c:/arm_tools/5.4 2016q3/bin/../lib/gcc/arm-none-eabi/5.4.1/armv7-m/crtbegin.o
                0x20000488                PROVIDE (__init_array_end, .)
                0x20000488                . = ALIGN (0x4)
                0x20000488                PROVIDE (__fini_array_start, .)
 *(SORT(.fini_array.*))
 *(.fini_array)
 .fini_array    0x20000488        0x4 c:/arm_tools/5.4 2016q3/bin/../lib/gcc/arm-none-eabi/5.4.1/armv7-m/crtbegin.o
                0x2000048c                PROVIDE (__fini_array_end, .)
 *(.jcr*)
 .jcr           0x2000048c        0x0 c:/arm_tools/5.4 2016q3/bin/../lib/gcc/arm-none-eabi/5.4.1/armv7-m/crtbegin.o
 .jcr           0x2000048c        0x4 c:/arm_tools/5.4 2016q3/bin/../lib/gcc/arm-none-eabi/5.4.1/armv7-m/crtend.o
                0x20000490                . = ALIGN (0x4)
                0x20000490                __data_end__ = .
                0x20000490                _edata = __data_end__

.igot.plt       0x20000490        0x0 load address 0x08004efc
 .igot.plt      0x20000490        0x0 c:/arm_tools/5.4 2016q3/bin/../lib/gcc/arm-none-eabi/5.4.1/armv7-m/crtbegin.o

.bss            0x20000490    0x195c0 load address 0x08004efc
                0x20000490                . = ALIGN (0x4)
                0x20000490                __bss_start__ = .
                0x20000490                _sbss = __bss_start__
 *(.bss*)
 .bss           0x20000490       0x1c c:/arm_tools/5.4 2016q3/bin/../lib/gcc/arm-none-eabi/5.4.1/armv7-m/crtbegin.o
 .bss           0x200004ac        0x4 ..\obj\delay.o
 .bss           0x200004b0       0x28 ..\obj\board.o
                0x200004b0                debugFlag
 .bss           0x200004d8        0x8 ..\obj\xprintf.o
 .bss           0x200004e0        0x8 ..\obj\halStack.o
                0x200004e6                halRadioInited
                0x200004e7                halSendStart
 .bss           0x200004e8      0x400 ..\obj\memalloc.o
 *(COMMON)
 COMMON         0x200008e8        0x4 ..\obj\board.o
                0x200008e8                board_SW_Version
 COMMON         0x200008ec        0x4 ..\obj\MCR20A_port.o
                0x200008ec                spi_highSpeed
                0x200008ee                spi_lowSpeed
 COMMON         0x200008f0    0x19001 ..\obj\iap.o
                0x200008f0                iap_buf
                0x200198f0                iap_file_end
 *fill*         0x200198f1        0x3 
 COMMON         0x200198f4        0x8 ..\obj\xprintf.o
                0x200198f4                xfunc_in
                0x200198f8                xfunc_out
 COMMON         0x200198fc       0xac ..\obj\phy.o
                0x200198fc                phyState
                0x20019900                a_phy_service
                0x2001990c                tmpTxBuff
                0x2001998c                phy_pib
 COMMON         0x200199a8        0x3 ..\obj\halStack.o
                0x200199a8                irq
 *fill*         0x200199ab        0x1 
 COMMON         0x200199ac        0x9 ..\obj\MCR20A_Phy.o
                0x200199ac                mStatusAndControlRegs
 *fill*         0x200199b5        0x3 
 COMMON         0x200199b8       0x95 ..\obj\mac.o
                0x200199b8                macTxFSM_status
                0x200199bc                a_mac_rx_data
                0x200199d8                mac_pib
                0x20019a30                a_mac_service
                0x20019a38                a_mac_tx_data
                0x20019a4c                macState
                0x20019a50                . = ALIGN (0x4)
 *fill*         0x20019a4d        0x3 
                0x20019a50                __bss_end__ = .
                0x20019a50                _ebss = __bss_end__

.heap           0x20019a50        0x0
                0x20019a50                __end__ = .
                0x20019a50                _end = __end__
                0x20019a50                end = __end__
 *(.heap*)
                0x20019a50                __HeapLimit = .

.co_stack       0x20019a50        0x0
                0x20019a50                . = ALIGN (0x8)
 *(.co_stack .co_stack.*)
                0x20020000                __StackTop = (ORIGIN (ram) + LENGTH (ram))
                0x20020000                __StackLimit = (__StackTop - SIZEOF (.co_stack))
                0x20020000                PROVIDE (__stack, __StackTop)
                0x00000001                ASSERT ((__StackLimit >= __HeapLimit), region ram  overflowed with stack)
LOAD ..\obj\stm32f2x7_eth.o
LOAD ..\obj\mem.o
LOAD ..\obj\stm32f2xx_dma.o
LOAD ..\obj\spi.o
LOAD ..\obj\delay.o
LOAD ..\obj\stm32f2xx_sdio.o
LOAD ..\obj\tcp.o
LOAD ..\obj\stm32f2xx_usart.o
LOAD ..\obj\stm32f2xx_hash.o
LOAD ..\obj\err.o
LOAD ..\obj\startup_stm32f207xx.o
LOAD ..\obj\udpServer.o
LOAD ..\obj\tcp_in.o
LOAD ..\obj\MCR20Drv.o
LOAD ..\obj\stm32f2xx_spi.o
LOAD ..\obj\slipif.o
LOAD ..\obj\memp.o
LOAD ..\obj\stm32f2xx_i2c.o
LOAD ..\obj\stm32f2xx_rng.o
LOAD ..\obj\stm32f2xx_wwdg.o
LOAD ..\obj\nwk.o
LOAD ..\obj\autoip.o
LOAD ..\obj\stm32f2xx_flash.o
LOAD ..\obj\ip_frag.o
LOAD ..\obj\netbuf.o
LOAD ..\obj\tcpip.o
LOAD ..\obj\stm32f2xx_rtc.o
LOAD ..\obj\stm32f2xx_iwdg.o
LOAD ..\obj\sys.o
LOAD ..\obj\ip_addr.o
LOAD ..\obj\stm32f2xx_tim.o
LOAD ..\obj\inet_chksum.o
LOAD ..\obj\main.o
LOAD ..\obj\board.o
LOAD ..\obj\neighbor.o
LOAD ..\obj\netconf.o
LOAD ..\obj\zep.o
LOAD ..\obj\MCR20A_port.o
LOAD ..\obj\netdb.o
LOAD ..\obj\iap.o
LOAD ..\obj\stack_entry.o
LOAD ..\obj\stm32f2xx_it.o
LOAD ..\obj\stm32f2x7_eth_bsp.o
LOAD ..\obj\init.o
LOAD ..\obj\stm32f2xx_dbgmcu.o
LOAD ..\obj\stm32f2xx_dcmi.o
LOAD ..\obj\stm32f2xx_hash_sha1.o
LOAD ..\obj\ethernetif.o
LOAD ..\obj\stm32f2xx_syscfg.o
LOAD ..\obj\etharp.o
LOAD ..\obj\stm32f2xx_pwr.o
LOAD ..\obj\staticbind.o
LOAD ..\obj\xprintf.o
LOAD ..\obj\stm32f2xx_can.o
LOAD ..\obj\phy.o
LOAD ..\obj\stm32f2xx_fsmc.o
LOAD ..\obj\pbuf.o
LOAD ..\obj\stats.o
LOAD ..\obj\inet.o
LOAD ..\obj\netif.o
LOAD ..\obj\stm32f2xx_dac.o
LOAD ..\obj\api_msg.o
LOAD ..\obj\stm32f2xx_gpio.o
LOAD ..\obj\md5.o
LOAD ..\obj\stm32f2xx_crc.o
LOAD ..\obj\system_stm32f2xx.o
LOAD ..\obj\gdb_1kxmodem.o
LOAD ..\obj\stm32f2xx_rcc.o
LOAD ..\obj\sockets.o
LOAD ..\obj\halStack.o
LOAD ..\obj\debug.o
LOAD ..\obj\igmp.o
LOAD ..\obj\halNeighbor.o
LOAD ..\obj\MCR20A_Phy.o
LOAD ..\obj\udp.o
LOAD ..\obj\ip.o
LOAD ..\obj\stm32f2xx_adc.o
LOAD ..\obj\mac.o
LOAD ..\obj\stm32f2xx_exti.o
LOAD ..\obj\aps.o
LOAD ..\obj\icmp.o
LOAD ..\obj\dns.o
LOAD ..\obj\netifapi.o
LOAD ..\obj\misc.o
LOAD ..\obj\api_lib.o
LOAD ..\obj\memalloc.o
LOAD ..\obj\console.o
LOAD ..\obj\dhcp.o
LOAD ..\obj\tcp_out.o
LOAD ..\obj\stm32f2xx_hash_md5.o
LOAD ..\obj\loopif.o
LOAD ..\obj\raw.o
LOAD c:/arm_tools/5.4 2016q3/bin/../lib/gcc/arm-none-eabi/5.4.1/../../../../arm-none-eabi/lib/armv7-m\libm.a
LOAD c:/arm_tools/5.4 2016q3/bin/../lib/gcc/arm-none-eabi/5.4.1/armv7-m\libgcc.a
LOAD c:/arm_tools/5.4 2016q3/bin/../lib/gcc/arm-none-eabi/5.4.1/../../../../arm-none-eabi/lib/armv7-m\libc.a
LOAD c:/arm_tools/5.4 2016q3/bin/../lib/gcc/arm-none-eabi/5.4.1/../../../../arm-none-eabi/lib/armv7-m\libnosys.a
START GROUP
LOAD c:/arm_tools/5.4 2016q3/bin/../lib/gcc/arm-none-eabi/5.4.1/armv7-m\libgcc.a
LOAD c:/arm_tools/5.4 2016q3/bin/../lib/gcc/arm-none-eabi/5.4.1/../../../../arm-none-eabi/lib/armv7-m\libg.a
LOAD c:/arm_tools/5.4 2016q3/bin/../lib/gcc/arm-none-eabi/5.4.1/../../../../arm-none-eabi/lib/armv7-m\libc.a
END GROUP
LOAD c:/arm_tools/5.4 2016q3/bin/../lib/gcc/arm-none-eabi/5.4.1/armv7-m/crtend.o
LOAD c:/arm_tools/5.4 2016q3/bin/../lib/gcc/arm-none-eabi/5.4.1/armv7-m/crtn.o
OUTPUT(app_boot.elf elf32-littlearm)

.ARM.attributes
                0x00000000       0x29
 .ARM.attributes
                0x00000000       0x1d c:/arm_tools/5.4 2016q3/bin/../lib/gcc/arm-none-eabi/5.4.1/armv7-m/crti.o
 .ARM.attributes
                0x0000001d       0x2d c:/arm_tools/5.4 2016q3/bin/../lib/gcc/arm-none-eabi/5.4.1/armv7-m/crtbegin.o
 .ARM.attributes
                0x0000004a       0x33 ..\obj\spi.o
 .ARM.attributes
                0x0000007d       0x33 ..\obj\delay.o
 .ARM.attributes
                0x000000b0       0x33 ..\obj\stm32f2xx_usart.o
 .ARM.attributes
                0x000000e3       0x21 ..\obj\startup_stm32f207xx.o
 .ARM.attributes
                0x00000104       0x33 ..\obj\MCR20Drv.o
 .ARM.attributes
                0x00000137       0x33 ..\obj\stm32f2xx_spi.o
 .ARM.attributes
                0x0000016a       0x33 ..\obj\stm32f2xx_flash.o
 .ARM.attributes
                0x0000019d       0x33 ..\obj\stm32f2xx_tim.o
 .ARM.attributes
                0x000001d0       0x33 ..\obj\main.o
 .ARM.attributes
                0x00000203       0x33 ..\obj\board.o
 .ARM.attributes
                0x00000236       0x33 ..\obj\MCR20A_port.o
 .ARM.attributes
                0x00000269       0x33 ..\obj\iap.o
 .ARM.attributes
                0x0000029c       0x33 ..\obj\stm32f2xx_it.o
 .ARM.attributes
                0x000002cf       0x33 ..\obj\xprintf.o
 .ARM.attributes
                0x00000302       0x33 ..\obj\phy.o
 .ARM.attributes
                0x00000335       0x33 ..\obj\stm32f2xx_gpio.o
 .ARM.attributes
                0x00000368       0x33 ..\obj\md5.o
 .ARM.attributes
                0x0000039b       0x33 ..\obj\system_stm32f2xx.o
 .ARM.attributes
                0x000003ce       0x33 ..\obj\gdb_1kxmodem.o
 .ARM.attributes
                0x00000401       0x33 ..\obj\stm32f2xx_rcc.o
 .ARM.attributes
                0x00000434       0x33 ..\obj\halStack.o
 .ARM.attributes
                0x00000467       0x33 ..\obj\MCR20A_Phy.o
 .ARM.attributes
                0x0000049a       0x33 ..\obj\mac.o
 .ARM.attributes
                0x000004cd       0x33 ..\obj\stm32f2xx_exti.o
 .ARM.attributes
                0x00000500       0x33 ..\obj\misc.o
 .ARM.attributes
                0x00000533       0x33 ..\obj\memalloc.o
 .ARM.attributes
                0x00000566       0x2d c:/arm_tools/5.4 2016q3/bin/../lib/gcc/arm-none-eabi/5.4.1/../../../../arm-none-eabi/lib/armv7-m\libc.a(lib_a-impure.o)
 .ARM.attributes
                0x00000593       0x2d c:/arm_tools/5.4 2016q3/bin/../lib/gcc/arm-none-eabi/5.4.1/../../../../arm-none-eabi/lib/armv7-m\libc.a(lib_a-init.o)
 .ARM.attributes
                0x000005c0       0x1b c:/arm_tools/5.4 2016q3/bin/../lib/gcc/arm-none-eabi/5.4.1/../../../../arm-none-eabi/lib/armv7-m\libc.a(lib_a-memcpy.o)
 .ARM.attributes
                0x000005db       0x1b c:/arm_tools/5.4 2016q3/bin/../lib/gcc/arm-none-eabi/5.4.1/../../../../arm-none-eabi/lib/armv7-m\libc.a(lib_a-strcmp.o)
 .ARM.attributes
                0x000005f6       0x2d c:/arm_tools/5.4 2016q3/bin/../lib/gcc/arm-none-eabi/5.4.1/../../../../arm-none-eabi/lib/armv7-m\libc.a(lib_a-__call_atexit.o)
 .ARM.attributes
                0x00000623       0x2d c:/arm_tools/5.4 2016q3/bin/../lib/gcc/arm-none-eabi/5.4.1/../../../../arm-none-eabi/lib/armv7-m\libc.a(lib_a-atexit.o)
 .ARM.attributes
                0x00000650       0x2d c:/arm_tools/5.4 2016q3/bin/../lib/gcc/arm-none-eabi/5.4.1/../../../../arm-none-eabi/lib/armv7-m\libc.a(lib_a-fini.o)
 .ARM.attributes
                0x0000067d       0x2d c:/arm_tools/5.4 2016q3/bin/../lib/gcc/arm-none-eabi/5.4.1/../../../../arm-none-eabi/lib/armv7-m\libc.a(lib_a-__atexit.o)
 .ARM.attributes
                0x000006aa       0x2d c:/arm_tools/5.4 2016q3/bin/../lib/gcc/arm-none-eabi/5.4.1/armv7-m/crtend.o
 .ARM.attributes
                0x000006d7       0x1d c:/arm_tools/5.4 2016q3/bin/../lib/gcc/arm-none-eabi/5.4.1/armv7-m/crtn.o

.comment        0x00000000       0x6e
 .comment       0x00000000       0x6e ..\obj\spi.o
                                 0x6f (size before relaxing)
 .comment       0x0000006e       0x6f ..\obj\delay.o
 .comment       0x0000006e       0x6f ..\obj\stm32f2xx_usart.o
 .comment       0x0000006e       0x6f ..\obj\MCR20Drv.o
 .comment       0x0000006e       0x6f ..\obj\stm32f2xx_spi.o
 .comment       0x0000006e       0x6f ..\obj\stm32f2xx_flash.o
 .comment       0x0000006e       0x6f ..\obj\stm32f2xx_tim.o
 .comment       0x0000006e       0x6f ..\obj\main.o
 .comment       0x0000006e       0x6f ..\obj\board.o
 .comment       0x0000006e       0x6f ..\obj\MCR20A_port.o
 .comment       0x0000006e       0x6f ..\obj\iap.o
 .comment       0x0000006e       0x6f ..\obj\stm32f2xx_it.o
 .comment       0x0000006e       0x6f ..\obj\xprintf.o
 .comment       0x0000006e       0x6f ..\obj\phy.o
 .comment       0x0000006e       0x6f ..\obj\stm32f2xx_gpio.o
 .comment       0x0000006e       0x6f ..\obj\md5.o
 .comment       0x0000006e       0x6f ..\obj\system_stm32f2xx.o
 .comment       0x0000006e       0x6f ..\obj\gdb_1kxmodem.o
 .comment       0x0000006e       0x6f ..\obj\stm32f2xx_rcc.o
 .comment       0x0000006e       0x6f ..\obj\halStack.o
 .comment       0x0000006e       0x6f ..\obj\MCR20A_Phy.o
 .comment       0x0000006e       0x6f ..\obj\mac.o
 .comment       0x0000006e       0x6f ..\obj\stm32f2xx_exti.o
 .comment       0x0000006e       0x6f ..\obj\misc.o
 .comment       0x0000006e       0x6f ..\obj\memalloc.o

.debug_info     0x00000000     0xe179
 .debug_info    0x00000000      0x623 ..\obj\spi.o
 .debug_info    0x00000623      0x7c2 ..\obj\delay.o
 .debug_info    0x00000de5      0x9ca ..\obj\stm32f2xx_usart.o
 .debug_info    0x000017af      0x10e ..\obj\startup_stm32f207xx.o
 .debug_info    0x000018bd      0x854 ..\obj\MCR20Drv.o
 .debug_info    0x00002111      0xab8 ..\obj\stm32f2xx_spi.o
 .debug_info    0x00002bc9      0x727 ..\obj\stm32f2xx_flash.o
 .debug_info    0x000032f0     0x1c69 ..\obj\stm32f2xx_tim.o
 .debug_info    0x00004f59      0x295 ..\obj\main.o
 .debug_info    0x000051ee     0x1c93 ..\obj\board.o
 .debug_info    0x00006e81      0x90b ..\obj\MCR20A_port.o
 .debug_info    0x0000778c      0x4e4 ..\obj\iap.o
 .debug_info    0x00007c70      0x11e ..\obj\stm32f2xx_it.o
 .debug_info    0x00007d8e      0x889 ..\obj\xprintf.o
 .debug_info    0x00008617      0x4df ..\obj\phy.o
 .debug_info    0x00008af6      0x61d ..\obj\stm32f2xx_gpio.o
 .debug_info    0x00009113      0x477 ..\obj\md5.o
 .debug_info    0x0000958a      0x596 ..\obj\system_stm32f2xx.o
 .debug_info    0x00009b20      0x3b1 ..\obj\gdb_1kxmodem.o
 .debug_info    0x00009ed1      0xc63 ..\obj\stm32f2xx_rcc.o
 .debug_info    0x0000ab34      0xd53 ..\obj\halStack.o
 .debug_info    0x0000b887      0xfd2 ..\obj\MCR20A_Phy.o
 .debug_info    0x0000c859      0xe47 ..\obj\mac.o
 .debug_info    0x0000d6a0      0x357 ..\obj\stm32f2xx_exti.o
 .debug_info    0x0000d9f7      0x556 ..\obj\misc.o
 .debug_info    0x0000df4d      0x22c ..\obj\memalloc.o

.debug_abbrev   0x00000000     0x2dbc
 .debug_abbrev  0x00000000      0x1b0 ..\obj\spi.o
 .debug_abbrev  0x000001b0      0x249 ..\obj\delay.o
 .debug_abbrev  0x000003f9      0x157 ..\obj\stm32f2xx_usart.o
 .debug_abbrev  0x00000550       0x12 ..\obj\startup_stm32f207xx.o
 .debug_abbrev  0x00000562      0x1a8 ..\obj\MCR20Drv.o
 .debug_abbrev  0x0000070a      0x192 ..\obj\stm32f2xx_spi.o
 .debug_abbrev  0x0000089c      0x1b2 ..\obj\stm32f2xx_flash.o
 .debug_abbrev  0x00000a4e      0x189 ..\obj\stm32f2xx_tim.o
 .debug_abbrev  0x00000bd7      0x135 ..\obj\main.o
 .debug_abbrev  0x00000d0c      0x428 ..\obj\board.o
 .debug_abbrev  0x00001134      0x1c9 ..\obj\MCR20A_port.o
 .debug_abbrev  0x000012fd      0x214 ..\obj\iap.o
 .debug_abbrev  0x00001511       0x7d ..\obj\stm32f2xx_it.o
 .debug_abbrev  0x0000158e      0x28f ..\obj\xprintf.o
 .debug_abbrev  0x0000181d      0x189 ..\obj\phy.o
 .debug_abbrev  0x000019a6      0x1a7 ..\obj\stm32f2xx_gpio.o
 .debug_abbrev  0x00001b4d      0x16e ..\obj\md5.o
 .debug_abbrev  0x00001cbb      0x138 ..\obj\system_stm32f2xx.o
 .debug_abbrev  0x00001df3       0xfd ..\obj\gdb_1kxmodem.o
 .debug_abbrev  0x00001ef0      0x1e5 ..\obj\stm32f2xx_rcc.o
 .debug_abbrev  0x000020d5      0x379 ..\obj\halStack.o
 .debug_abbrev  0x0000244e      0x233 ..\obj\MCR20A_Phy.o
 .debug_abbrev  0x00002681      0x314 ..\obj\mac.o
 .debug_abbrev  0x00002995      0x1a9 ..\obj\stm32f2xx_exti.o
 .debug_abbrev  0x00002b3e      0x147 ..\obj\misc.o
 .debug_abbrev  0x00002c85      0x137 ..\obj\memalloc.o

.debug_aranges  0x00000000     0x1328
 .debug_aranges
                0x00000000       0x60 ..\obj\spi.o
 .debug_aranges
                0x00000060       0x70 ..\obj\delay.o
 .debug_aranges
                0x000000d0      0x100 ..\obj\stm32f2xx_usart.o
 .debug_aranges
                0x000001d0       0x28 ..\obj\startup_stm32f207xx.o
 .debug_aranges
                0x000001f8      0x130 ..\obj\MCR20Drv.o
 .debug_aranges
                0x00000328       0xd8 ..\obj\stm32f2xx_spi.o
 .debug_aranges
                0x00000400      0x108 ..\obj\stm32f2xx_flash.o
 .debug_aranges
                0x00000508      0x2f8 ..\obj\stm32f2xx_tim.o
 .debug_aranges
                0x00000800       0x38 ..\obj\main.o
 .debug_aranges
                0x00000838      0x188 ..\obj\board.o
 .debug_aranges
                0x000009c0       0x78 ..\obj\MCR20A_port.o
 .debug_aranges
                0x00000a38       0x50 ..\obj\iap.o
 .debug_aranges
                0x00000a88       0x58 ..\obj\stm32f2xx_it.o
 .debug_aranges
                0x00000ae0       0xc8 ..\obj\xprintf.o
 .debug_aranges
                0x00000ba8       0x40 ..\obj\phy.o
 .debug_aranges
                0x00000be8       0x88 ..\obj\stm32f2xx_gpio.o
 .debug_aranges
                0x00000c70       0x40 ..\obj\md5.o
 .debug_aranges
                0x00000cb0       0x30 ..\obj\system_stm32f2xx.o
 .debug_aranges
                0x00000ce0       0x38 ..\obj\gdb_1kxmodem.o
 .debug_aranges
                0x00000d18      0x178 ..\obj\stm32f2xx_rcc.o
 .debug_aranges
                0x00000e90      0x120 ..\obj\halStack.o
 .debug_aranges
                0x00000fb0      0x1c8 ..\obj\MCR20A_Phy.o
 .debug_aranges
                0x00001178       0xd8 ..\obj\mac.o
 .debug_aranges
                0x00001250       0x58 ..\obj\stm32f2xx_exti.o
 .debug_aranges
                0x000012a8       0x40 ..\obj\misc.o
 .debug_aranges
                0x000012e8       0x40 ..\obj\memalloc.o

.debug_ranges   0x00000000     0x1220
 .debug_ranges  0x00000000       0x50 ..\obj\spi.o
 .debug_ranges  0x00000050       0x60 ..\obj\delay.o
 .debug_ranges  0x000000b0       0xf0 ..\obj\stm32f2xx_usart.o
 .debug_ranges  0x000001a0       0x20 ..\obj\startup_stm32f207xx.o
 .debug_ranges  0x000001c0      0x120 ..\obj\MCR20Drv.o
 .debug_ranges  0x000002e0       0xc8 ..\obj\stm32f2xx_spi.o
 .debug_ranges  0x000003a8       0xf8 ..\obj\stm32f2xx_flash.o
 .debug_ranges  0x000004a0      0x2e8 ..\obj\stm32f2xx_tim.o
 .debug_ranges  0x00000788       0x28 ..\obj\main.o
 .debug_ranges  0x000007b0      0x1a8 ..\obj\board.o
 .debug_ranges  0x00000958       0x68 ..\obj\MCR20A_port.o
 .debug_ranges  0x000009c0       0x88 ..\obj\iap.o
 .debug_ranges  0x00000a48       0x48 ..\obj\stm32f2xx_it.o
 .debug_ranges  0x00000a90       0xb8 ..\obj\xprintf.o
 .debug_ranges  0x00000b48       0x30 ..\obj\phy.o
 .debug_ranges  0x00000b78       0x78 ..\obj\stm32f2xx_gpio.o
 .debug_ranges  0x00000bf0       0x30 ..\obj\md5.o
 .debug_ranges  0x00000c20       0x20 ..\obj\system_stm32f2xx.o
 .debug_ranges  0x00000c40       0x40 ..\obj\gdb_1kxmodem.o
 .debug_ranges  0x00000c80      0x168 ..\obj\stm32f2xx_rcc.o
 .debug_ranges  0x00000de8      0x110 ..\obj\halStack.o
 .debug_ranges  0x00000ef8      0x1b8 ..\obj\MCR20A_Phy.o
 .debug_ranges  0x000010b0       0xc8 ..\obj\mac.o
 .debug_ranges  0x00001178       0x48 ..\obj\stm32f2xx_exti.o
 .debug_ranges  0x000011c0       0x30 ..\obj\misc.o
 .debug_ranges  0x000011f0       0x30 ..\obj\memalloc.o

.debug_line     0x00000000     0x77ab
 .debug_line    0x00000000      0x399 ..\obj\spi.o
 .debug_line    0x00000399      0x2e7 ..\obj\delay.o
 .debug_line    0x00000680      0x56d ..\obj\stm32f2xx_usart.o
 .debug_line    0x00000bed       0xf8 ..\obj\startup_stm32f207xx.o
 .debug_line    0x00000ce5      0x578 ..\obj\MCR20Drv.o
 .debug_line    0x0000125d      0x4df ..\obj\stm32f2xx_spi.o
 .debug_line    0x0000173c      0x534 ..\obj\stm32f2xx_flash.o
 .debug_line    0x00001c70      0xb75 ..\obj\stm32f2xx_tim.o
 .debug_line    0x000027e5      0x1de ..\obj\main.o
 .debug_line    0x000029c3      0x9d6 ..\obj\board.o
 .debug_line    0x00003399      0x484 ..\obj\MCR20A_port.o
 .debug_line    0x0000381d      0x315 ..\obj\iap.o
 .debug_line    0x00003b32      0x204 ..\obj\stm32f2xx_it.o
 .debug_line    0x00003d36      0x6b6 ..\obj\xprintf.o
 .debug_line    0x000043ec      0x29c ..\obj\phy.o
 .debug_line    0x00004688      0x414 ..\obj\stm32f2xx_gpio.o
 .debug_line    0x00004a9c      0x2d1 ..\obj\md5.o
 .debug_line    0x00004d6d      0x2a5 ..\obj\system_stm32f2xx.o
 .debug_line    0x00005012      0x285 ..\obj\gdb_1kxmodem.o
 .debug_line    0x00005297      0x659 ..\obj\stm32f2xx_rcc.o
 .debug_line    0x000058f0      0x6e9 ..\obj\halStack.o
 .debug_line    0x00005fd9      0x834 ..\obj\MCR20A_Phy.o
 .debug_line    0x0000680d      0x69c ..\obj\mac.o
 .debug_line    0x00006ea9      0x355 ..\obj\stm32f2xx_exti.o
 .debug_line    0x000071fe      0x2f2 ..\obj\misc.o
 .debug_line    0x000074f0      0x2bb ..\obj\memalloc.o

.debug_str      0x00000000     0x61aa
 .debug_str     0x00000000      0x4b4 ..\obj\spi.o
                                0x51f (size before relaxing)
 .debug_str     0x000004b4      0x699 ..\obj\delay.o
                                0x827 (size before relaxing)
 .debug_str     0x00000b4d      0x4e8 ..\obj\stm32f2xx_usart.o
                                0x6c4 (size before relaxing)
 .debug_str     0x00001035      0x4cf ..\obj\MCR20Drv.o
                                0x670 (size before relaxing)
 .debug_str     0x00001504      0x3c6 ..\obj\stm32f2xx_spi.o
                                0x6a2 (size before relaxing)
 .debug_str     0x000018ca      0x400 ..\obj\stm32f2xx_flash.o
                                0x5c7 (size before relaxing)
 .debug_str     0x00001cca      0xbaa ..\obj\stm32f2xx_tim.o
                                0xe05 (size before relaxing)
 .debug_str     0x00002874       0xf5 ..\obj\main.o
                                0x255 (size before relaxing)
 .debug_str     0x00002969      0x846 ..\obj\board.o
                               0x1392 (size before relaxing)
 .debug_str     0x000031af      0x2a3 ..\obj\MCR20A_port.o
                                0xbe9 (size before relaxing)
 .debug_str     0x00003452       0xf1 ..\obj\iap.o
                                0x3e7 (size before relaxing)
 .debug_str     0x00003543       0xd4 ..\obj\stm32f2xx_it.o
                                0x1fc (size before relaxing)
 .debug_str     0x00003617      0x1a3 ..\obj\xprintf.o
                                0x473 (size before relaxing)
 .debug_str     0x000037ba      0x7c6 ..\obj\phy.o
                                0x9cc (size before relaxing)
 .debug_str     0x00003f80      0x1d8 ..\obj\stm32f2xx_gpio.o
                                0x4d8 (size before relaxing)
 .debug_str     0x00004158       0xa6 ..\obj\md5.o
                                0x1fe (size before relaxing)
 .debug_str     0x000041fe       0xe9 ..\obj\system_stm32f2xx.o
                                0x3e5 (size before relaxing)
 .debug_str     0x000042e7      0x11c ..\obj\gdb_1kxmodem.o
                                0x2c9 (size before relaxing)
 .debug_str     0x00004403      0x532 ..\obj\stm32f2xx_rcc.o
                                0x885 (size before relaxing)
 .debug_str     0x00004935      0x434 ..\obj\halStack.o
                                0xb8d (size before relaxing)
 .debug_str     0x00004d69      0x9ef ..\obj\MCR20A_Phy.o
                                0xc41 (size before relaxing)
 .debug_str     0x00005758      0x707 ..\obj\mac.o
                               0x10cd (size before relaxing)
 .debug_str     0x00005e5f      0x135 ..\obj\stm32f2xx_exti.o
                                0x38e (size before relaxing)
 .debug_str     0x00005f94      0x148 ..\obj\misc.o
                                0x403 (size before relaxing)
 .debug_str     0x000060dc       0xce ..\obj\memalloc.o
                                0x275 (size before relaxing)

.debug_frame    0x00000000     0x4fe8
 .debug_frame   0x00000000      0x15c ..\obj\spi.o
 .debug_frame   0x0000015c      0x18c ..\obj\delay.o
 .debug_frame   0x000002e8      0x490 ..\obj\stm32f2xx_usart.o
 .debug_frame   0x00000778      0x4a8 ..\obj\MCR20Drv.o
 .debug_frame   0x00000c20      0x3cc ..\obj\stm32f2xx_spi.o
 .debug_frame   0x00000fec      0x450 ..\obj\stm32f2xx_flash.o
 .debug_frame   0x0000143c      0xe54 ..\obj\stm32f2xx_tim.o
 .debug_frame   0x00002290       0x90 ..\obj\main.o
 .debug_frame   0x00002320      0x660 ..\obj\board.o
 .debug_frame   0x00002980      0x1a8 ..\obj\MCR20A_port.o
 .debug_frame   0x00002b28      0x108 ..\obj\iap.o
 .debug_frame   0x00002c30       0xfc ..\obj\stm32f2xx_it.o
 .debug_frame   0x00002d2c      0x360 ..\obj\xprintf.o
 .debug_frame   0x0000308c       0xa4 ..\obj\phy.o
 .debug_frame   0x00003130      0x23c ..\obj\stm32f2xx_gpio.o
 .debug_frame   0x0000336c       0xcc ..\obj\md5.o
 .debug_frame   0x00003438       0x7c ..\obj\system_stm32f2xx.o
 .debug_frame   0x000034b4       0xa8 ..\obj\gdb_1kxmodem.o
 .debug_frame   0x0000355c      0x6d4 ..\obj\stm32f2xx_rcc.o
 .debug_frame   0x00003c30      0x4ac ..\obj\halStack.o
 .debug_frame   0x000040dc      0x794 ..\obj\MCR20A_Phy.o
 .debug_frame   0x00004870      0x358 ..\obj\mac.o
 .debug_frame   0x00004bc8      0x148 ..\obj\stm32f2xx_exti.o
 .debug_frame   0x00004d10       0xd8 ..\obj\misc.o
 .debug_frame   0x00004de8       0xc8 ..\obj\memalloc.o
 .debug_frame   0x00004eb0       0x2c c:/arm_tools/5.4 2016q3/bin/../lib/gcc/arm-none-eabi/5.4.1/../../../../arm-none-eabi/lib/armv7-m\libc.a(lib_a-init.o)
 .debug_frame   0x00004edc       0x34 c:/arm_tools/5.4 2016q3/bin/../lib/gcc/arm-none-eabi/5.4.1/../../../../arm-none-eabi/lib/armv7-m\libc.a(lib_a-strcmp.o)
 .debug_frame   0x00004f10       0x50 c:/arm_tools/5.4 2016q3/bin/../lib/gcc/arm-none-eabi/5.4.1/../../../../arm-none-eabi/lib/armv7-m\libc.a(lib_a-__call_atexit.o)
 .debug_frame   0x00004f60       0x20 c:/arm_tools/5.4 2016q3/bin/../lib/gcc/arm-none-eabi/5.4.1/../../../../arm-none-eabi/lib/armv7-m\libc.a(lib_a-atexit.o)
 .debug_frame   0x00004f80       0x34 c:/arm_tools/5.4 2016q3/bin/../lib/gcc/arm-none-eabi/5.4.1/../../../../arm-none-eabi/lib/armv7-m\libc.a(lib_a-fini.o)
 .debug_frame   0x00004fb4       0x34 c:/arm_tools/5.4 2016q3/bin/../lib/gcc/arm-none-eabi/5.4.1/../../../../arm-none-eabi/lib/armv7-m\libc.a(lib_a-__atexit.o)
