Archive member included to satisfy reference by file (symbol)

c:/arm_tools/5.4 2016q3/bin/../lib/gcc/arm-none-eabi/5.4.1/../../../../arm-none-eabi/lib/armv7-m\libc.a(lib_a-exit.o)
                              c:/arm_tools/5.4 2016q3/bin/../lib/gcc/arm-none-eabi/5.4.1/../../../../arm-none-eabi/lib/armv7-m/crt0.o (exit)
c:/arm_tools/5.4 2016q3/bin/../lib/gcc/arm-none-eabi/5.4.1/../../../../arm-none-eabi/lib/armv7-m\libc.a(lib_a-impure.o)
                              c:/arm_tools/5.4 2016q3/bin/../lib/gcc/arm-none-eabi/5.4.1/../../../../arm-none-eabi/lib/armv7-m\libc.a(lib_a-exit.o) (_global_impure_ptr)
c:/arm_tools/5.4 2016q3/bin/../lib/gcc/arm-none-eabi/5.4.1/../../../../arm-none-eabi/lib/armv7-m\libc.a(lib_a-init.o)
                              c:/arm_tools/5.4 2016q3/bin/../lib/gcc/arm-none-eabi/5.4.1/../../../../arm-none-eabi/lib/armv7-m/crt0.o (__libc_init_array)
c:/arm_tools/5.4 2016q3/bin/../lib/gcc/arm-none-eabi/5.4.1/../../../../arm-none-eabi/lib/armv7-m\libc.a(lib_a-memcpy.o)
                              ..\obj\udpServer.o (memcpy)
c:/arm_tools/5.4 2016q3/bin/../lib/gcc/arm-none-eabi/5.4.1/../../../../arm-none-eabi/lib/armv7-m\libc.a(lib_a-memset.o)
                              c:/arm_tools/5.4 2016q3/bin/../lib/gcc/arm-none-eabi/5.4.1/../../../../arm-none-eabi/lib/armv7-m/crt0.o (memset)
c:/arm_tools/5.4 2016q3/bin/../lib/gcc/arm-none-eabi/5.4.1/../../../../arm-none-eabi/lib/armv7-m\libc.a(lib_a-strcmp.o)
                              ..\obj\board.o (strcmp)
c:/arm_tools/5.4 2016q3/bin/../lib/gcc/arm-none-eabi/5.4.1/../../../../arm-none-eabi/lib/armv7-m\libc.a(lib_a-__call_atexit.o)
                              c:/arm_tools/5.4 2016q3/bin/../lib/gcc/arm-none-eabi/5.4.1/../../../../arm-none-eabi/lib/armv7-m\libc.a(lib_a-exit.o) (__call_exitprocs)
c:/arm_tools/5.4 2016q3/bin/../lib/gcc/arm-none-eabi/5.4.1/../../../../arm-none-eabi/lib/armv7-m\libc.a(lib_a-atexit.o)
                              c:/arm_tools/5.4 2016q3/bin/../lib/gcc/arm-none-eabi/5.4.1/../../../../arm-none-eabi/lib/armv7-m\libc.a(lib_a-__call_atexit.o) (atexit)
c:/arm_tools/5.4 2016q3/bin/../lib/gcc/arm-none-eabi/5.4.1/../../../../arm-none-eabi/lib/armv7-m\libc.a(lib_a-fini.o)
                              c:/arm_tools/5.4 2016q3/bin/../lib/gcc/arm-none-eabi/5.4.1/../../../../arm-none-eabi/lib/armv7-m\libc.a(lib_a-__call_atexit.o) (__libc_fini_array)
c:/arm_tools/5.4 2016q3/bin/../lib/gcc/arm-none-eabi/5.4.1/../../../../arm-none-eabi/lib/armv7-m\libc.a(lib_a-__atexit.o)
                              c:/arm_tools/5.4 2016q3/bin/../lib/gcc/arm-none-eabi/5.4.1/../../../../arm-none-eabi/lib/armv7-m\libc.a(lib_a-atexit.o) (__register_exitproc)
c:/arm_tools/5.4 2016q3/bin/../lib/gcc/arm-none-eabi/5.4.1/../../../../arm-none-eabi/lib/armv7-m\libnosys.a(_exit.o)
                              c:/arm_tools/5.4 2016q3/bin/../lib/gcc/arm-none-eabi/5.4.1/../../../../arm-none-eabi/lib/armv7-m\libc.a(lib_a-exit.o) (_exit)

Allocating common symbols
Common symbol       size              file

mStatusAndControlRegs
                    0x9               ..\obj\MCR20A_Phy.o
netif               0x34              ..\obj\netconf.o
heart_startTime     0x4               ..\obj\stack_entry.o
netif_list          0x4               ..\obj\netif.o
RX_Frame_Descriptor
                    0xc               ..\obj\stm32f2x7_eth.o
debug_level         0x1               ..\obj\debug.o
a_aps_rx_data       0x28              ..\obj\aps.o
xfunc_in            0x4               ..\obj\xprintf.o
apsEndPoints        0x6               ..\obj\aps.o
joinState           0x1               ..\obj\stack_entry.o
tcp_active_pcbs     0x4               ..\obj\tcp.o
phyState            0x1               ..\obj\phy.o
udp_pcbs            0x4               ..\obj\udp.o
current_netif       0x4               ..\obj\ip.o
zep_pib             0x8               ..\obj\zep.o
apsState            0x1               ..\obj\aps.o
tcp_ticks           0x4               ..\obj\tcp.o
tcp_listen_pcbs     0x4               ..\obj\tcp.o
DMARxDescToGet      0x4               ..\obj\stm32f2x7_eth.o
xfunc_out           0x4               ..\obj\xprintf.o
nwk_pib             0x30              ..\obj\nwk.o
DMATxDescToSet      0x4               ..\obj\stm32f2x7_eth.o
zg_get_settings     0x1               ..\obj\stack_entry.o
tcp_tmp_pcb         0x4               ..\obj\tcp.o
app_startTime       0x4               ..\obj\stack_entry.o
my_timer            0x4               ..\obj\stack_entry.o
mac_nbr_tbl         0x88              ..\obj\neighbor.o
tcp_input_pcb       0x4               ..\obj\tcp_in.o
macTxFSM_status     0x1               ..\obj\mac.o
a_mac_rx_data       0x1c              ..\obj\mac.o
DMATxDscrTab        0x40              ..\obj\stm32f2x7_eth.o
current_header      0x4               ..\obj\ip.o
a_nwk_service       0x10              ..\obj\nwk.o
mac_addr_tbl        0x154             ..\obj\halNeighbor.o
Rx_Buff             0xbe8             ..\obj\stm32f2x7_eth.o
[...]
Memory Configuration

Name             Origin             Length             Attributes
rom              0x08020000         0x000e0000         xr
ram              0x20000000         0x00020000         xrw
*default*        0x00000000         0xffffffff

Linker script and memory map

LOAD c:/arm_tools/5.4 2016q3/bin/../lib/gcc/arm-none-eabi/5.4.1/armv7-m/crti.o
LOAD c:/arm_tools/5.4 2016q3/bin/../lib/gcc/arm-none-eabi/5.4.1/armv7-m/crtbegin.o
LOAD c:/arm_tools/5.4 2016q3/bin/../lib/gcc/arm-none-eabi/5.4.1/../../../../arm-none-eabi/lib/armv7-m/crt0.o
                0x20020000                _eram = 0x20020000

.text           0x08020000     0xa98c
 *(.isr_vector)
 .isr_vector    0x08020000      0x184 ..\obj\startup_stm32f207xx.o
                0x08020000                g_pfnVectors
 *(.text*)
 .text          0x08020184       0x5c c:/arm_tools/5.4 2016q3/bin/../lib/gcc/arm-none-eabi/5.4.1/armv7-m/crtbegin.o
 .text.ETH_Delay
                0x080201e0       0x20 ..\obj\stm32f2x7_eth.o
 .text.ETH_DeInit
                0x08020200       0x18 ..\obj\stm32f2x7_eth.o
                0x08020200                ETH_DeInit
 .text.ETH_StructInit
                0x08020218       0xa8 ..\obj\stm32f2x7_eth.o
                0x08020218                ETH_StructInit
 .text.ETH_MACTransmissionCmd
                0x080202c0       0x20 ..\obj\stm32f2x7_eth.o
                0x080202c0                ETH_MACTransmissionCmd
 .text.ETH_MACReceptionCmd
                0x080202e0       0x20 ..\obj\stm32f2x7_eth.o
                0x080202e0                ETH_MACReceptionCmd
 .text.ETH_MACAddressConfig
                0x08020300       0x30 ..\obj\stm32f2x7_eth.o
                0x08020300                ETH_MACAddressConfig
 .text.ETH_Get_Received_Frame
                0x08020330       0x38 ..\obj\stm32f2x7_eth.o
                0x08020330                ETH_Get_Received_Frame
 .text.ETH_Prepare_Transmit_Descriptors
                0x08020368       0xf8 ..\obj\stm32f2x7_eth.o
                0x08020368                ETH_Prepare_Transmit_Descriptors
 .text.ETH_DMARxDescChainInit
                0x08020460       0x60 ..\obj\stm32f2x7_eth.o
                0x08020460                ETH_DMARxDescChainInit
 .text.ETH_CheckFrameReceived
                0x080204c0       0x8c ..\obj\stm32f2x7_eth.o
                0x080204c0                ETH_CheckFrameReceived
 .text.ETH_DMATxDescChainInit
                0x0802054c       0x48 ..\obj\stm32f2x7_eth.o
                0x0802054c                ETH_DMATxDescChainInit
 .text.ETH_DMATxDescChecksumInsertionConfig
                0x08020594        0x8 ..\obj\stm32f2x7_eth.o
                0x08020594                ETH_DMATxDescChecksumInsertionConfig
 .text.ETH_SoftwareReset
                0x0802059c       0x10 ..\obj\stm32f2x7_eth.o
                0x0802059c                ETH_SoftwareReset
 .text.ETH_GetSoftwareResetStatus
                0x080205ac       0x10 ..\obj\stm32f2x7_eth.o
                0x080205ac                ETH_GetSoftwareResetStatus
 .text.ETH_DMAITConfig
                0x080205bc       0x24 ..\obj\stm32f2x7_eth.o
                0x080205bc                ETH_DMAITConfig
 .text.ETH_DMAClearITPendingBit
                0x080205e0       0x10 ..\obj\stm32f2x7_eth.o
                0x080205e0                ETH_DMAClearITPendingBit
 .text.ETH_FlushTransmitFIFO
                0x080205f0       0x14 ..\obj\stm32f2x7_eth.o
                0x080205f0                ETH_FlushTransmitFIFO
 .text.ETH_DMATransmissionCmd
                0x08020604       0x28 ..\obj\stm32f2x7_eth.o
                0x08020604                ETH_DMATransmissionCmd
 .text.ETH_DMAReceptionCmd
                0x0802062c       0x28 ..\obj\stm32f2x7_eth.o
                0x0802062c                ETH_DMAReceptionCmd
 .text.ETH_Start
                0x08020654       0x20 ..\obj\stm32f2x7_eth.o
                0x08020654                ETH_Start
 .text.ETH_ReadPHYRegister
                0x08020674       0x58 ..\obj\stm32f2x7_eth.o
                0x08020674                ETH_ReadPHYRegister
 .text.ETH_WritePHYRegister
                0x080206cc       0x5c ..\obj\stm32f2x7_eth.o
                0x080206cc                ETH_WritePHYRegister
 .text.ETH_Init
                0x08020728      0x280 ..\obj\stm32f2x7_eth.o
                0x08020728                ETH_Init
 .text.mem_init
                0x080209a8       0x38 ..\obj\mem.o
                0x080209a8                mem_init
 .text.mem_free
                0x080209e0       0x9c ..\obj\mem.o
                0x080209e0                mem_free
 .text.mem_realloc
                0x08020a7c       0xd4 ..\obj\mem.o
                0x08020a7c                mem_realloc
 .text.mem_malloc
                0x08020b50       0xd4 ..\obj\mem.o
                0x08020b50                mem_malloc
 .text.SPI1_Init
                0x08020c24       0xc4 ..\obj\spi.o
                0x08020c24                SPI1_Init
 .text.SPIx_WriteReadByte
                0x08020ce8       0x28 ..\obj\spi.o
                0x08020ce8                SPIx_WriteReadByte
 .text.SPIx_MasterSpeed
                0x08020d10       0x74 ..\obj\spi.o
                0x08020d10                SPIx_MasterSpeed
 .text.SPIx_MasterSetCR
                0x08020d84        0x4 ..\obj\spi.o
                0x08020d84                SPIx_MasterSetCR
 .text.SPIx_MasterGetCR
                0x08020d88        0x8 ..\obj\spi.o
                0x08020d88                SPIx_MasterGetCR
 .text.TimingInc
                0x08020d90       0x10 ..\obj\delay.o
                0x08020d90                TimingInc
 .text.GetUsFromTicks
                0x08020da0       0x38 ..\obj\delay.o
                0x08020da0                GetUsFromTicks
 .text.GetTimeUS
                0x08020dd8       0x28 ..\obj\delay.o
                0x08020dd8                GetTimeUS
 .text.GetTimeMS
                0x08020e00        0xc ..\obj\delay.o
                0x08020e00                GetTimeMS
 .text.SysTick_Init
                0x08020e0c       0x2c ..\obj\delay.o
                0x08020e0c                SysTick_Init
 .text.delayMS  0x08020e38       0x14 ..\obj\delay.o
                0x08020e38                delayMS
 .text.SysTick_Handler
                0x08020e4c        0x8 ..\obj\delay.o
                0x08020e4c                SysTick_Handler
 .text.tcp_update_rcv_ann_wnd
                0x08020e54       0x3c ..\obj\tcp.o
                0x08020e54                tcp_update_rcv_ann_wnd
 .text.tcp_recved
                0x08020e90       0x3c ..\obj\tcp.o
                0x08020e90                tcp_recved
 .text.tcp_seg_free
                0x08020ecc       0x24 ..\obj\tcp.o
                0x08020ecc                tcp_seg_free
 .text.tcp_segs_free
                0x08020ef0       0x24 ..\obj\tcp.o
                0x08020ef0                tcp_segs_free
 .text.tcp_pcb_purge
                0x08020f14       0x30 ..\obj\tcp.o
                0x08020f14                tcp_pcb_purge
 .text.tcp_pcb_remove
                0x08020f44       0x74 ..\obj\tcp.o
                0x08020f44                tcp_pcb_remove
 .text.tcp_close
                0x08020fb8       0xe0 ..\obj\tcp.o
                0x08020fb8                tcp_close
 .text.tcp_recv_null
                0x08021098       0x24 ..\obj\tcp.o
                0x08021098                tcp_recv_null
 .text.tcp_abandon
                0x080210bc       0x9c ..\obj\tcp.o
                0x080210bc                tcp_abandon
 .text.tcp_next_iss
                0x08021158       0x18 ..\obj\tcp.o
                0x08021158                tcp_next_iss
 .text.tcp_alloc
                0x08021170      0x108 ..\obj\tcp.o
                0x08021170                tcp_alloc
 .text.tcp_eff_send_mss
                0x08021278       0x20 ..\obj\tcp.o
                0x08021278                tcp_eff_send_mss
 .text.USART_Init
                0x08021298       0xc0 ..\obj\stm32f2xx_usart.o
                0x08021298                USART_Init
 .text.USART_Cmd
                0x08021358       0x1c ..\obj\stm32f2xx_usart.o
                0x08021358                USART_Cmd
 .text.USART_SendData
                0x08021374        0x8 ..\obj\stm32f2xx_usart.o
                0x08021374                USART_SendData
 .text.USART_GetFlagStatus
                0x0802137c        0xc ..\obj\stm32f2xx_usart.o
                0x0802137c                USART_GetFlagStatus
 .text.Reset_Handler
                0x08021388       0x50 ..\obj\startup_stm32f207xx.o
                0x08021388                Reset_Handler
 .text.Default_Handler
                0x080213d8        0x2 ..\obj\startup_stm32f207xx.o
                0x080213d8                HASH_RNG_IRQHandler
                0x080213d8                EXTI2_IRQHandler
                0x080213d8                TIM8_CC_IRQHandler
                0x080213d8                TIM1_CC_IRQHandler
                0x080213d8                DMA2_Stream5_IRQHandler
                0x080213d8                DMA1_Stream5_IRQHandler
                0x080213d8                PVD_IRQHandler
                0x080213d8                SDIO_IRQHandler
                0x080213d8                CAN2_RX1_IRQHandler
                0x080213d8                EXTI3_IRQHandler
                0x080213d8                TIM8_TRG_COM_TIM14_IRQHandler
                0x080213d8                TIM1_UP_TIM10_IRQHandler
                0x080213d8                TIM8_UP_TIM13_IRQHandler
                0x080213d8                I2C3_ER_IRQHandler
                0x080213d8                EXTI0_IRQHandler
                0x080213d8                I2C2_EV_IRQHandler
                0x080213d8                DMA1_Stream2_IRQHandler
                0x080213d8                CAN1_RX0_IRQHandler
                0x080213d8                OTG_HS_WKUP_IRQHandler
                0x080213d8                CAN2_SCE_IRQHandler
                0x080213d8                DMA2_Stream2_IRQHandler
                0x080213d8                SPI1_IRQHandler
                0x080213d8                TIM6_DAC_IRQHandler
                0x080213d8                TIM1_BRK_TIM9_IRQHandler
                0x080213d8                DCMI_IRQHandler
                0x080213d8                CAN2_RX0_IRQHandler
                0x080213d8                DMA2_Stream3_IRQHandler
                0x080213d8                USART6_IRQHandler
                0x080213d8                USART3_IRQHandler
                0x080213d8                CAN1_RX1_IRQHandler
                0x080213d8                UART5_IRQHandler
                0x080213d8                DMA2_Stream0_IRQHandler
                0x080213d8                TIM4_IRQHandler
                0x080213d8                I2C1_EV_IRQHandler
                0x080213d8                DMA1_Stream6_IRQHandler
                0x080213d8                DMA1_Stream1_IRQHandler
                0x080213d8                UART4_IRQHandler
                0x080213d8                TIM3_IRQHandler
                0x080213d8                RCC_IRQHandler
                0x080213d8                TIM8_BRK_TIM12_IRQHandler
                0x080213d8                Default_Handler
                0x080213d8                EXTI15_10_IRQHandler
                0x080213d8                ADC_IRQHandler
                0x080213d8                DMA1_Stream7_IRQHandler
                0x080213d8                TIM7_IRQHandler
                0x080213d8                CAN2_TX_IRQHandler
                0x080213d8                TIM5_IRQHandler
                0x080213d8                DMA2_Stream7_IRQHandler
                0x080213d8                I2C3_EV_IRQHandler
                0x080213d8                RTC_WKUP_IRQHandler
                0x080213d8                ETH_WKUP_IRQHandler
                0x080213d8                SPI2_IRQHandler
                0x080213d8                OTG_HS_EP1_IN_IRQHandler
                0x080213d8                DMA1_Stream0_IRQHandler
                0x080213d8                CAN1_TX_IRQHandler
                0x080213d8                EXTI4_IRQHandler
                0x080213d8                FSMC_IRQHandler
                0x080213d8                OTG_HS_EP1_OUT_IRQHandler
                0x080213d8                WWDG_IRQHandler
                0x080213d8                OTG_FS_WKUP_IRQHandler
                0x080213d8                TIM1_TRG_COM_TIM11_IRQHandler
                0x080213d8                OTG_HS_IRQHandler
                0x080213d8                EXTI1_IRQHandler
                0x080213d8                USART2_IRQHandler
                0x080213d8                I2C2_ER_IRQHandler
                0x080213d8                DMA2_Stream1_IRQHandler
                0x080213d8                CAN1_SCE_IRQHandler
                0x080213d8                FLASH_IRQHandler
                0x080213d8                DMA2_Stream4_IRQHandler
                0x080213d8                USART1_IRQHandler
                0x080213d8                OTG_FS_IRQHandler
                0x080213d8                SPI3_IRQHandler
                0x080213d8                DMA1_Stream4_IRQHandler
                0x080213d8                I2C1_ER_IRQHandler
                0x080213d8                DMA2_Stream6_IRQHandler
                0x080213d8                DMA1_Stream3_IRQHandler
 *fill*         0x080213da        0x2 
 .text.UDP_Target_Init
                0x080213dc       0x3c ..\obj\udpServer.o
                0x080213dc                UDP_Target_Init
 .text.UDP_Target_Send
                0x08021418       0x14 ..\obj\udpServer.o
                0x08021418                UDP_Target_Send
 .text.swap_buf
                0x0802142c       0x28 ..\obj\udpServer.o
                0x0802142c                swap_buf
 .text.udp_data_recv
                0x08021454       0x90 ..\obj\udpServer.o
                0x08021454                udp_data_recv
 .text.UDP_Server_Init
                0x080214e4       0x30 ..\obj\udpServer.o
                0x080214e4                UDP_Server_Init
 .text.UDP_Client_Pcb_Get
                0x08021514        0xc ..\obj\udpServer.o
                0x08021514                UDP_Client_Pcb_Get
 .text.tcp_parseopt
                0x08021520       0x90 ..\obj\tcp_in.o
 .text.tcp_receive
                0x080215b0      0x4d8 ..\obj\tcp_in.o
 .text.tcp_input
                0x08021a88      0x914 ..\obj\tcp_in.o
                0x08021a88                tcp_input
 .text.MCR20Drv_IRQ_Disable
                0x0802239c       0x1c ..\obj\MCR20Drv.o
                0x0802239c                MCR20Drv_IRQ_Disable
 .text.MCR20Drv_IRQ_Enable
                0x080223b8       0x1c ..\obj\MCR20Drv.o
                0x080223b8                MCR20Drv_IRQ_Enable
 .text.MCR20Drv_DirectAccessSPIWrite
                0x080223d4       0x40 ..\obj\MCR20Drv.o
                0x080223d4                MCR20Drv_DirectAccessSPIWrite
 .text.MCR20Drv_DirectAccessSPIMultiByteWrite
                0x08022414       0x54 ..\obj\MCR20Drv.o
                0x08022414                MCR20Drv_DirectAccessSPIMultiByteWrite
 .text.MCR20Drv_PB_SPIBurstWrite
                0x08022468       0x4c ..\obj\MCR20Drv.o
                0x08022468                MCR20Drv_PB_SPIBurstWrite
 .text.MCR20Drv_DirectAccessSPIRead
                0x080224b4       0x50 ..\obj\MCR20Drv.o
                0x080224b4                MCR20Drv_DirectAccessSPIRead
 .text.MCR20Drv_DirectAccessSPIMultiByteRead
                0x08022504       0x64 ..\obj\MCR20Drv.o
                0x08022504                MCR20Drv_DirectAccessSPIMultiByteRead
 .text.MCR20Drv_PB_SPIBurstRead
                0x08022568       0x5c ..\obj\MCR20Drv.o
                0x08022568                MCR20Drv_PB_SPIBurstRead
 .text.MCR20Drv_IndirectAccessSPIWrite
                0x080225c4       0x44 ..\obj\MCR20Drv.o
                0x080225c4                MCR20Drv_IndirectAccessSPIWrite
 .text.MCR20Drv_IndirectAccessSPIMultiByteWrite
                0x08022608       0x54 ..\obj\MCR20Drv.o
                0x08022608                MCR20Drv_IndirectAccessSPIMultiByteWrite
 .text.MCR20Drv_IndirectAccessSPIRead
                0x0802265c       0x50 ..\obj\MCR20Drv.o
                0x0802265c                MCR20Drv_IndirectAccessSPIRead
 .text.MCR20Drv_IRQ_Clear
                0x080226ac        0xc ..\obj\MCR20Drv.o
                0x080226ac                MCR20Drv_IRQ_Clear
 .text.MCR20Drv_RST_B_Assert
                0x080226b8       0x14 ..\obj\MCR20Drv.o
                0x080226b8                MCR20Drv_RST_B_Assert
 .text.MCR20Drv_RST_B_Deassert
                0x080226cc       0x14 ..\obj\MCR20Drv.o
                0x080226cc                MCR20Drv_RST_B_Deassert
 .text.MCR20Drv_RESET
                0x080226e0       0x34 ..\obj\MCR20Drv.o
                0x080226e0                MCR20Drv_RESET
 .text.MCR20Drv_Init
                0x08022714       0x28 ..\obj\MCR20Drv.o
                0x08022714                MCR20Drv_Init
 .text.MCR20Drv_Set_CLK_OUT_Freq
                0x0802273c       0x18 ..\obj\MCR20Drv.o
                0x0802273c                MCR20Drv_Set_CLK_OUT_Freq
 .text.SPI_Init
                0x08022754       0x40 ..\obj\stm32f2xx_spi.o
                0x08022754                SPI_Init
 .text.SPI_Cmd  0x08022794       0x1c ..\obj\stm32f2xx_spi.o
                0x08022794                SPI_Cmd
 .text.SPI_I2S_ReceiveData
                0x080227b0        0x8 ..\obj\stm32f2xx_spi.o
                0x080227b0                SPI_I2S_ReceiveData
 .text.SPI_I2S_SendData
                0x080227b8        0x4 ..\obj\stm32f2xx_spi.o
                0x080227b8                SPI_I2S_SendData
 .text.memp_init
                0x080227bc       0x74 ..\obj\memp.o
                0x080227bc                memp_init
 .text.memp_malloc
                0x08022830       0x2c ..\obj\memp.o
                0x08022830                memp_malloc
 .text.memp_free
                0x0802285c       0x18 ..\obj\memp.o
                0x0802285c                memp_free
 .text.RNG_Cmd  0x08022874       0x20 ..\obj\stm32f2xx_rng.o
                0x08022874                RNG_Cmd
 .text.RNG_GetRandomNumber
                0x08022894        0xc ..\obj\stm32f2xx_rng.o
                0x08022894                RNG_GetRandomNumber
 .text.RNG_GetFlagStatus
                0x080228a0       0x14 ..\obj\stm32f2xx_rng.o
                0x080228a0                RNG_GetFlagStatus
 .text.nwkInit  0x080228b4       0x28 ..\obj\nwk.o
                0x080228b4                nwkInit
 .text.nwkTxData
                0x080228dc      0x154 ..\obj\nwk.o
                0x080228dc                nwkTxData
 .text.nwkRxBusy
                0x08022a30       0x10 ..\obj\nwk.o
                0x08022a30                nwkRxBusy
 .text.nwkRxHandoff
                0x08022a40       0x28 ..\obj\nwk.o
                0x08022a40                nwkRxHandoff
 .text.nwkCopyFwdPkt
                0x08022a68       0xac ..\obj\nwk.o
                0x08022a68                nwkCopyFwdPkt
 .text.nwkFSM   0x08022b14      0x284 ..\obj\nwk.o
                0x08022b14                nwkFSM
 .text.nwkFindParentSADDR
                0x08022d98       0x60 ..\obj\nwk.o
                0x08022d98                nwkFindParentSADDR
 .text.nwkGetHopsToDest
                0x08022df8      0x12c ..\obj\nwk.o
                0x08022df8                nwkGetHopsToDest
 .text.FLASH_Unlock
                0x08022f24       0x20 ..\obj\stm32f2xx_flash.o
                0x08022f24                FLASH_Unlock
 .text.FLASH_Lock
                0x08022f44       0x10 ..\obj\stm32f2xx_flash.o
                0x08022f44                FLASH_Lock
 .text.FLASH_ClearFlag
                0x08022f54        0xc ..\obj\stm32f2xx_flash.o
                0x08022f54                FLASH_ClearFlag
 .text.FLASH_GetStatus
                0x08022f60       0x40 ..\obj\stm32f2xx_flash.o
                0x08022f60                FLASH_GetStatus
 .text.FLASH_WaitForLastOperation
                0x08022fa0       0x38 ..\obj\stm32f2xx_flash.o
                0x08022fa0                FLASH_WaitForLastOperation
 .text.FLASH_EraseSector
                0x08022fd8       0x6c ..\obj\stm32f2xx_flash.o
                0x08022fd8                FLASH_EraseSector
 .text.FLASH_ProgramWord
                0x08023044       0x3c ..\obj\stm32f2xx_flash.o
                0x08023044                FLASH_ProgramWord
 .text.ip_reass_free_complete_datagram
                0x08023080       0x94 ..\obj\ip_frag.o
 .text.ip_reass_remove_oldest_datagram
                0x08023114       0x70 ..\obj\ip_frag.o
 .text.ip_reass
                0x08023184      0x340 ..\obj\ip_frag.o
                0x08023184                ip_reass
 .text.ip_frag  0x080234c4      0x194 ..\obj\ip_frag.o
                0x080234c4                ip_frag
 .text.ip_addr_isbroadcast
                0x08023658       0x40 ..\obj\ip_addr.o
                0x08023658                ip_addr_isbroadcast
 .text.TIM_TimeBaseInit
                0x08023698       0x88 ..\obj\stm32f2xx_tim.o
                0x08023698                TIM_TimeBaseInit
 .text.TIM_ARRPreloadConfig
                0x08023720       0x1c ..\obj\stm32f2xx_tim.o
                0x08023720                TIM_ARRPreloadConfig
 .text.TIM_Cmd  0x0802373c       0x1c ..\obj\stm32f2xx_tim.o
                0x0802373c                TIM_Cmd
 .text.TIM_ITConfig
                0x08023758       0x18 ..\obj\stm32f2xx_tim.o
                0x08023758                TIM_ITConfig
 .text.TIM_ClearITPendingBit
                0x08023770        0x8 ..\obj\stm32f2xx_tim.o
                0x08023770                TIM_ClearITPendingBit
 .text.lwip_standard_chksum
                0x08023778       0x64 ..\obj\inet_chksum.o
 .text.inet_chksum
                0x080237dc        0xc ..\obj\inet_chksum.o
                0x080237dc                inet_chksum
 .text.inet_chksum_pbuf
                0x080237e8       0x50 ..\obj\inet_chksum.o
                0x080237e8                inet_chksum_pbuf
 .text.System_Init
                0x08023838       0x20 ..\obj\main.o
                0x08023838                System_Init
 .text.Board_Init
                0x08023858       0x48 ..\obj\main.o
                0x08023858                Board_Init
 .text.main     0x080238a0       0x14 ..\obj\main.o
                0x080238a0                main
 .text.Board_COMInit
                0x080238b4       0xbc ..\obj\board.o
                0x080238b4                Board_COMInit
 .text.Board_LedOn
                0x08023970       0x20 ..\obj\board.o
                0x08023970                Board_LedOn
 .text.Board_LedOff
                0x08023990       0x20 ..\obj\board.o
                0x08023990                Board_LedOff
 .text.Board_LEDInit
                0x080239b0       0x50 ..\obj\board.o
                0x080239b0                Board_LEDInit
 .text.Board_PWM_Pin_Init
                0x08023a00       0x3c ..\obj\board.o
                0x08023a00                Board_PWM_Pin_Init
 .text.Board_PWM_Init
                0x08023a3c       0x78 ..\obj\board.o
                0x08023a3c                Board_PWM_Init
 .text.TIM2_IRQHandler
                0x08023ab4       0xec ..\obj\board.o
                0x08023ab4                TIM2_IRQHandler
 .text.TAMP_STAMP_IRQHandler
                0x08023ba0       0x18 ..\obj\board.o
                0x08023ba0                TAMP_STAMP_IRQHandler
 .text.RTC_Alarm_IRQHandler
                0x08023bb8        0xc ..\obj\board.o
                0x08023bb8                RTC_Alarm_IRQHandler
 .text.Board_Flash_Init
                0x08023bc4       0x20 ..\obj\board.o
                0x08023bc4                Board_Flash_Init
 .text.Board_Mac_AutoGen
                0x08023be4       0x34 ..\obj\board.o
                0x08023be4                Board_Mac_AutoGen
 .text.Board_Mac_Get
                0x08023c18       0x18 ..\obj\board.o
                0x08023c18                Board_Mac_Get
 .text.Board_Mac_Get_Ptr
                0x08023c30        0x8 ..\obj\board.o
                0x08023c30                Board_Mac_Get_Ptr
 .text.Board_Flash_Write
                0x08023c38       0x30 ..\obj\board.o
                0x08023c38                Board_Flash_Write
 .text.Board_DeviceInfo_Write
                0x08023c68        0xc ..\obj\board.o
                0x08023c68                Board_DeviceInfo_Write
 .text.Board_DeviceInfo_Read
                0x08023c74       0x2c ..\obj\board.o
                0x08023c74                Board_DeviceInfo_Read
 .text.Board_DeviceInfo_Get
                0x08023ca0        0x8 ..\obj\board.o
                0x08023ca0                Board_DeviceInfo_Get
 .text.Board_Network_SetDefault
                0x08023ca8       0x68 ..\obj\board.o
                0x08023ca8                Board_Network_SetDefault
 .text.Board_Network_Set
                0x08023d10      0x12c ..\obj\board.o
                0x08023d10                Board_Network_Set
 .text.Board_Soft_Reset
                0x08023e3c       0x40 ..\obj\board.o
                0x08023e3c                Board_Soft_Reset
 .text.Board_Is_RZB
                0x08023e7c       0x48 ..\obj\board.o
                0x08023e7c                Board_Is_RZB
 .text.Board_DeviceInfo_SetDefault
                0x08023ec4       0xd0 ..\obj\board.o
                0x08023ec4                Board_DeviceInfo_SetDefault
 .text.Board_DeviceInfo_Init
                0x08023f94       0x48 ..\obj\board.o
                0x08023f94                Board_DeviceInfo_Init
 .text.aoti     0x08023fdc       0x20 ..\obj\board.o
                0x08023fdc                aoti
 .text.Board_Version_Init
                0x08023ffc       0x9c ..\obj\board.o
                0x08023ffc                Board_Version_Init
 .text.Board_Version_Print
                0x08024098       0x18 ..\obj\board.o
                0x08024098                Board_Version_Print
 .text.Board_DeviceInfo_Print
                0x080240b0      0x1ac ..\obj\board.o
                0x080240b0                Board_DeviceInfo_Print
 .text.ntInitAddressMap
                0x0802425c       0x18 ..\obj\neighbor.o
                0x0802425c                ntInitAddressMap
 .text.ntFindAddressByLADDR
                0x08024274       0x6c ..\obj\neighbor.o
                0x08024274                ntFindAddressByLADDR
 .text.ntFindAddressBySADDR
                0x080242e0       0x34 ..\obj\neighbor.o
                0x080242e0                ntFindAddressBySADDR
 .text.ntCheckAddressMapEntry
                0x08024314       0x68 ..\obj\neighbor.o
                0x08024314                ntCheckAddressMapEntry
 .text.ntNewAddressMapEntry
                0x0802437c       0x9c ..\obj\neighbor.o
                0x0802437c                ntNewAddressMapEntry
 .text.ntAddOurselvesToAddressTable
                0x08024418       0x18 ..\obj\neighbor.o
                0x08024418                ntAddOurselvesToAddressTable
 .text.ntGetCskip
                0x08024430       0x44 ..\obj\neighbor.o
                0x08024430                ntGetCskip
 .text.ntGetMaxSADDR
                0x08024474       0x14 ..\obj\neighbor.o
                0x08024474                ntGetMaxSADDR
 .text.ntFindBySADDR
                0x08024488       0x38 ..\obj\neighbor.o
                0x08024488                ntFindBySADDR
 .text.ntFindByLADDR
                0x080244c0       0x6c ..\obj\neighbor.o
                0x080244c0                ntFindByLADDR
 .text.ntInitTable
                0x0802452c       0x1c ..\obj\neighbor.o
                0x0802452c                ntInitTable
 .text.ntInitAddressAssignment
                0x08024548       0x38 ..\obj\neighbor.o
                0x08024548                ntInitAddressAssignment
 .text.ntAddNeighbor
                0x08024580      0x10c ..\obj\neighbor.o
                0x08024580                ntAddNeighbor
 .text.ntFindNewDst
                0x0802468c       0x94 ..\obj\neighbor.o
                0x0802468c                ntFindNewDst
 .text.IP4_Addr_Set
                0x08024720       0xa4 ..\obj\netconf.o
                0x08024720                IP4_Addr_Set
 .text.LwIP_Init
                0x080247c4       0x4c ..\obj\netconf.o
                0x080247c4                LwIP_Init
 .text.LwIP_Pkt_Handle
                0x08024810       0x10 ..\obj\netconf.o
                0x08024810                LwIP_Pkt_Handle
 .text.zepCommonFmt
                0x08024820       0x4c ..\obj\zep.o
 .text.zepInit  0x0802486c       0x14 ..\obj\zep.o
                0x0802486c                zepInit
 .text.zepFSM   0x08024880       0x30 ..\obj\zep.o
                0x08024880                zepFSM
 .text.zepHandleRxPacket
                0x080248b0       0x8c ..\obj\zep.o
                0x080248b0                zepHandleRxPacket
 .text.zepFmtPing
                0x0802493c       0x34 ..\obj\zep.o
                0x0802493c                zepFmtPing
 .text.zepFmtAlarm
                0x08024970       0x28 ..\obj\zep.o
                0x08024970                zepFmtAlarm
 .text.zepFmtEndDeviceAnnounce
                0x08024998       0x38 ..\obj\zep.o
                0x08024998                zepFmtEndDeviceAnnounce
 .text.zepFmtNodeInfoRsp
                0x080249d0       0x98 ..\obj\zep.o
                0x080249d0                zepFmtNodeInfoRsp
 .text.spi_master_configure_speed
                0x08024a68       0x28 ..\obj\MCR20A_port.o
                0x08024a68                spi_master_configure_speed
 .text.spi_master_transfer
                0x08024a90       0x50 ..\obj\MCR20A_port.o
                0x08024a90                spi_master_transfer
 .text.spi_cs_init
                0x08024ae0       0x38 ..\obj\MCR20A_port.o
                0x08024ae0                spi_cs_init
 .text.spi_master_init
                0x08024b18       0x40 ..\obj\MCR20A_port.o
                0x08024b18                spi_master_init
 .text.spi_cs_enable
                0x08024b58       0x10 ..\obj\MCR20A_port.o
                0x08024b58                spi_cs_enable
 .text.spi_cs_disable
                0x08024b68       0x10 ..\obj\MCR20A_port.o
                0x08024b68                spi_cs_disable
 .text.MCR20A_RST_Init
                0x08024b78       0x38 ..\obj\MCR20A_port.o
                0x08024b78                MCR20A_RST_Init
 .text.MCR20A_IRQ_Init
                0x08024bb0       0x80 ..\obj\MCR20A_port.o
                0x08024bb0                MCR20A_IRQ_Init
 .text.MCR20A_IRQ_Disable
                0x08024c30       0x28 ..\obj\MCR20A_port.o
                0x08024c30                MCR20A_IRQ_Disable
 .text.MCR20A_IRQ_Enable
                0x08024c58       0x28 ..\obj\MCR20A_port.o
                0x08024c58                MCR20A_IRQ_Enable
 .text.MCR20A_MCU_RNG_Init
                0x08024c80       0x14 ..\obj\MCR20A_port.o
                0x08024c80                MCR20A_MCU_RNG_Init
 .text.MCR20A_MCU_GetRNG
                0x08024c94       0x14 ..\obj\MCR20A_port.o
                0x08024c94                MCR20A_MCU_GetRNG
 .text.Network_Config
                0x08024ca8       0x60 ..\obj\stack_entry.o
                0x08024ca8                Network_Config
 .text.Zigbee_Data_Init
                0x08024d08       0x34 ..\obj\stack_entry.o
                0x08024d08                Zigbee_Data_Init
 .text.Zg_Data_Send
                0x08024d3c       0x5c ..\obj\stack_entry.o
                0x08024d3c                Zg_Data_Send
 .text.Zg_Heart_Send
                0x08024d98       0x4c ..\obj\stack_entry.o
                0x08024d98                Zg_Heart_Send
 .text.Zigbee_Data_Service
                0x08024de4       0xa0 ..\obj\stack_entry.o
                0x08024de4                Zigbee_Data_Service
 .text.stack_main
                0x08024e84      0x104 ..\obj\stack_entry.o
                0x08024e84                stack_main
 .text.usrZepRxCallback
                0x08024f88        0x4 ..\obj\stack_entry.o
                0x08024f88                usrZepRxCallback
 .text.usrRxPacketCallback
                0x08024f8c       0x18 ..\obj\stack_entry.o
                0x08024f8c                usrRxPacketCallback
 .text.checkLongAddr
                0x08024fa4       0x2c ..\obj\stack_entry.o
                0x08024fa4                checkLongAddr
 .text.usrJoinVerifyCallback
                0x08024fd0       0x24 ..\obj\stack_entry.o
                0x08024fd0                usrJoinVerifyCallback
 .text.usrJoinNotifyCallback
                0x08024ff4       0x1c ..\obj\stack_entry.o
                0x08024ff4                usrJoinNotifyCallback
 .text.NMI_Handler
                0x08025010       0x10 ..\obj\stm32f2xx_it.o
                0x08025010                NMI_Handler
 .text.HardFault_Handler
                0x08025020       0x10 ..\obj\stm32f2xx_it.o
                0x08025020                HardFault_Handler
 .text.MemManage_Handler
                0x08025030       0x10 ..\obj\stm32f2xx_it.o
                0x08025030                MemManage_Handler
 .text.BusFault_Handler
                0x08025040       0x10 ..\obj\stm32f2xx_it.o
                0x08025040                BusFault_Handler
 .text.UsageFault_Handler
                0x08025050       0x10 ..\obj\stm32f2xx_it.o
                0x08025050                UsageFault_Handler
 .text.SVC_Handler
                0x08025060        0x4 ..\obj\stm32f2xx_it.o
                0x08025060                SVC_Handler
 .text.DebugMon_Handler
                0x08025064        0x4 ..\obj\stm32f2xx_it.o
                0x08025064                DebugMon_Handler
 .text.PendSV_Handler
                0x08025068        0x4 ..\obj\stm32f2xx_it.o
                0x08025068                PendSV_Handler
 .text.ETH_BSP_Config
                0x0802506c      0x1f0 ..\obj\stm32f2x7_eth_bsp.o
                0x0802506c                ETH_BSP_Config
 .text.ETH_IRQHandler
                0x0802525c       0x20 ..\obj\stm32f2x7_eth_bsp.o
                0x0802525c                ETH_IRQHandler
 .text.low_level_output
                0x0802527c       0x34 ..\obj\ethernetif.o
 .text.ethernetif_input
                0x080252b0       0xb8 ..\obj\ethernetif.o
                0x080252b0                ethernetif_input
 .text.ethernetif_init
                0x08025368       0xa8 ..\obj\ethernetif.o
                0x08025368                ethernetif_init
 .text.SYSCFG_EXTILineConfig
                0x08025410       0x2c ..\obj\stm32f2xx_syscfg.o
                0x08025410                SYSCFG_EXTILineConfig
 .text.free_etharp_q
                0x0802543c       0x24 ..\obj\etharp.o
 .text.find_entry
                0x08025460      0x174 ..\obj\etharp.o
 .text.etharp_send_ip
                0x080255d4       0x30 ..\obj\etharp.o
 .text.update_arp_entry
                0x08025604       0xec ..\obj\etharp.o
 .text.etharp_ip_input
                0x080256f0       0x28 ..\obj\etharp.o
                0x080256f0                etharp_ip_input
 .text.etharp_arp_input
                0x08025718       0xfc ..\obj\etharp.o
                0x08025718                etharp_arp_input
 .text.etharp_request
                0x08025814       0xa0 ..\obj\etharp.o
                0x08025814                etharp_request
 .text.etharp_query
                0x080258b4      0x188 ..\obj\etharp.o
                0x080258b4                etharp_query
 .text.etharp_output
                0x08025a3c       0xb4 ..\obj\etharp.o
                0x08025a3c                etharp_output
 .text.ethernet_input
                0x08025af0       0x5c ..\obj\etharp.o
                0x08025af0                ethernet_input
 .text.evbBindTableIterInit
                0x08025b4c       0x1c ..\obj\staticbind.o
                0x08025b4c                evbBindTableIterInit
 .text.evbResolveBind
                0x08025b68       0xf4 ..\obj\staticbind.o
                0x08025b68                evbResolveBind
 .text.xUSART2_getchar
                0x08025c5c       0x20 ..\obj\xprintf.o
                0x08025c5c                xUSART2_getchar
 .text.xPrintfCom2_Init
                0x08025c7c       0x4c ..\obj\xprintf.o
                0x08025c7c                xPrintfCom2_Init
 .text.xUSART2_putchar
                0x08025cc8       0x24 ..\obj\xprintf.o
                0x08025cc8                xUSART2_putchar
 .text.xUSART2_putchar_n
                0x08025cec       0x18 ..\obj\xprintf.o
                0x08025cec                xUSART2_putchar_n
 .text.xputc    0x08025d04       0x24 ..\obj\xprintf.o
                0x08025d04                xputc
 .text.xputs    0x08025d28       0x18 ..\obj\xprintf.o
                0x08025d28                xputs
 .text.xvprintf
                0x08025d40      0x284 ..\obj\xprintf.o
 .text.xprintf  0x08025fc4       0x1c ..\obj\xprintf.o
                0x08025fc4                xprintf
 .text.phyInit  0x08025fe0       0x1c ..\obj\phy.o
                0x08025fe0                phyInit
 .text.phyRxCallback
                0x08025ffc        0x4 ..\obj\phy.o
                0x08025ffc                phyRxCallback
 .text.phyTxStartCallBack
                0x08026000       0x10 ..\obj\phy.o
                0x08026000                phyTxStartCallBack
 .text.phyTxEndCallBack
                0x08026010       0x10 ..\obj\phy.o
                0x08026010                phyTxEndCallBack
 .text.phyFSM   0x08026020       0xa8 ..\obj\phy.o
                0x08026020                phyFSM
 .text.pbuf_header
                0x080260c8       0x78 ..\obj\pbuf.o
                0x080260c8                pbuf_header
 .text.pbuf_free
                0x08026140       0x54 ..\obj\pbuf.o
                0x08026140                pbuf_free
 .text.pbuf_alloc
                0x08026194      0x140 ..\obj\pbuf.o
                0x08026194                pbuf_alloc
 .text.pbuf_realloc
                0x080262d4       0x58 ..\obj\pbuf.o
                0x080262d4                pbuf_realloc
 .text.pbuf_clen
                0x0802632c       0x18 ..\obj\pbuf.o
                0x0802632c                pbuf_clen
 .text.pbuf_ref
                0x08026344        0xc ..\obj\pbuf.o
                0x08026344                pbuf_ref
 .text.pbuf_cat
                0x08026350       0x34 ..\obj\pbuf.o
                0x08026350                pbuf_cat
 .text.pbuf_chain
                0x08026384       0x10 ..\obj\pbuf.o
                0x08026384                pbuf_chain
 .text.pbuf_copy
                0x08026394       0xcc ..\obj\pbuf.o
                0x08026394                pbuf_copy
 .text.pbuf_copy_partial
                0x08026460       0x78 ..\obj\pbuf.o
                0x08026460                pbuf_copy_partial
 .text.htons    0x080264d8        0xc ..\obj\inet.o
                0x080264d8                htons
 .text.ntohs    0x080264e4        0xc ..\obj\inet.o
                0x080264e4                ntohs
 .text.htonl    0x080264f0       0x18 ..\obj\inet.o
                0x080264f0                htonl
 .text.ntohl    0x08026508        0x8 ..\obj\inet.o
                0x08026508                ntohl
 .text.netif_set_ipaddr
                0x08026510       0x68 ..\obj\netif.o
                0x08026510                netif_set_ipaddr
 .text.netif_set_addr
                0x08026578       0x24 ..\obj\netif.o
                0x08026578                netif_set_addr
 .text.netif_add
                0x0802659c       0x4c ..\obj\netif.o
                0x0802659c                netif_add
 .text.netif_set_default
                0x080265e8        0xc ..\obj\netif.o
                0x080265e8                netif_set_default
 .text.netif_set_up
                0x080265f4       0x24 ..\obj\netif.o
                0x080265f4                netif_set_up
 .text.netif_is_up
                0x08026618        0xc ..\obj\netif.o
                0x08026618                netif_is_up
 .text.GPIO_Init
                0x08026624       0x90 ..\obj\stm32f2xx_gpio.o
                0x08026624                GPIO_Init
 .text.GPIO_ReadInputDataBit
                0x080266b4        0xc ..\obj\stm32f2xx_gpio.o
                0x080266b4                GPIO_ReadInputDataBit
 .text.GPIO_SetBits
                0x080266c0        0x4 ..\obj\stm32f2xx_gpio.o
                0x080266c0                GPIO_SetBits
 .text.GPIO_ResetBits
                0x080266c4        0x4 ..\obj\stm32f2xx_gpio.o
                0x080266c4                GPIO_ResetBits
 .text.GPIO_PinAFConfig
                0x080266c8       0x28 ..\obj\stm32f2xx_gpio.o
                0x080266c8                GPIO_PinAFConfig
 .text.SystemInit
                0x080266f0       0xdc ..\obj\system_stm32f2xx.o
                0x080266f0                SystemInit
 .text.SystemCoreClockUpdate
                0x080267cc       0x8c ..\obj\system_stm32f2xx.o
                0x080267cc                SystemCoreClockUpdate
 .text.RCC_GetClocksFreq
                0x08026858       0xa4 ..\obj\stm32f2xx_rcc.o
                0x08026858                RCC_GetClocksFreq
 .text.RCC_AHB1PeriphClockCmd
                0x080268fc       0x1c ..\obj\stm32f2xx_rcc.o
                0x080268fc                RCC_AHB1PeriphClockCmd
 .text.RCC_AHB2PeriphClockCmd
                0x08026918       0x1c ..\obj\stm32f2xx_rcc.o
                0x08026918                RCC_AHB2PeriphClockCmd
 .text.RCC_APB1PeriphClockCmd
                0x08026934       0x1c ..\obj\stm32f2xx_rcc.o
                0x08026934                RCC_APB1PeriphClockCmd
 .text.RCC_APB2PeriphClockCmd
                0x08026950       0x1c ..\obj\stm32f2xx_rcc.o
                0x08026950                RCC_APB2PeriphClockCmd
 .text.RCC_AHB1PeriphResetCmd
                0x0802696c       0x1c ..\obj\stm32f2xx_rcc.o
                0x0802696c                RCC_AHB1PeriphResetCmd
 .text.halInit  0x08026988       0x1c ..\obj\halStack.o
                0x08026988                halInit
 .text.halUtilMemCopy
                0x080269a4       0x1c ..\obj\halStack.o
                0x080269a4                halUtilMemCopy
 .text.halGetMACTimer
                0x080269c0        0x8 ..\obj\halStack.o
                0x080269c0                halGetMACTimer
 .text.halGetRandomByte
                0x080269c8        0x8 ..\obj\halStack.o
                0x080269c8                halGetRandomByte
 .text.halSetChannel
                0x080269d0       0x1c ..\obj\halStack.o
                0x080269d0                halSetChannel
 .text.halSetRadioIEEEFrequency
                0x080269ec       0x14 ..\obj\halStack.o
                0x080269ec                halSetRadioIEEEFrequency
 .text.halGetProcessorIEEEAddress
                0x08026a00        0x8 ..\obj\halStack.o
                0x08026a00                halGetProcessorIEEEAddress
 .text.halSetRadioIEEEAddress
                0x08026a08       0x18 ..\obj\halStack.o
                0x08026a08                halSetRadioIEEEAddress
 .text.halSetRadioPANID
                0x08026a20       0x18 ..\obj\halStack.o
                0x08026a20                halSetRadioPANID
 .text.halSetRadioShortAddr
                0x08026a38       0x18 ..\obj\halStack.o
                0x08026a38                halSetRadioShortAddr
 .text.halInitRadio
                0x08026a50       0x50 ..\obj\halStack.o
                0x08026a50                halInitRadio
 .text.halIdle  0x08026aa0        0x4 ..\obj\halStack.o
                0x08026aa0                halIdle
 .text.halTxTimeOut
                0x08026aa4       0x90 ..\obj\halStack.o
                0x08026aa4                halTxTimeOut
 .text.halRadioGetFrame
                0x08026b34       0x8c ..\obj\halStack.o
                0x08026b34                halRadioGetFrame
 .text.IRQ_Handler
                0x08026bc0       0xfc ..\obj\halStack.o
                0x08026bc0                IRQ_Handler
 .text.EXTI9_5_IRQHandler
                0x08026cbc       0x1c ..\obj\halStack.o
                0x08026cbc                EXTI9_5_IRQHandler
 .text.halSendPacket
                0x08026cd8       0xec ..\obj\halStack.o
                0x08026cd8                halSendPacket
 .text.MCR20A_SetPanId
                0x08026dc4       0x20 ..\obj\MCR20A_Phy.o
                0x08026dc4                MCR20A_SetPanId
 .text.MCR20A_SetShortAddr
                0x08026de4       0x20 ..\obj\MCR20A_Phy.o
                0x08026de4                MCR20A_SetShortAddr
 .text.MCR20A_SetLongAddr
                0x08026e04       0x20 ..\obj\MCR20A_Phy.o
                0x08026e04                MCR20A_SetLongAddr
 .text.MCR20A_SetMacRole
                0x08026e24       0x44 ..\obj\MCR20A_Phy.o
                0x08026e24                MCR20A_SetMacRole
 .text.MCR20A_SetCcaThreshold
                0x08026e68       0x10 ..\obj\MCR20A_Phy.o
                0x08026e68                MCR20A_SetCcaThreshold
 .text.MCR20A_SetDualPanSamLvl
                0x08026e78       0x24 ..\obj\MCR20A_Phy.o
                0x08026e78                MCR20A_SetDualPanSamLvl
 .text.MCR20A_SetCurrentChannelRequest
                0x08026e9c       0x4c ..\obj\MCR20A_Phy.o
                0x08026e9c                MCR20A_SetCurrentChannelRequest
 .text.MCR20A_SetPwrLevelRequest
                0x08026ee8       0x20 ..\obj\MCR20A_Phy.o
                0x08026ee8                MCR20A_SetPwrLevelRequest
 .text.MCR20A_RemoveFromIndirect
                0x08026f08       0x20 ..\obj\MCR20A_Phy.o
                0x08026f08                MCR20A_RemoveFromIndirect
 .text.MCR20A_HwInit
                0x08026f28       0xcc ..\obj\MCR20A_Phy.o
                0x08026f28                MCR20A_HwInit
 .text.MCR20A_LqiConvert
                0x08026ff4       0x20 ..\obj\MCR20A_Phy.o
                0x08026ff4                MCR20A_LqiConvert
 .text.udp_input
                0x08027014      0x1c4 ..\obj\udp.o
                0x08027014                udp_input
 .text.udp_bind
                0x080271d8       0x74 ..\obj\udp.o
                0x080271d8                udp_bind
 .text.udp_sendto_if
                0x0802724c       0xc8 ..\obj\udp.o
                0x0802724c                udp_sendto_if
 .text.udp_sendto
                0x08027314       0x2c ..\obj\udp.o
                0x08027314                udp_sendto
 .text.udp_recv
                0x08027340        0x8 ..\obj\udp.o
                0x08027340                udp_recv
 .text.udp_new  0x08027348       0x1c ..\obj\udp.o
                0x08027348                udp_new
 .text.ip_route
                0x08027364       0x48 ..\obj\ip.o
                0x08027364                ip_route
 .text.ip_input
                0x080273ac      0x1e0 ..\obj\ip.o
                0x080273ac                ip_input
 .text.ip_output_if
                0x0802758c       0xd4 ..\obj\ip.o
                0x0802758c                ip_output_if
 .text.ip_output
                0x08027660       0x38 ..\obj\ip.o
                0x08027660                ip_output
 .text.macTxData
                0x08027698      0x1ac ..\obj\mac.o
 .text.macInit  0x08027844       0x44 ..\obj\mac.o
                0x08027844                macInit
 .text.macSetPANID
                0x08027888       0x10 ..\obj\mac.o
                0x08027888                macSetPANID
 .text.macInitRadio
                0x08027898       0x64 ..\obj\mac.o
                0x08027898                macInitRadio
 .text.macSetChannel
                0x080278fc       0x10 ..\obj\mac.o
                0x080278fc                macSetChannel
 .text.macSetShortAddr
                0x0802790c       0x10 ..\obj\mac.o
                0x0802790c                macSetShortAddr
 .text.macTxCallback
                0x0802791c       0x2c ..\obj\mac.o
                0x0802791c                macTxCallback
 .text.macRxCallback
                0x08027948       0x48 ..\obj\mac.o
                0x08027948                macRxCallback
 .text.macRxBuffFull
                0x08027990       0x24 ..\obj\mac.o
                0x08027990                macRxBuffFull
 .text.macRxBuffEmpty
                0x080279b4       0x18 ..\obj\mac.o
                0x080279b4                macRxBuffEmpty
 .text.macGetRxPacket
                0x080279cc       0x2c ..\obj\mac.o
                0x080279cc                macGetRxPacket
 .text.macFreeRxPacket
                0x080279f8       0x38 ..\obj\mac.o
                0x080279f8                macFreeRxPacket
 .text.macFSM   0x08027a30      0x970 ..\obj\mac.o
                0x08027a30                macFSM
 .text.EXTI_Init
                0x080283a0       0x90 ..\obj\stm32f2xx_exti.o
                0x080283a0                EXTI_Init
 .text.EXTI_GetITStatus
                0x08028430       0x1c ..\obj\stm32f2xx_exti.o
                0x08028430                EXTI_GetITStatus
 .text.EXTI_ClearITPendingBit
                0x0802844c        0xc ..\obj\stm32f2xx_exti.o
                0x0802844c                EXTI_ClearITPendingBit
 .text.apsInit  0x08028458       0x4c ..\obj\aps.o
                0x08028458                apsInit
 .text.apsRxBusy
                0x080284a4       0x10 ..\obj\aps.o
                0x080284a4                apsRxBusy
 .text.apsRxHandoff
                0x080284b4       0x34 ..\obj\aps.o
                0x080284b4                apsRxHandoff
 .text.apsRxBuffAdd
                0x080284e8       0x44 ..\obj\aps.o
                0x080284e8                apsRxBuffAdd
 .text.apsInjectPacket
                0x0802852c       0xd8 ..\obj\aps.o
 .text.apsRxFSM
                0x08028604      0x21c ..\obj\aps.o
 .text.apsTxData
                0x08028820      0x25c ..\obj\aps.o
                0x08028820                apsTxData
 .text.apsFreeRxPacket
                0x08028a7c       0x40 ..\obj\aps.o
                0x08028a7c                apsFreeRxPacket
 .text.apsFSM   0x08028abc      0x480 ..\obj\aps.o
                0x08028abc                apsFSM
 .text.aplFmtSendMSG
                0x08028f3c       0xf4 ..\obj\aps.o
                0x08028f3c                aplFmtSendMSG
 .text.icmp_send_response
                0x08029030       0x98 ..\obj\icmp.o
 .text.icmp_input
                0x080290c8      0x13c ..\obj\icmp.o
                0x080290c8                icmp_input
 .text.icmp_dest_unreach
                0x08029204        0xc ..\obj\icmp.o
                0x08029204                icmp_dest_unreach
 .text.icmp_time_exceeded
                0x08029210        0xc ..\obj\icmp.o
                0x08029210                icmp_time_exceeded
 .text.NVIC_PriorityGroupConfig
                0x0802921c       0x14 ..\obj\misc.o
                0x0802921c                NVIC_PriorityGroupConfig
 .text.NVIC_Init
                0x08029230       0x70 ..\obj\misc.o
                0x08029230                NVIC_Init
 .text.NVIC_SetVectorTable
                0x080292a0       0x14 ..\obj\misc.o
                0x080292a0                NVIC_SetVectorTable
 .text.memhdr_get_size
                0x080292b4       0x10 ..\obj\memalloc.o
                0x080292b4                memhdr_get_size
 .text.memhdr_set_size
                0x080292c4       0x10 ..\obj\memalloc.o
                0x080292c4                memhdr_set_size
 .text.MemInit  0x080292d4       0x24 ..\obj\memalloc.o
                0x080292d4                MemInit
 .text.MemAlloc
                0x080292f8       0x94 ..\obj\memalloc.o
                0x080292f8                MemAlloc
 .text.MemFree  0x0802938c       0x70 ..\obj\memalloc.o
                0x0802938c                MemFree
 .text.conPCRLF
                0x080293fc        0x4 ..\obj\console.o
                0x080293fc                conPCRLF
 .text.conPrintROMString_func
                0x08029400        0x4 ..\obj\console.o
                0x08029400                conPrintROMString_func
 .text.conPrintLADDR
                0x08029404        0x4 ..\obj\console.o
                0x08029404                conPrintLADDR
 .text.dhcp_set_state
                0x08029408       0x10 ..\obj\dhcp.o
 .text.dhcp_option
                0x08029418       0x24 ..\obj\dhcp.o
 .text.dhcp_option_byte
                0x0802943c       0x14 ..\obj\dhcp.o
 .text.dhcp_option_long
                0x08029450       0x44 ..\obj\dhcp.o
 .text.dhcp_option_trailer
                0x08029494       0x38 ..\obj\dhcp.o
 .text.dhcp_create_request
                0x080294cc      0x124 ..\obj\dhcp.o
 .text.dhcp_delete_request
                0x080295f0       0x1c ..\obj\dhcp.o
 .text.dhcp_arp_reply
                0x0802960c       0x94 ..\obj\dhcp.o
                0x0802960c                dhcp_arp_reply
 .text.tcp_output_set_header
                0x080296a0       0x7c ..\obj\tcp_out.o
 .text.tcp_enqueue
                0x0802971c      0x3d0 ..\obj\tcp_out.o
                0x0802971c                tcp_enqueue
 .text.tcp_send_ctrl
                0x08029aec       0x1c ..\obj\tcp_out.o
                0x08029aec                tcp_send_ctrl
 .text.tcp_send_empty_ack
                0x08029b08       0x58 ..\obj\tcp_out.o
                0x08029b08                tcp_send_empty_ack
 .text.tcp_output
                0x08029b60      0x298 ..\obj\tcp_out.o
                0x08029b60                tcp_output
 .text.tcp_rst  0x08029df8       0xa0 ..\obj\tcp_out.o
                0x08029df8                tcp_rst
 .text.tcp_rexmit
                0x08029e98       0x4c ..\obj\tcp_out.o
                0x08029e98                tcp_rexmit
 .text.tcp_rexmit_fast
                0x08029ee4       0x60 ..\obj\tcp_out.o
                0x08029ee4                tcp_rexmit_fast
 .text.raw_input
                0x08029f44       0x64 ..\obj\raw.o
                0x08029f44                raw_input
 .text.__libc_init_array
                0x08029fa8       0x50 c:/arm_tools/5.4 2016q3/bin/../lib/gcc/arm-none-eabi/5.4.1/../../../../arm-none-eabi/lib/armv7-m\libc.a(lib_a-init.o)
                0x08029fa8                __libc_init_array
 .text          0x08029ff8       0xec c:/arm_tools/5.4 2016q3/bin/../lib/gcc/arm-none-eabi/5.4.1/../../../../arm-none-eabi/lib/armv7-m\libc.a(lib_a-memcpy.o)
                0x08029ff8                memcpy
 .text.memset   0x0802a0e4       0x9c c:/arm_tools/5.4 2016q3/bin/../lib/gcc/arm-none-eabi/5.4.1/../../../../arm-none-eabi/lib/armv7-m\libc.a(lib_a-memset.o)
                0x0802a0e4                memset
 .text          0x0802a180      0x1bc c:/arm_tools/5.4 2016q3/bin/../lib/gcc/arm-none-eabi/5.4.1/../../../../arm-none-eabi/lib/armv7-m\libc.a(lib_a-strcmp.o)
                0x0802a180                strcmp
 .text.startup.register_fini
                0x0802a33c       0x14 c:/arm_tools/5.4 2016q3/bin/../lib/gcc/arm-none-eabi/5.4.1/../../../../arm-none-eabi/lib/armv7-m\libc.a(lib_a-__call_atexit.o)
 .text.atexit   0x0802a350        0xc c:/arm_tools/5.4 2016q3/bin/../lib/gcc/arm-none-eabi/5.4.1/../../../../arm-none-eabi/lib/armv7-m\libc.a(lib_a-atexit.o)
                0x0802a350                atexit
 .text.__libc_fini_array
                0x0802a35c       0x28 c:/arm_tools/5.4 2016q3/bin/../lib/gcc/arm-none-eabi/5.4.1/../../../../arm-none-eabi/lib/armv7-m\libc.a(lib_a-fini.o)
                0x0802a35c                __libc_fini_array
 .text.__register_exitproc
                0x0802a384       0xa4 c:/arm_tools/5.4 2016q3/bin/../lib/gcc/arm-none-eabi/5.4.1/../../../../arm-none-eabi/lib/armv7-m\libc.a(lib_a-__atexit.o)
                0x0802a384                __register_exitproc
 *(.init)
 .init          0x0802a428        0x4 c:/arm_tools/5.4 2016q3/bin/../lib/gcc/arm-none-eabi/5.4.1/armv7-m/crti.o
                0x0802a428                _init
 .init          0x0802a42c        0x8 c:/arm_tools/5.4 2016q3/bin/../lib/gcc/arm-none-eabi/5.4.1/armv7-m/crtn.o
 *(.fini)
 .fini          0x0802a434        0x4 c:/arm_tools/5.4 2016q3/bin/../lib/gcc/arm-none-eabi/5.4.1/armv7-m/crti.o
                0x0802a434                _fini
 .fini          0x0802a438        0x8 c:/arm_tools/5.4 2016q3/bin/../lib/gcc/arm-none-eabi/5.4.1/armv7-m/crtn.o
 *crtbegin.o(.ctors)
 *crtbegin?.o(.ctors)
 *(EXCLUDE_FILE(*crtend.o *crtend?.o) .ctors)
 *(SORT(.ctors.*))
 *(.ctors)
 *crtbegin.o(.dtors)
 *crtbegin?.o(.dtors)
 *(EXCLUDE_FILE(*crtend.o *crtend?.o) .dtors)
 *(SORT(.dtors.*))
 *(.dtors)
 *(.rodata*)
 .rodata.str1.4
                0x0802a440       0x76 ..\obj\tcp.o
 *fill*         0x0802a4b6        0x2 
 .rodata        0x0802a4b8       0x26 ..\obj\memp.o
 *fill*         0x0802a4de        0x2 
 .rodata        0x0802a4e0        0x8 ..\obj\ip_addr.o
                0x0802a4e0                ip_addr_broadcast
                0x0802a4e4                ip_addr_any
 .rodata.str1.4
                0x0802a4e8       0x17 ..\obj\main.o
 *fill*         0x0802a4ff        0x1 
 .rodata        0x0802a500       0x6c ..\obj\board.o
                0x0802a500                COM_TX_PORT_CLK
                0x0802a508                COM_RX_PORT_CLK
                0x0802a510                COM_USART_CLK
                0x0802a518                COM_TX_AF
                0x0802a51c                COM_TX_PIN_SOURCE
                0x0802a520                COM_RX_AF
                0x0802a524                COM_RX_PIN_SOURCE
                0x0802a528                COM_TX_PIN
                0x0802a52c                COM_RX_PIN
                0x0802a530                GPIO_PIN
                0x0802a534                GPIO_CLK
 .rodata.str1.4
                0x0802a56c      0x268 ..\obj\board.o
                                0x26c (size before relaxing)
 .rodata        0x0802a7d4       0x30 ..\obj\stack_entry.o
                0x0802a7d4                LADDR_MASK
                0x0802a7fc                LADDR_SAMP
 .rodata.str1.4
                0x0802a804       0x98 ..\obj\stack_entry.o
                                 0xa4 (size before relaxing)
 .rodata.str1.4
                0x0802a89c       0x70 ..\obj\stm32f2xx_it.o
                                 0x6f (size before relaxing)
 .rodata        0x0802a90c        0xe ..\obj\etharp.o
                0x0802a90c                ethzero
                0x0802a914                ethbroadcast
 *fill*         0x0802a91a        0x2 
 .rodata        0x0802a91c       0x6c ..\obj\MCR20A_Phy.o
                0x0802a94c                overwrites_indirect
                0x0802a97e                gPhyIndirectQueueSize_c
                0x0802a97f                gPhyActivePwrState
                0x0802a980                gPhyIdlePwrState
                0x0802a984                overwrites_direct
 .rodata._global_impure_ptr
                0x0802a988        0x4 c:/arm_tools/5.4 2016q3/bin/../lib/gcc/arm-none-eabi/5.4.1/../../../../arm-none-eabi/lib/armv7-m\libc.a(lib_a-impure.o)
                0x0802a988                _global_impure_ptr
 *(.eh_fram e*)

.eh_frame       0x0802a98c        0x0
 .eh_frame      0x0802a98c        0x0 c:/arm_tools/5.4 2016q3/bin/../lib/gcc/arm-none-eabi/5.4.1/armv7-m/crtbegin.o

.glue_7         0x0802a98c        0x0
 .glue_7        0x0802a98c        0x0 linker stubs

.glue_7t        0x0802a98c        0x0
 .glue_7t       0x0802a98c        0x0 linker stubs

.vfp11_veneer   0x0802a98c        0x0
 .vfp11_veneer  0x0802a98c        0x0 linker stubs

.v4_bx          0x0802a98c        0x0
 .v4_bx         0x0802a98c        0x0 linker stubs

.iplt           0x0802a98c        0x0
 .iplt          0x0802a98c        0x0 c:/arm_tools/5.4 2016q3/bin/../lib/gcc/arm-none-eabi/5.4.1/armv7-m/crtbegin.o

.rel.dyn        0x0802a98c        0x0
 .rel.iplt      0x0802a98c        0x0 c:/arm_tools/5.4 2016q3/bin/../lib/gcc/arm-none-eabi/5.4.1/armv7-m/crtbegin.o

.ARM.extab
 *(.ARM.extab* .gnu.linkonce.armextab.*)
                0x0802a98c                __exidx_start = .

.ARM.exidx
 *(.ARM.exidx* .gnu.linkonce.armexidx.*)
                0x0802a98c                __exidx_end = .
                0x0802a98c                __etext = .
                0x0802a98c                _sidata = __etext

.data           0x20000000      0x4c8 load address 0x0802a98c
                0x20000000                __data_start__ = .
                0x20000000                _sdata = __data_start__
 *(vtable)
 *(.data*)
 .data          0x20000000       0x34 ..\obj\tcp.o
                0x20000008                tcp_state_str
 .data          0x20000034        0x4 ..\obj\MCR20Drv.o
 .data          0x20000038       0x26 ..\obj\board.o
                0x20000038                COM_TX_PORT
                0x20000040                COM_RX_PORT
                0x20000048                COM_USART
                0x20000050                GPIO_PORT
 .data          0x2000005e        0x1 ..\obj\stack_entry.o
 *fill*         0x2000005f        0x1 
 .data          0x20000060       0x14 ..\obj\system_stm32f2xx.o
                0x20000060                SystemCoreClock
                0x20000064                AHBPrescTable
 .data          0x20000074       0x10 ..\obj\stm32f2xx_rcc.o
 .data          0x20000084        0x1 ..\obj\halStack.o
                0x20000084                txRetry
 .data          0x20000085        0x1 ..\obj\MCR20A_Phy.o
 *fill*         0x20000086        0x2 
 .data          0x20000088        0x4 ..\obj\dhcp.o
 *fill*         0x2000008c        0x4 
 .data.impure_data
                0x20000090      0x428 c:/arm_tools/5.4 2016q3/bin/../lib/gcc/arm-none-eabi/5.4.1/../../../../arm-none-eabi/lib/armv7-m\libc.a(lib_a-impure.o)
                0x200004b8                . = ALIGN (0x4)
                0x200004b8                PROVIDE (__preinit_array_start, .)
 *(.preinit_array)
                0x200004b8                PROVIDE (__preinit_array_end, .)
                0x200004b8                . = ALIGN (0x4)
                0x200004b8                PROVIDE (__init_array_start, .)
 *(SORT(.init_array.*))
 .init_array.00000
                0x200004b8        0x4 c:/arm_tools/5.4 2016q3/bin/../lib/gcc/arm-none-eabi/5.4.1/../../../../arm-none-eabi/lib/armv7-m\libc.a(lib_a-__call_atexit.o)
 *(.init_array)
 .init_array    0x200004bc        0x4 c:/arm_tools/5.4 2016q3/bin/../lib/gcc/arm-none-eabi/5.4.1/armv7-m/crtbegin.o
                0x200004c0                PROVIDE (__init_array_end, .)
                0x200004c0                . = ALIGN (0x4)
                0x200004c0                PROVIDE (__fini_array_start, .)
 *(SORT(.fini_array.*))
 *(.fini_array)
 .fini_array    0x200004c0        0x4 c:/arm_tools/5.4 2016q3/bin/../lib/gcc/arm-none-eabi/5.4.1/armv7-m/crtbegin.o
                0x200004c4                PROVIDE (__fini_array_end, .)
 *(.jcr*)
 .jcr           0x200004c4        0x0 c:/arm_tools/5.4 2016q3/bin/../lib/gcc/arm-none-eabi/5.4.1/armv7-m/crtbegin.o
 .jcr           0x200004c4        0x4 c:/arm_tools/5.4 2016q3/bin/../lib/gcc/arm-none-eabi/5.4.1/armv7-m/crtend.o
                0x200004c8                . = ALIGN (0x4)
                0x200004c8                __data_end__ = .
                0x200004c8                _edata = __data_end__

.igot.plt       0x200004c8        0x0 load address 0x0802ae54
 .igot.plt      0x200004c8        0x0 c:/arm_tools/5.4 2016q3/bin/../lib/gcc/arm-none-eabi/5.4.1/armv7-m/crtbegin.o

.bss            0x200004c8     0x92f8 load address 0x0802ae54
                0x200004c8                . = ALIGN (0x4)
                0x200004c8                __bss_start__ = .
                0x200004c8                _sbss = __bss_start__
 *(.bss*)
 .bss           0x200004c8       0x1c c:/arm_tools/5.4 2016q3/bin/../lib/gcc/arm-none-eabi/5.4.1/armv7-m/crtbegin.o
 .bss           0x200004e4     0x2820 ..\obj\mem.o
 .bss           0x20002d04       0x36 ..\obj\spi.o
 *fill*         0x20002d3a        0x2 
 .bss           0x20002d3c        0x4 ..\obj\delay.o
 .bss           0x20002d40        0xc ..\obj\udpServer.o
 .bss           0x20002d4c       0x34 ..\obj\tcp_in.o
 .bss           0x20002d80     0x4138 ..\obj\memp.o
 .bss           0x20006eb8        0x1 ..\obj\nwk.o
 *fill*         0x20006eb9        0x3 
 .bss           0x20006ebc      0x5e8 ..\obj\ip_frag.o
 .bss           0x200074a4       0x2c ..\obj\board.o
                0x200074c4                debugFlag
 .bss           0x200074d0       0x58 ..\obj\stack_entry.o
                0x20007520                dstADDR
 .bss           0x20007528       0xcc ..\obj\etharp.o
 .bss           0x200075f4        0x4 ..\obj\staticbind.o
                0x200075f8                bindtable
 .bss           0x200075f8        0x8 ..\obj\xprintf.o
 .bss           0x20007600        0x1 ..\obj\netif.o
 *fill*         0x20007601        0x3 
 .bss           0x20007604        0x8 ..\obj\halStack.o
                0x2000760a                halRadioInited
                0x2000760b                halSendStart
 .bss           0x2000760c        0x2 ..\obj\ip.o
 *fill*         0x2000760e        0x2 
 .bss           0x20007610        0x8 ..\obj\mac.o
 .bss           0x20007618        0x2 ..\obj\aps.o
 *fill*         0x2000761a        0x2 
 .bss           0x2000761c      0x400 ..\obj\memalloc.o
 .bss           0x20007a1c        0x4 ..\obj\raw.o
 *(COMMON)
 COMMON         0x20007a20     0x186c ..\obj\stm32f2x7_eth.o
                0x20007a20                RX_Frame_Descriptor
                0x20007a2c                DMARxDescToGet
                0x20007a30                DMATxDescToSet
                0x20007a34                DMATxDscrTab
                0x20007a74                Rx_Buff
                0x2000865c                Frame_Rx_index
                0x20008660                DMA_RX_FRAME_infos
                0x20008664                DMARxDscrTab
                0x200086a4                Tx_Buff
 COMMON         0x2000928c       0x18 ..\obj\tcp.o
                0x2000928c                tcp_active_pcbs
                0x20009290                tcp_ticks
                0x20009294                tcp_listen_pcbs
                0x20009298                tcp_tmp_pcb
                0x2000929c                tcp_bound_pcbs
                0x200092a0                tcp_tw_pcbs
 COMMON         0x200092a4        0x4 ..\obj\tcp_in.o
                0x200092a4                tcp_input_pcb
 COMMON         0x200092a8       0x64 ..\obj\nwk.o
                0x200092a8                nwk_pib
                0x200092d8                a_nwk_service
                0x200092e8                nwkState
                0x200092e9                nwkDSN
                0x200092ec                a_nwk_tx_data
                0x200092fc                a_nwk_rx_data
 COMMON         0x2000930c        0x4 ..\obj\board.o
                0x2000930c                board_SW_Version
 COMMON         0x20009310       0x88 ..\obj\neighbor.o
                0x20009310                mac_nbr_tbl
 COMMON         0x20009398       0x34 ..\obj\netconf.o
                0x20009398                netif
 COMMON         0x200093cc        0x9 ..\obj\zep.o
                0x200093cc                zep_pib
                0x200093d4                zepState
 *fill*         0x200093d5        0x1 
 COMMON         0x200093d6        0x4 ..\obj\MCR20A_port.o
                0x200093d6                spi_highSpeed
                0x200093d8                spi_lowSpeed
 *fill*         0x200093da        0x2 
 COMMON         0x200093dc       0x1e ..\obj\stack_entry.o
                0x200093dc                heart_startTime
                0x200093e0                joinState
                0x200093e1                zg_get_settings
                0x200093e4                app_startTime
                0x200093e8                my_timer
                0x200093ec                last_tx_start
                0x200093f0                zigbee_sets
                0x200093f8                zigbee_get_settings
                0x200093f9                app_started
 *fill*         0x200093fa        0x2 
 COMMON         0x200093fc        0x8 ..\obj\xprintf.o
                0x200093fc                xfunc_in
                0x20009400                xfunc_out
 COMMON         0x20009404       0xac ..\obj\phy.o
                0x20009404                phyState
                0x20009408                a_phy_service
                0x20009414                tmpTxBuff
                0x20009494                phy_pib
 COMMON         0x200094b0        0x8 ..\obj\netif.o
                0x200094b0                netif_list
                0x200094b4                netif_default
 COMMON         0x200094b8        0x3 ..\obj\halStack.o
                0x200094b8                irq
 COMMON         0x200094bb        0x1 ..\obj\debug.o
                0x200094bb                debug_level
 COMMON         0x200094bc      0x154 ..\obj\halNeighbor.o
                0x200094bc                mac_addr_tbl
 COMMON         0x20009610        0x9 ..\obj\MCR20A_Phy.o
                0x20009610                mStatusAndControlRegs
 *fill*         0x20009619        0x3 
 COMMON         0x2000961c        0x4 ..\obj\udp.o
                0x2000961c                udp_pcbs
 COMMON         0x20009620        0x8 ..\obj\ip.o
                0x20009620                current_netif
                0x20009624                current_header
 COMMON         0x20009628       0x9d ..\obj\mac.o
                0x20009628                macTxFSM_status
                0x2000962c                a_mac_rx_data
                0x20009648                mac_pib
                0x200096a8                a_mac_service
                0x200096b0                a_mac_tx_data
                0x200096c4                macState
 *fill*         0x200096c5        0x3 
 COMMON         0x200096c8       0xf8 ..\obj\aps.o
                0x200096c8                a_aps_rx_data
                0x200096f0                apsEndPoints
                0x200096f6                apsState
                0x200096f8                indirect_data
                0x20009720                a_aps_service
                0x2000972c                a_aps_tx_data
                0x20009750                aps_pib
                0x200097c0                . = ALIGN (0x4)
                0x200097c0                __bss_end__ = .
                0x200097c0                _ebss = __bss_end__

.heap           0x200097c0        0x0
                0x200097c0                __end__ = .
                0x200097c0                _end = __end__
                0x200097c0                end = __end__
 *(.heap*)
                0x200097c0                __HeapLimit = .

.co_stack       0x200097c0        0x0
                0x200097c0                . = ALIGN (0x8)
 *(.co_stack .co_stack.*)
                0x20020000                __StackTop = (ORIGIN (ram) + LENGTH (ram))
                0x20020000                __StackLimit = (__StackTop - SIZEOF (.co_stack))
                0x20020000                PROVIDE (__stack, __StackTop)
                0x00000001                ASSERT ((__StackLimit >= __HeapLimit), region ram  overflowed with stack)
LOAD ..\obj\stm32f2x7_eth.o
LOAD ..\obj\mem.o
LOAD ..\obj\stm32f2xx_dma.o
LOAD ..\obj\spi.o
LOAD ..\obj\delay.o
LOAD ..\obj\stm32f2xx_sdio.o
LOAD ..\obj\tcp.o
LOAD ..\obj\stm32f2xx_usart.o
LOAD ..\obj\stm32f2xx_hash.o
LOAD ..\obj\err.o
LOAD ..\obj\startup_stm32f207xx.o
LOAD ..\obj\udpServer.o
LOAD ..\obj\tcp_in.o
LOAD ..\obj\MCR20Drv.o
LOAD ..\obj\stm32f2xx_spi.o
LOAD ..\obj\slipif.o
LOAD ..\obj\memp.o
LOAD ..\obj\stm32f2xx_i2c.o
LOAD ..\obj\stm32f2xx_rng.o
LOAD ..\obj\stm32f2xx_wwdg.o
LOAD ..\obj\nwk.o
LOAD ..\obj\autoip.o
LOAD ..\obj\stm32f2xx_flash.o
LOAD ..\obj\ip_frag.o
LOAD ..\obj\netbuf.o
LOAD ..\obj\tcpip.o
LOAD ..\obj\stm32f2xx_rtc.o
LOAD ..\obj\stm32f2xx_iwdg.o
LOAD ..\obj\sys.o
LOAD ..\obj\ip_addr.o
LOAD ..\obj\stm32f2xx_tim.o
LOAD ..\obj\inet_chksum.o
LOAD ..\obj\main.o
LOAD ..\obj\board.o
LOAD ..\obj\neighbor.o
LOAD ..\obj\netconf.o
LOAD ..\obj\zep.o
LOAD ..\obj\MCR20A_port.o
LOAD ..\obj\netdb.o
LOAD ..\obj\iap.o
LOAD ..\obj\stack_entry.o
LOAD ..\obj\stm32f2xx_it.o
LOAD ..\obj\stm32f2x7_eth_bsp.o
LOAD ..\obj\init.o
LOAD ..\obj\stm32f2xx_dbgmcu.o
LOAD ..\obj\stm32f2xx_dcmi.o
LOAD ..\obj\stm32f2xx_hash_sha1.o
LOAD ..\obj\ethernetif.o
LOAD ..\obj\stm32f2xx_syscfg.o
LOAD ..\obj\etharp.o
LOAD ..\obj\stm32f2xx_pwr.o
LOAD ..\obj\staticbind.o
LOAD ..\obj\xprintf.o
LOAD ..\obj\stm32f2xx_can.o
LOAD ..\obj\phy.o
LOAD ..\obj\stm32f2xx_fsmc.o
LOAD ..\obj\pbuf.o
LOAD ..\obj\stats.o
LOAD ..\obj\inet.o
LOAD ..\obj\netif.o
LOAD ..\obj\stm32f2xx_dac.o
LOAD ..\obj\api_msg.o
LOAD ..\obj\stm32f2xx_gpio.o
LOAD ..\obj\md5.o
LOAD ..\obj\stm32f2xx_crc.o
LOAD ..\obj\system_stm32f2xx.o
LOAD ..\obj\gdb_1kxmodem.o
LOAD ..\obj\stm32f2xx_rcc.o
LOAD ..\obj\sockets.o
LOAD ..\obj\halStack.o
LOAD ..\obj\debug.o
LOAD ..\obj\igmp.o
LOAD ..\obj\halNeighbor.o
LOAD ..\obj\MCR20A_Phy.o
LOAD ..\obj\udp.o
LOAD ..\obj\ip.o
LOAD ..\obj\stm32f2xx_adc.o
LOAD ..\obj\mac.o
LOAD ..\obj\stm32f2xx_exti.o
LOAD ..\obj\aps.o
LOAD ..\obj\icmp.o
LOAD ..\obj\dns.o
LOAD ..\obj\netifapi.o
LOAD ..\obj\misc.o
LOAD ..\obj\api_lib.o
LOAD ..\obj\memalloc.o
LOAD ..\obj\console.o
LOAD ..\obj\dhcp.o
LOAD ..\obj\tcp_out.o
LOAD ..\obj\stm32f2xx_hash_md5.o
LOAD ..\obj\loopif.o
LOAD ..\obj\raw.o
LOAD c:/arm_tools/5.4 2016q3/bin/../lib/gcc/arm-none-eabi/5.4.1/../../../../arm-none-eabi/lib/armv7-m\libm.a
LOAD c:/arm_tools/5.4 2016q3/bin/../lib/gcc/arm-none-eabi/5.4.1/armv7-m\libgcc.a
LOAD c:/arm_tools/5.4 2016q3/bin/../lib/gcc/arm-none-eabi/5.4.1/../../../../arm-none-eabi/lib/armv7-m\libc.a
LOAD c:/arm_tools/5.4 2016q3/bin/../lib/gcc/arm-none-eabi/5.4.1/../../../../arm-none-eabi/lib/armv7-m\libnosys.a
START GROUP
LOAD c:/arm_tools/5.4 2016q3/bin/../lib/gcc/arm-none-eabi/5.4.1/armv7-m\libgcc.a
LOAD c:/arm_tools/5.4 2016q3/bin/../lib/gcc/arm-none-eabi/5.4.1/../../../../arm-none-eabi/lib/armv7-m\libg.a
LOAD c:/arm_tools/5.4 2016q3/bin/../lib/gcc/arm-none-eabi/5.4.1/../../../../arm-none-eabi/lib/armv7-m\libc.a
END GROUP
LOAD c:/arm_tools/5.4 2016q3/bin/../lib/gcc/arm-none-eabi/5.4.1/armv7-m/crtend.o
LOAD c:/arm_tools/5.4 2016q3/bin/../lib/gcc/arm-none-eabi/5.4.1/armv7-m/crtn.o
OUTPUT(app_zg.elf elf32-littlearm)

.ARM.attributes
                0x00000000       0x29
 .ARM.attributes
                0x00000000       0x1d c:/arm_tools/5.4 2016q3/bin/../lib/gcc/arm-none-eabi/5.4.1/armv7-m/crti.o
 .ARM.attributes
                0x0000001d       0x2d c:/arm_tools/5.4 2016q3/bin/../lib/gcc/arm-none-eabi/5.4.1/armv7-m/crtbegin.o
 .ARM.attributes
                0x0000004a       0x33 ..\obj\stm32f2x7_eth.o
 .ARM.attributes
                0x0000007d       0x33 ..\obj\mem.o
 .ARM.attributes
                0x000000b0       0x33 ..\obj\spi.o
 .ARM.attributes
                0x000000e3       0x33 ..\obj\delay.o
 .ARM.attributes
                0x00000116       0x33 ..\obj\tcp.o
 .ARM.attributes
                0x00000149       0x33 ..\obj\stm32f2xx_usart.o
 .ARM.attributes
                0x0000017c       0x21 ..\obj\startup_stm32f207xx.o
 .ARM.attributes
                0x0000019d       0x33 ..\obj\udpServer.o
 .ARM.attributes
                0x000001d0       0x33 ..\obj\tcp_in.o
 .ARM.attributes
                0x00000203       0x33 ..\obj\MCR20Drv.o
 .ARM.attributes
                0x00000236       0x33 ..\obj\stm32f2xx_spi.o
 .ARM.attributes
                0x00000269       0x33 ..\obj\memp.o
 .ARM.attributes
                0x0000029c       0x33 ..\obj\stm32f2xx_rng.o
 .ARM.attributes
                0x000002cf       0x33 ..\obj\nwk.o
 .ARM.attributes
                0x00000302       0x33 ..\obj\stm32f2xx_flash.o
 .ARM.attributes
                0x00000335       0x33 ..\obj\ip_frag.o
 .ARM.attributes
                0x00000368       0x33 ..\obj\ip_addr.o
 .ARM.attributes
                0x0000039b       0x33 ..\obj\stm32f2xx_tim.o
 .ARM.attributes
                0x000003ce       0x33 ..\obj\inet_chksum.o
 .ARM.attributes
                0x00000401       0x33 ..\obj\main.o
 .ARM.attributes
                0x00000434       0x33 ..\obj\board.o
 .ARM.attributes
                0x00000467       0x33 ..\obj\neighbor.o
 .ARM.attributes
                0x0000049a       0x33 ..\obj\netconf.o
 .ARM.attributes
                0x000004cd       0x33 ..\obj\zep.o
 .ARM.attributes
                0x00000500       0x33 ..\obj\MCR20A_port.o
 .ARM.attributes
                0x00000533       0x33 ..\obj\stack_entry.o
 .ARM.attributes
                0x00000566       0x33 ..\obj\stm32f2xx_it.o
 .ARM.attributes
                0x00000599       0x33 ..\obj\stm32f2x7_eth_bsp.o
 .ARM.attributes
                0x000005cc       0x33 ..\obj\ethernetif.o
 .ARM.attributes
                0x000005ff       0x33 ..\obj\stm32f2xx_syscfg.o
 .ARM.attributes
                0x00000632       0x33 ..\obj\etharp.o
 .ARM.attributes
                0x00000665       0x33 ..\obj\staticbind.o
 .ARM.attributes
                0x00000698       0x33 ..\obj\xprintf.o
 .ARM.attributes
                0x000006cb       0x33 ..\obj\phy.o
 .ARM.attributes
                0x000006fe       0x33 ..\obj\pbuf.o
 .ARM.attributes
                0x00000731       0x33 ..\obj\inet.o
 .ARM.attributes
                0x00000764       0x33 ..\obj\netif.o
 .ARM.attributes
                0x00000797       0x33 ..\obj\stm32f2xx_gpio.o
 .ARM.attributes
                0x000007ca       0x33 ..\obj\system_stm32f2xx.o
 .ARM.attributes
                0x000007fd       0x33 ..\obj\stm32f2xx_rcc.o
 .ARM.attributes
                0x00000830       0x33 ..\obj\halStack.o
 .ARM.attributes
                0x00000863       0x33 ..\obj\debug.o
 .ARM.attributes
                0x00000896       0x33 ..\obj\halNeighbor.o
 .ARM.attributes
                0x000008c9       0x33 ..\obj\MCR20A_Phy.o
 .ARM.attributes
                0x000008fc       0x33 ..\obj\udp.o
 .ARM.attributes
                0x0000092f       0x33 ..\obj\ip.o
 .ARM.attributes
                0x00000962       0x33 ..\obj\mac.o
 .ARM.attributes
                0x00000995       0x33 ..\obj\stm32f2xx_exti.o
 .ARM.attributes
                0x000009c8       0x33 ..\obj\aps.o
 .ARM.attributes
                0x000009fb       0x33 ..\obj\icmp.o
 .ARM.attributes
                0x00000a2e       0x33 ..\obj\misc.o
 .ARM.attributes
                0x00000a61       0x33 ..\obj\memalloc.o
 .ARM.attributes
                0x00000a94       0x33 ..\obj\console.o
 .ARM.attributes
                0x00000ac7       0x33 ..\obj\dhcp.o
 .ARM.attributes
                0x00000afa       0x33 ..\obj\tcp_out.o
 .ARM.attributes
                0x00000b2d       0x33 ..\obj\raw.o
 .ARM.attributes
                0x00000b60       0x2d c:/arm_tools/5.4 2016q3/bin/../lib/gcc/arm-none-eabi/5.4.1/../../../../arm-none-eabi/lib/armv7-m\libc.a(lib_a-impure.o)
 .ARM.attributes
                0x00000b8d       0x2d c:/arm_tools/5.4 2016q3/bin/../lib/gcc/arm-none-eabi/5.4.1/../../../../arm-none-eabi/lib/armv7-m\libc.a(lib_a-init.o)
 .ARM.attributes
                0x00000bba       0x1b c:/arm_tools/5.4 2016q3/bin/../lib/gcc/arm-none-eabi/5.4.1/../../../../arm-none-eabi/lib/armv7-m\libc.a(lib_a-memcpy.o)
 .ARM.attributes
                0x00000bd5       0x2d c:/arm_tools/5.4 2016q3/bin/../lib/gcc/arm-none-eabi/5.4.1/../../../../arm-none-eabi/lib/armv7-m\libc.a(lib_a-memset.o)
 .ARM.attributes
                0x00000c02       0x1b c:/arm_tools/5.4 2016q3/bin/../lib/gcc/arm-none-eabi/5.4.1/../../../../arm-none-eabi/lib/armv7-m\libc.a(lib_a-strcmp.o)
 .ARM.attributes
                0x00000c1d       0x2d c:/arm_tools/5.4 2016q3/bin/../lib/gcc/arm-none-eabi/5.4.1/../../../../arm-none-eabi/lib/armv7-m\libc.a(lib_a-__call_atexit.o)
 .ARM.attributes
                0x00000c4a       0x2d c:/arm_tools/5.4 2016q3/bin/../lib/gcc/arm-none-eabi/5.4.1/../../../../arm-none-eabi/lib/armv7-m\libc.a(lib_a-atexit.o)
 .ARM.attributes
                0x00000c77       0x2d c:/arm_tools/5.4 2016q3/bin/../lib/gcc/arm-none-eabi/5.4.1/../../../../arm-none-eabi/lib/armv7-m\libc.a(lib_a-fini.o)
 .ARM.attributes
                0x00000ca4       0x2d c:/arm_tools/5.4 2016q3/bin/../lib/gcc/arm-none-eabi/5.4.1/../../../../arm-none-eabi/lib/armv7-m\libc.a(lib_a-__atexit.o)
 .ARM.attributes
                0x00000cd1       0x2d c:/arm_tools/5.4 2016q3/bin/../lib/gcc/arm-none-eabi/5.4.1/armv7-m/crtend.o
 .ARM.attributes
                0x00000cfe       0x1d c:/arm_tools/5.4 2016q3/bin/../lib/gcc/arm-none-eabi/5.4.1/armv7-m/crtn.o

.comment        0x00000000       0x6e
 .comment       0x00000000       0x6e ..\obj\stm32f2x7_eth.o
                                 0x6f (size before relaxing)
 .comment       0x0000006e       0x6f ..\obj\mem.o
 .comment       0x0000006e       0x6f ..\obj\spi.o
 .comment       0x0000006e       0x6f ..\obj\delay.o
 .comment       0x0000006e       0x6f ..\obj\tcp.o
 .comment       0x0000006e       0x6f ..\obj\stm32f2xx_usart.o
 .comment       0x0000006e       0x6f ..\obj\udpServer.o
 .comment       0x0000006e       0x6f ..\obj\tcp_in.o
 .comment       0x0000006e       0x6f ..\obj\MCR20Drv.o
 .comment       0x0000006e       0x6f ..\obj\stm32f2xx_spi.o
 .comment       0x0000006e       0x6f ..\obj\memp.o
 .comment       0x0000006e       0x6f ..\obj\stm32f2xx_rng.o
 .comment       0x0000006e       0x6f ..\obj\nwk.o
 .comment       0x0000006e       0x6f ..\obj\stm32f2xx_flash.o
 .comment       0x0000006e       0x6f ..\obj\ip_frag.o
 .comment       0x0000006e       0x6f ..\obj\ip_addr.o
 .comment       0x0000006e       0x6f ..\obj\stm32f2xx_tim.o
 .comment       0x0000006e       0x6f ..\obj\inet_chksum.o
 .comment       0x0000006e       0x6f ..\obj\main.o
 .comment       0x0000006e       0x6f ..\obj\board.o
 .comment       0x0000006e       0x6f ..\obj\neighbor.o
 .comment       0x0000006e       0x6f ..\obj\netconf.o
 .comment       0x0000006e       0x6f ..\obj\zep.o
 .comment       0x0000006e       0x6f ..\obj\MCR20A_port.o
 .comment       0x0000006e       0x6f ..\obj\stack_entry.o
 .comment       0x0000006e       0x6f ..\obj\stm32f2xx_it.o
 .comment       0x0000006e       0x6f ..\obj\stm32f2x7_eth_bsp.o
 .comment       0x0000006e       0x6f ..\obj\ethernetif.o
 .comment       0x0000006e       0x6f ..\obj\stm32f2xx_syscfg.o
 .comment       0x0000006e       0x6f ..\obj\etharp.o
 .comment       0x0000006e       0x6f ..\obj\staticbind.o
 .comment       0x0000006e       0x6f ..\obj\xprintf.o
 .comment       0x0000006e       0x6f ..\obj\phy.o
 .comment       0x0000006e       0x6f ..\obj\pbuf.o
 .comment       0x0000006e       0x6f ..\obj\inet.o
 .comment       0x0000006e       0x6f ..\obj\netif.o
 .comment       0x0000006e       0x6f ..\obj\stm32f2xx_gpio.o
 .comment       0x0000006e       0x6f ..\obj\system_stm32f2xx.o
 .comment       0x0000006e       0x6f ..\obj\stm32f2xx_rcc.o
 .comment       0x0000006e       0x6f ..\obj\halStack.o
 .comment       0x0000006e       0x6f ..\obj\debug.o
 .comment       0x0000006e       0x6f ..\obj\halNeighbor.o
 .comment       0x0000006e       0x6f ..\obj\MCR20A_Phy.o
 .comment       0x0000006e       0x6f ..\obj\udp.o
 .comment       0x0000006e       0x6f ..\obj\ip.o
 .comment       0x0000006e       0x6f ..\obj\mac.o
 .comment       0x0000006e       0x6f ..\obj\stm32f2xx_exti.o
 .comment       0x0000006e       0x6f ..\obj\aps.o
 .comment       0x0000006e       0x6f ..\obj\icmp.o
 .comment       0x0000006e       0x6f ..\obj\misc.o
 .comment       0x0000006e       0x6f ..\obj\memalloc.o
 .comment       0x0000006e       0x6f ..\obj\console.o
 .comment       0x0000006e       0x6f ..\obj\dhcp.o
 .comment       0x0000006e       0x6f ..\obj\tcp_out.o
 .comment       0x0000006e       0x6f ..\obj\raw.o

.debug_info     0x00000000    0x29c2d
 .debug_info    0x00000000     0x1b0f ..\obj\stm32f2x7_eth.o
 .debug_info    0x00001b0f      0x3b9 ..\obj\mem.o
 .debug_info    0x00001ec8      0x996 ..\obj\spi.o
 .debug_info    0x0000285e      0x826 ..\obj\delay.o
 .debug_info    0x00003084     0x1714 ..\obj\tcp.o
 .debug_info    0x00004798      0xb2b ..\obj\stm32f2xx_usart.o
 .debug_info    0x000052c3      0x10c ..\obj\startup_stm32f207xx.o
 .debug_info    0x000053cf      0x894 ..\obj\udpServer.o
 .debug_info    0x00005c63     0x144e ..\obj\tcp_in.o
 .debug_info    0x000070b1     0x1167 ..\obj\MCR20Drv.o
 .debug_info    0x00008218      0xb67 ..\obj\stm32f2xx_spi.o
 .debug_info    0x00008d7f      0x269 ..\obj\memp.o
 .debug_info    0x00008fe8      0x2ca ..\obj\stm32f2xx_rng.o
 .debug_info    0x000092b2     0x1222 ..\obj\nwk.o
 .debug_info    0x0000a4d4      0x7e9 ..\obj\stm32f2xx_flash.o
 .debug_info    0x0000acbd      0xe5e ..\obj\ip_frag.o
 .debug_info    0x0000bb1b      0x2f0 ..\obj\ip_addr.o
 .debug_info    0x0000be0b     0x21ba ..\obj\stm32f2xx_tim.o
 .debug_info    0x0000dfc5      0x31a ..\obj\inet_chksum.o
 .debug_info    0x0000e2df      0x3f6 ..\obj\main.o
 .debug_info    0x0000e6d5     0x2869 ..\obj\board.o
 .debug_info    0x00010f3e      0x93d ..\obj\neighbor.o
 .debug_info    0x0001187b      0x9e4 ..\obj\netconf.o
 .debug_info    0x0001225f      0xc9e ..\obj\zep.o
 .debug_info    0x00012efd      0xc15 ..\obj\MCR20A_port.o
 .debug_info    0x00013b12     0x17b8 ..\obj\stack_entry.o
 .debug_info    0x000152ca      0x1a1 ..\obj\stm32f2xx_it.o
 .debug_info    0x0001546b      0xce2 ..\obj\stm32f2x7_eth_bsp.o
 .debug_info    0x0001614d      0xca5 ..\obj\ethernetif.o
 .debug_info    0x00016df2      0x2b6 ..\obj\stm32f2xx_syscfg.o
 .debug_info    0x000170a8     0x1525 ..\obj\etharp.o
 .debug_info    0x000185cd      0x31d ..\obj\staticbind.o
 .debug_info    0x000188ea      0xc67 ..\obj\xprintf.o
 .debug_info    0x00019551      0x572 ..\obj\phy.o
 .debug_info    0x00019ac3      0x855 ..\obj\pbuf.o
 .debug_info    0x0001a318      0x341 ..\obj\inet.o
 .debug_info    0x0001a659      0xf1a ..\obj\netif.o
 .debug_info    0x0001b573      0x7de ..\obj\stm32f2xx_gpio.o
 .debug_info    0x0001bd51      0x5bb ..\obj\system_stm32f2xx.o
 .debug_info    0x0001c30c      0xca2 ..\obj\stm32f2xx_rcc.o
 .debug_info    0x0001cfae     0x1603 ..\obj\halStack.o
 .debug_info    0x0001e5b1       0xbc ..\obj\debug.o
 .debug_info    0x0001e66d      0x117 ..\obj\halNeighbor.o
 .debug_info    0x0001e784     0x1c81 ..\obj\MCR20A_Phy.o
 .debug_info    0x00020405      0xe93 ..\obj\udp.o
 .debug_info    0x00021298      0xc80 ..\obj\ip.o
 .debug_info    0x00021f18     0x143c ..\obj\mac.o
 .debug_info    0x00023354      0x35a ..\obj\stm32f2xx_exti.o
 .debug_info    0x000236ae     0x1371 ..\obj\aps.o
 .debug_info    0x00024a1f      0x8b3 ..\obj\icmp.o
 .debug_info    0x000252d2      0x55c ..\obj\misc.o
 .debug_info    0x0002582e      0x333 ..\obj\memalloc.o
 .debug_info    0x00025b61      0x25e ..\obj\console.o
 .debug_info    0x00025dbf     0x21c4 ..\obj\dhcp.o
 .debug_info    0x00027f83     0x1477 ..\obj\tcp_out.o
 .debug_info    0x000293fa      0x833 ..\obj\raw.o

.debug_abbrev   0x00000000     0x7666
 .debug_abbrev  0x00000000      0x2a2 ..\obj\stm32f2x7_eth.o
 .debug_abbrev  0x000002a2      0x18d ..\obj\mem.o
 .debug_abbrev  0x0000042f      0x203 ..\obj\spi.o
 .debug_abbrev  0x00000632      0x287 ..\obj\delay.o
 .debug_abbrev  0x000008b9      0x36c ..\obj\tcp.o
 .debug_abbrev  0x00000c25      0x1b9 ..\obj\stm32f2xx_usart.o
 .debug_abbrev  0x00000dde       0x12 ..\obj\startup_stm32f207xx.o
 .debug_abbrev  0x00000df0      0x222 ..\obj\udpServer.o
 .debug_abbrev  0x00001012      0x2d1 ..\obj\tcp_in.o
 .debug_abbrev  0x000012e3      0x1ff ..\obj\MCR20Drv.o
 .debug_abbrev  0x000014e2      0x1cb ..\obj\stm32f2xx_spi.o
 .debug_abbrev  0x000016ad      0x120 ..\obj\memp.o
 .debug_abbrev  0x000017cd      0x172 ..\obj\stm32f2xx_rng.o
 .debug_abbrev  0x0000193f      0x36a ..\obj\nwk.o
 .debug_abbrev  0x00001ca9      0x1b4 ..\obj\stm32f2xx_flash.o
 .debug_abbrev  0x00001e5d      0x2ea ..\obj\ip_frag.o
 .debug_abbrev  0x00002147       0xf3 ..\obj\ip_addr.o
 .debug_abbrev  0x0000223a      0x26e ..\obj\stm32f2xx_tim.o
 .debug_abbrev  0x000024a8      0x171 ..\obj\inet_chksum.o
 .debug_abbrev  0x00002619      0x142 ..\obj\main.o
 .debug_abbrev  0x0000275b      0x409 ..\obj\board.o
 .debug_abbrev  0x00002b64      0x25b ..\obj\neighbor.o
 .debug_abbrev  0x00002dbf      0x1b0 ..\obj\netconf.o
 .debug_abbrev  0x00002f6f      0x2b4 ..\obj\zep.o
 .debug_abbrev  0x00003223      0x204 ..\obj\MCR20A_port.o
 .debug_abbrev  0x00003427      0x389 ..\obj\stack_entry.o
 .debug_abbrev  0x000037b0       0xc4 ..\obj\stm32f2xx_it.o
 .debug_abbrev  0x00003874      0x227 ..\obj\stm32f2x7_eth_bsp.o
 .debug_abbrev  0x00003a9b      0x2f3 ..\obj\ethernetif.o
 .debug_abbrev  0x00003d8e      0x15f ..\obj\stm32f2xx_syscfg.o
 .debug_abbrev  0x00003eed      0x2ef ..\obj\etharp.o
 .debug_abbrev  0x000041dc      0x142 ..\obj\staticbind.o
 .debug_abbrev  0x0000431e      0x31a ..\obj\xprintf.o
 .debug_abbrev  0x00004638      0x187 ..\obj\phy.o
 .debug_abbrev  0x000047bf      0x1d8 ..\obj\pbuf.o
 .debug_abbrev  0x00004997      0x186 ..\obj\inet.o
 .debug_abbrev  0x00004b1d      0x2f9 ..\obj\netif.o
 .debug_abbrev  0x00004e16      0x1e0 ..\obj\stm32f2xx_gpio.o
 .debug_abbrev  0x00004ff6      0x161 ..\obj\system_stm32f2xx.o
 .debug_abbrev  0x00005157      0x20b ..\obj\stm32f2xx_rcc.o
 .debug_abbrev  0x00005362      0x45d ..\obj\halStack.o
 .debug_abbrev  0x000057bf       0x5c ..\obj\debug.o
 .debug_abbrev  0x0000581b       0x8c ..\obj\halNeighbor.o
 .debug_abbrev  0x000058a7      0x2a4 ..\obj\MCR20A_Phy.o
 .debug_abbrev  0x00005b4b      0x24a ..\obj\udp.o
 .debug_abbrev  0x00005d95      0x21e ..\obj\ip.o
 .debug_abbrev  0x00005fb3      0x3ca ..\obj\mac.o
 .debug_abbrev  0x0000637d      0x1c7 ..\obj\stm32f2xx_exti.o
 .debug_abbrev  0x00006544      0x34f ..\obj\aps.o
 .debug_abbrev  0x00006893      0x1f3 ..\obj\icmp.o
 .debug_abbrev  0x00006a86      0x156 ..\obj\misc.o
 .debug_abbrev  0x00006bdc      0x129 ..\obj\memalloc.o
 .debug_abbrev  0x00006d05       0xdf ..\obj\console.o
 .debug_abbrev  0x00006de4      0x35e ..\obj\dhcp.o
 .debug_abbrev  0x00007142      0x30e ..\obj\tcp_out.o
 .debug_abbrev  0x00007450      0x216 ..\obj\raw.o

.debug_loc      0x00000000    0x131e9
 .debug_loc     0x00000000      0xe96 ..\obj\stm32f2x7_eth.o
 .debug_loc     0x00000e96      0x3d0 ..\obj\mem.o
 .debug_loc     0x00001266      0x1b8 ..\obj\spi.o
 .debug_loc     0x0000141e       0xf9 ..\obj\delay.o
 .debug_loc     0x00001517      0xd30 ..\obj\tcp.o
 .debug_loc     0x00002247      0x7d4 ..\obj\stm32f2xx_usart.o
 .debug_loc     0x00002a1b      0x1f1 ..\obj\udpServer.o
 .debug_loc     0x00002c0c      0x62f ..\obj\tcp_in.o
 .debug_loc     0x0000323b      0x711 ..\obj\MCR20Drv.o
 .debug_loc     0x0000394c      0x655 ..\obj\stm32f2xx_spi.o
 .debug_loc     0x00003fa1      0x130 ..\obj\memp.o
 .debug_loc     0x000040d1      0x102 ..\obj\stm32f2xx_rng.o
 .debug_loc     0x000041d3      0x427 ..\obj\nwk.o
 .debug_loc     0x000045fa      0x59a ..\obj\stm32f2xx_flash.o
 .debug_loc     0x00004b94      0xb2e ..\obj\ip_frag.o
 .debug_loc     0x000056c2       0x74 ..\obj\ip_addr.o
 .debug_loc     0x00005736     0x1c12 ..\obj\stm32f2xx_tim.o
 .debug_loc     0x00007348      0x4ec ..\obj\inet_chksum.o
 .debug_loc     0x00007834      0xb34 ..\obj\board.o
 .debug_loc     0x00008368      0x742 ..\obj\neighbor.o
 .debug_loc     0x00008aaa       0xd8 ..\obj\netconf.o
 .debug_loc     0x00008b82      0x2d1 ..\obj\zep.o
 .debug_loc     0x00008e53      0x18e ..\obj\MCR20A_port.o
 .debug_loc     0x00008fe1      0x272 ..\obj\stack_entry.o
 .debug_loc     0x00009253      0x2a3 ..\obj\ethernetif.o
 .debug_loc     0x000094f6       0xa6 ..\obj\stm32f2xx_syscfg.o
 .debug_loc     0x0000959c      0xeb6 ..\obj\etharp.o
 .debug_loc     0x0000a452      0x14a ..\obj\staticbind.o
 .debug_loc     0x0000a59c      0xdd1 ..\obj\xprintf.o
 .debug_loc     0x0000b36d      0xde6 ..\obj\pbuf.o
 .debug_loc     0x0000c153      0x3ee ..\obj\inet.o
 .debug_loc     0x0000c541      0x397 ..\obj\netif.o
 .debug_loc     0x0000c8d8      0x2d2 ..\obj\stm32f2xx_gpio.o
 .debug_loc     0x0000cbaa      0x11b ..\obj\system_stm32f2xx.o
 .debug_loc     0x0000ccc5      0xa7c ..\obj\stm32f2xx_rcc.o
 .debug_loc     0x0000d741      0x8c0 ..\obj\halStack.o
 .debug_loc     0x0000e001     0x13d8 ..\obj\MCR20A_Phy.o
 .debug_loc     0x0000f3d9      0x765 ..\obj\udp.o
 .debug_loc     0x0000fb3e      0x414 ..\obj\ip.o
 .debug_loc     0x0000ff52      0x6fc ..\obj\mac.o
 .debug_loc     0x0001064e      0x1bc ..\obj\stm32f2xx_exti.o
 .debug_loc     0x0001080a      0x4e5 ..\obj\aps.o
 .debug_loc     0x00010cef      0x287 ..\obj\icmp.o
 .debug_loc     0x00010f76      0x18e ..\obj\misc.o
 .debug_loc     0x00011104      0x28a ..\obj\memalloc.o
 .debug_loc     0x0001138e      0xef2 ..\obj\dhcp.o
 .debug_loc     0x00012280      0xae8 ..\obj\tcp_out.o
 .debug_loc     0x00012d68      0x481 ..\obj\raw.o

.debug_aranges  0x00000000     0x1fb8
 .debug_aranges
                0x00000000      0x2b8 ..\obj\stm32f2x7_eth.o
 .debug_aranges
                0x000002b8       0x40 ..\obj\mem.o
 .debug_aranges
                0x000002f8       0x60 ..\obj\spi.o
 .debug_aranges
                0x00000358       0x60 ..\obj\delay.o
 .debug_aranges
                0x000003b8      0x100 ..\obj\tcp.o
 .debug_aranges
                0x000004b8      0x100 ..\obj\stm32f2xx_usart.o
 .debug_aranges
                0x000005b8       0x28 ..\obj\startup_stm32f207xx.o
 .debug_aranges
                0x000005e0       0x58 ..\obj\udpServer.o
 .debug_aranges
                0x00000638       0x30 ..\obj\tcp_in.o
 .debug_aranges
                0x00000668      0x130 ..\obj\MCR20Drv.o
 .debug_aranges
                0x00000798       0xd8 ..\obj\stm32f2xx_spi.o
 .debug_aranges
                0x00000870       0x30 ..\obj\memp.o
 .debug_aranges
                0x000008a0       0x58 ..\obj\stm32f2xx_rng.o
 .debug_aranges
                0x000008f8       0x58 ..\obj\nwk.o
 .debug_aranges
                0x00000950      0x108 ..\obj\stm32f2xx_flash.o
 .debug_aranges
                0x00000a58       0x40 ..\obj\ip_frag.o
 .debug_aranges
                0x00000a98       0x20 ..\obj\ip_addr.o
 .debug_aranges
                0x00000ab8      0x2e8 ..\obj\stm32f2xx_tim.o
 .debug_aranges
                0x00000da0       0x38 ..\obj\inet_chksum.o
 .debug_aranges
                0x00000dd8       0x30 ..\obj\main.o
 .debug_aranges
                0x00000e08      0x170 ..\obj\board.o
 .debug_aranges
                0x00000f78       0x88 ..\obj\neighbor.o
 .debug_aranges
                0x00001000       0x38 ..\obj\netconf.o
 .debug_aranges
                0x00001038       0x58 ..\obj\zep.o
 .debug_aranges
                0x00001090       0x78 ..\obj\MCR20A_port.o
 .debug_aranges
                0x00001108       0x80 ..\obj\stack_entry.o
 .debug_aranges
                0x00001188       0x58 ..\obj\stm32f2xx_it.o
 .debug_aranges
                0x000011e0       0x28 ..\obj\stm32f2x7_eth_bsp.o
 .debug_aranges
                0x00001208       0x30 ..\obj\ethernetif.o
 .debug_aranges
                0x00001238       0x48 ..\obj\stm32f2xx_syscfg.o
 .debug_aranges
                0x00001280       0x78 ..\obj\etharp.o
 .debug_aranges